Time,VehicleID,X,Y,Z,State
0.0,V1,3728.7,379.8,264.6,DESCENT
0.0,V3,945.1,2926.0,106.8,CLIMB
0.0,V4,3184.3,84.0,186.6,DESCENT
1.0,V1,3728.7,379.8,261.6,DESCENT
1.0,V3,945.1,2926.0,111.8,CLIMB
1.0,V4,3184.3,84.0,183.6,DESCENT
2.0,V1,3728.7,379.8,258.6,DESCENT
2.0,V3,945.1,2926.0,116.8,CLIMB
2.0,V4,3184.3,84.0,180.6,DESCENT
3.0,V1,3728.7,379.8,255.6,DESCENT
3.0,V3,945.1,2926.0,121.8,CLIMB
3.0,V4,3184.3,84.0,177.6,DESCENT
4.0,V1,3728.7,379.8,252.6,DESCENT
4.0,V3,945.1,2926.0,126.8,CLIMB
4.0,V4,3184.3,84.0,174.6,DESCENT
5.0,V1,3728.7,379.8,249.6,DESCENT
5.0,V3,945.1,2926.0,131.8,CLIMB
5.0,V4,3184.3,84.0,171.6,DESCENT
6.0,V1,3728.7,379.8,246.6,DESCENT
6.0,V3,945.1,2926.0,136.8,CLIMB
6.0,V4,3184.3,84.0,168.6,DESCENT
7.0,V1,3728.7,379.8,243.6,DESCENT
7.0,V3,945.1,2926.0,141.8,CLIMB
7.0,V4,3184.3,84.0,165.6,DESCENT
8.0,V1,3728.7,379.8,240.6,DESCENT
8.0,V3,945.1,2926.0,146.8,CLIMB
8.0,V4,3184.3,84.0,162.6,DESCENT
9.0,V1,3728.7,379.8,237.6,DESCENT
9.0,V3,945.1,2926.0,151.8,CLIMB
9.0,V4,3184.3,84.0,159.6,DESCENT
10.0,V1,3728.7,379.8,234.6,DESCENT
10.0,V2,3728.7,379.8,264.6,DESCENT
10.0,V3,945.1,2926.0,156.8,CLIMB
10.0,V4,3184.3,84.0,156.6,DESCENT
11.0,V1,3728.7,379.8,231.6,DESCENT
11.0,V2,3728.7,379.8,261.6,DESCENT
11.0,V3,945.1,2926.0,161.8,CLIMB
11.0,V4,3184.3,84.0,153.6,DESCENT
12.0,V1,3728.7,379.8,228.6,DESCENT
12.0,V2,3728.7,379.8,258.6,DESCENT
12.0,V3,945.1,2926.0,166.8,CLIMB
12.0,V4,3186.3,85.5,150.6,CRUISE
13.0,V1,3728.7,379.8,225.6,DESCENT
13.0,V2,3728.7,379.8,255.6,DESCENT
13.0,V3,945.1,2926.0,171.8,CLIMB
13.0,V4,3190.3,88.5,147.7,CRUISE
14.0,V1,3728.7,379.8,222.6,DESCENT
14.0,V2,3728.7,379.8,252.6,DESCENT
14.0,V3,945.1,2926.0,176.8,CLIMB
14.0,V4,3196.2,93.1,145.1,CRUISE
15.0,V1,3728.7,379.8,219.6,DESCENT
15.0,V2,3728.7,379.8,249.6,DESCENT
15.0,V3,945.1,2926.0,181.8,CLIMB
15.0,V4,3204.1,99.1,143.0,CRUISE
16.0,V1,3728.7,379.8,216.6,DESCENT
16.0,V2,3728.7,379.8,246.6,DESCENT
16.0,V3,945.1,2926.0,186.8,CLIMB
16.0,V4,3214.0,106.6,141.3,CRUISE
17.0,V1,3728.7,379.8,213.6,DESCENT
17.0,V2,3728.7,379.8,243.6,DESCENT
17.0,V3,945.1,2926.0,191.8,CLIMB
17.0,V4,3225.8,115.6,140.0,CRUISE
18.0,V1,3728.7,379.8,210.6,DESCENT
18.0,V2,3728.7,379.8,240.6,DESCENT
18.0,V3,945.1,2926.0,196.8,CLIMB
18.0,V4,3239.6,126.1,139.1,CRUISE
19.0,V1,3728.7,379.8,207.6,DESCENT
19.0,V2,3728.7,379.8,237.6,DESCENT
19.0,V3,946.1,2923.7,201.7,CRUISE
19.0,V4,3255.3,138.1,138.7,CRUISE
20.0,V1,3728.7,379.8,204.6,DESCENT
20.0,V2,3728.7,379.8,234.6,DESCENT
20.0,V3,948.3,2919.2,206.2,CRUISE
20.0,V4,3273.0,151.6,138.8,CRUISE
21.0,V1,3728.7,379.8,201.6,DESCENT
21.0,V2,3728.7,379.8,231.6,DESCENT
21.0,V3,951.5,2912.5,210.4,CRUISE
21.0,V4,3292.5,166.5,139.7,CRUISE
22.0,V1,3728.7,379.8,198.6,DESCENT
22.0,V2,3728.7,379.8,228.6,DESCENT
22.0,V3,955.7,2903.5,214.1,CRUISE
22.0,V4,3310.2,180.0,141.4,CRUISE
23.0,V1,3728.7,379.8,195.6,DESCENT
23.0,V2,3728.7,379.8,225.6,DESCENT
23.0,V3,961.0,2892.3,217.5,CRUISE
23.0,V4,3325.8,191.9,143.3,CRUISE
24.0,V1,3728.7,379.8,192.6,DESCENT
24.0,V2,3728.7,379.8,222.6,DESCENT
24.0,V3,967.3,2878.9,220.4,CRUISE
24.0,V4,3339.5,202.3,145.3,CRUISE
25.0,V1,3728.7,379.8,189.6,DESCENT
25.0,V2,3728.7,379.8,219.6,DESCENT
25.0,V3,974.7,2863.3,222.9,CRUISE
25.0,V4,3351.1,211.2,147.4,CRUISE
26.0,V1,3728.7,379.8,186.6,DESCENT
26.0,V2,3728.7,379.8,216.6,DESCENT
26.0,V3,983.2,2845.4,224.9,CRUISE
26.0,V4,3360.8,218.6,149.6,CRUISE
27.0,V1,3728.7,379.8,183.6,DESCENT
27.0,V2,3728.7,379.8,213.6,DESCENT
27.0,V3,992.7,2825.3,226.6,CRUISE
27.0,V4,3368.5,224.5,151.7,CRUISE
28.0,V1,3728.7,379.8,180.6,DESCENT
28.0,V2,3728.7,379.8,210.6,DESCENT
28.0,V3,1003.2,2803.0,227.9,CRUISE
28.0,V4,3374.2,228.9,153.6,CRUISE
29.0,V1,3728.7,379.8,177.6,DESCENT
29.0,V2,3728.7,379.8,207.6,DESCENT
29.0,V3,1014.8,2778.4,228.7,CRUISE
29.0,V4,3378.0,231.7,155.3,CRUISE
30.0,V1,3728.7,379.8,174.6,DESCENT
30.0,V2,3728.7,379.8,204.6,DESCENT
30.0,V3,1027.5,2751.7,229.1,CRUISE
30.0,V4,3379.7,233.1,156.8,CRUISE
31.0,V1,3728.7,379.8,171.6,DESCENT
31.0,V2,3728.7,379.8,201.6,DESCENT
31.0,V3,1041.2,2722.6,229.1,CRUISE
31.0,V4,3379.5,232.9,158.1,CRUISE
32.0,V1,3728.7,379.8,168.6,DESCENT
32.0,V2,3728.7,379.8,198.6,DESCENT
32.0,V3,1056.0,2691.4,228.7,CRUISE
32.0,V4,3377.3,231.2,159.1,CRUISE
33.0,V1,3728.7,379.8,165.6,DESCENT
33.0,V2,3728.7,379.8,195.6,DESCENT
33.0,V3,1071.8,2657.9,227.9,CRUISE
33.0,V4,3373.1,228.0,160.0,CRUISE
34.0,V1,3728.7,379.8,162.6,DESCENT
34.0,V2,3728.7,379.8,192.6,DESCENT
34.0,V3,1088.7,2622.2,226.7,CRUISE
34.0,V4,3366.9,223.3,160.6,CRUISE
35.0,V1,3728.7,379.8,159.6,DESCENT
35.0,V2,3728.7,379.8,189.6,DESCENT
35.0,V3,1106.7,2584.3,225.0,CRUISE
35.0,V4,3358.8,217.1,161.1,CRUISE
36.0,V1,3728.7,379.8,156.6,DESCENT
36.0,V2,3728.7,379.8,186.6,DESCENT
36.0,V3,1125.7,2544.2,223.0,CRUISE
36.0,V4,3348.7,209.4,161.3,CRUISE
37.0,V1,3728.7,379.8,153.6,DESCENT
37.0,V2,3728.7,379.8,183.6,DESCENT
37.0,V3,1145.7,2501.8,220.5,CRUISE
37.0,V4,3336.6,200.1,161.3,CRUISE
38.0,V1,3726.8,378.2,150.6,CRUISE
38.0,V2,3728.7,379.8,180.6,DESCENT
38.0,V3,1166.8,2457.2,217.6,CRUISE
38.0,V4,3322.5,189.4,161.0,CRUISE
39.0,V1,3723.1,374.8,147.7,CRUISE
39.0,V2,3728.7,379.8,177.6,DESCENT
39.0,V3,1188.2,2412.0,214.6,CRUISE
39.0,V4,3306.5,177.2,160.1,CRUISE
40.0,V1,3717.5,369.8,145.1,CRUISE
40.0,V2,3728.7,379.8,174.6,DESCENT
40.0,V3,1209.6,2366.8,211.6,CRUISE
40.0,V4,3292.5,166.5,158.9,DESCENT
41.0,V1,3710.1,363.2,143.0,CRUISE
41.0,V2,3728.7,379.8,171.6,DESCENT
41.0,V3,1230.9,2321.6,208.6,CRUISE
41.0,V4,3280.4,157.3,157.5,CRUISE
42.0,V1,3700.9,354.9,141.2,CRUISE
42.0,V2,3728.7,379.8,168.6,DESCENT
42.0,V3,1252.3,2276.4,205.6,CRUISE
42.0,V4,3270.4,149.6,156.1,CRUISE
43.0,V1,3689.9,345.0,140.0,CRUISE
43.0,V2,3728.7,379.8,165.6,DESCENT
43.0,V3,1273.7,2231.2,202.6,CRUISE
43.0,V4,3262.3,143.5,154.6,CRUISE
44.0,V1,3677.0,333.4,139.1,CRUISE
44.0,V2,3728.7,379.8,162.6,DESCENT
44.0,V3,1295.1,2186.0,200.0,CRUISE
44.0,V4,3256.2,138.8,153.0,CRUISE
45.0,V1,3662.3,320.2,138.7,CRUISE
45.0,V2,3728.7,379.8,159.6,DESCENT
45.0,V3,1316.5,2140.8,199.9,CRUISE
45.0,V4,3252.1,135.7,151.3,CRUISE
46.0,V1,3645.7,305.3,138.8,CRUISE
46.0,V2,3728.7,379.8,156.6,DESCENT
46.0,V3,1337.8,2095.6,200.0,CRUISE
46.0,V4,3250.0,134.1,149.7,CRUISE
47.0,V1,3627.3,288.8,139.3,CRUISE
47.0,V2,3728.7,379.8,153.6,DESCENT
47.0,V3,1359.2,2050.4,200.0,CRUISE
47.0,V4,3249.9,134.0,148.2,CRUISE
48.0,V1,3607.1,270.6,140.2,CRUISE
48.0,V2,3726.8,378.2,150.6,CRUISE
48.0,V3,1380.6,2005.2,200.0,CRUISE
48.0,V4,3251.8,135.4,146.8,CRUISE
49.0,V1,3585.1,250.8,141.6,CRUISE
49.0,V2,3723.1,374.8,147.7,CRUISE
49.0,V3,1402.0,1960.0,200.0,CRUISE
49.0,V4,3255.6,138.4,145.6,CRUISE
50.0,V1,3561.2,229.4,143.4,CRUISE
50.0,V2,3717.5,369.8,145.1,CRUISE
50.0,V3,1423.4,1914.8,200.0,CRUISE
50.0,V4,3261.4,142.8,144.8,CRUISE
51.0,V1,3535.5,206.3,145.6,CRUISE
51.0,V2,3710.1,363.2,143.0,CRUISE
51.0,V3,1444.7,1869.6,200.0,CRUISE
51.0,V4,3269.2,148.8,144.3,CRUISE
52.0,V1,3508.0,181.5,148.2,CRUISE
52.0,V2,3700.9,354.9,141.2,CRUISE
52.0,V3,1466.1,1824.4,200.0,CRUISE
52.0,V4,3279.0,156.2,144.3,CRUISE
53.0,V1,3478.6,155.1,150.6,CRUISE
53.0,V2,3689.9,345.0,140.0,CRUISE
53.0,V3,1487.5,1779.2,200.0,CRUISE
53.0,V4,3290.6,165.1,145.1,CRUISE
54.0,V1,3447.4,127.1,152.4,CRUISE
54.0,V2,3677.0,333.4,139.1,CRUISE
54.0,V3,1508.9,1734.0,200.0,CRUISE
54.0,V4,3301.4,173.3,148.1,CRUISE
55.0,V1,3414.5,97.6,153.0,CRUISE
55.0,V2,3662.3,320.2,138.7,CRUISE
55.0,V3,1530.2,1688.8,200.0,CRUISE
55.0,V4,3314.0,183.1,151.0,CRUISE
56.0,V1,3380.1,66.6,152.3,CRUISE
56.0,V2,3645.7,305.3,138.8,CRUISE
56.0,V3,1551.6,1643.6,200.0,CRUISE
56.0,V4,3328.5,194.7,153.7,CRUISE
57.0,V1,3344.0,34.2,150.6,CRUISE
57.0,V2,3627.3,288.8,139.3,CRUISE
57.0,V3,1573.0,1598.4,200.0,CRUISE
57.0,V4,3344.8,207.8,155.9,CRUISE
58.0,V1,3306.8,0.7,150.0,CRUISE
58.0,V2,3607.1,270.6,140.2,CRUISE
58.0,V3,1594.4,1553.2,200.0,CRUISE
58.0,V4,3363.0,222.6,157.6,CRUISE
59.0,V1,3271.4,-31.0,149.4,CRUISE
59.0,V2,3585.1,250.8,141.6,CRUISE
59.0,V3,1615.8,1508.0,200.0,CRUISE
59.0,V4,3383.0,239.1,159.0,CRUISE
60.0,V1,3238.0,-61.1,148.9,CRUISE
60.0,V2,3561.2,229.4,143.4,CRUISE
60.0,V3,1637.1,1462.8,200.0,CRUISE
60.0,V4,3404.8,257.2,159.9,CRUISE
61.0,V1,3206.3,-89.5,148.4,CRUISE
61.0,V2,3535.5,206.3,145.6,CRUISE
61.0,V3,1658.5,1417.6,200.0,CRUISE
61.0,V4,3428.4,276.9,160.3,CRUISE
62.0,V1,3176.6,-116.2,148.0,CRUISE
62.0,V2,3508.0,181.5,148.2,CRUISE
62.0,V3,1679.9,1372.4,200.0,CRUISE
62.0,V4,3453.8,298.4,160.3,CRUISE
63.0,V1,3148.7,-141.3,147.6,CRUISE
63.0,V2,3478.6,155.1,150.6,CRUISE
63.0,V3,1701.3,1327.2,200.0,CRUISE
63.0,V4,3481.0,321.5,159.9,CRUISE
64.0,V1,3122.7,-164.7,147.3,CRUISE
64.0,V2,3447.4,127.1,152.4,CRUISE
64.0,V3,1722.6,1282.0,200.0,CRUISE
64.0,V4,3510.0,346.3,159.0,CRUISE
65.0,V1,3098.5,-186.4,147.1,CRUISE
65.0,V2,3414.5,97.6,153.0,CRUISE
65.0,V3,1744.0,1236.8,200.0,CRUISE
65.0,V4,3540.7,372.9,157.7,CRUISE
66.0,V1,3076.2,-206.5,147.0,CRUISE
66.0,V2,3380.1,66.6,152.3,CRUISE
66.0,V3,1765.4,1191.6,200.0,CRUISE
66.0,V4,3573.2,401.2,155.9,CRUISE
67.0,V1,3055.7,-224.8,147.0,CRUISE
67.0,V2,3344.0,34.2,150.6,CRUISE
67.0,V3,1786.8,1146.4,200.0,CRUISE
67.0,V4,3607.3,431.3,153.7,CRUISE
68.0,V1,3037.1,-241.6,147.1,CRUISE
68.0,V2,3306.8,0.7,150.0,CRUISE
68.0,V3,1808.2,1101.2,200.0,CRUISE
68.0,V4,3639.4,460.0,151.3,CRUISE
69.0,V1,3020.3,-256.6,147.3,CRUISE
69.0,V2,3271.4,-31.0,149.4,CRUISE
69.0,V3,1829.5,1056.0,200.0,CRUISE
69.0,V4,3669.7,487.0,149.0,DESCENT
70.0,V1,3005.5,-270.0,147.6,CRUISE
70.0,V2,3238.0,-61.1,148.9,CRUISE
70.0,V3,1850.9,1010.8,200.0,CRUISE
70.0,V4,3698.1,512.3,146.8,CRUISE
71.0,V1,2992.4,-281.7,147.9,CRUISE
71.0,V2,3206.3,-89.5,148.4,CRUISE
71.0,V3,1872.3,965.6,200.0,CRUISE
71.0,V4,3724.6,536.0,144.7,CRUISE
72.0,V1,2981.3,-291.7,148.3,CRUISE
72.0,V2,3176.6,-116.2,148.0,CRUISE
72.0,V3,1893.7,920.4,200.0,CRUISE
72.0,V4,3749.2,558.0,142.9,CRUISE
73.0,V1,2971.9,-300.1,148.8,CRUISE
73.0,V2,3148.7,-141.3,147.6,CRUISE
73.0,V3,1915.1,875.2,200.0,CRUISE
73.0,V4,3772.0,578.4,141.2,CRUISE
74.0,V1,2964.5,-306.8,149.3,CRUISE
74.0,V2,3122.7,-164.7,147.3,CRUISE
74.0,V3,1936.4,830.0,200.0,CRUISE
74.0,V4,3792.9,597.1,139.8,CRUISE
75.0,V1,2958.9,-311.8,149.8,CRUISE
75.0,V2,3098.5,-186.4,147.1,CRUISE
75.0,V3,1957.8,784.8,200.0,CRUISE
75.0,V4,3812.0,614.1,138.5,CRUISE
76.0,V1,2955.2,-315.2,150.2,CRUISE
76.0,V2,3076.2,-206.5,147.0,CRUISE
76.0,V3,1979.2,739.6,200.0,CRUISE
76.0,V4,3829.2,629.5,137.5,CRUISE
77.0,V1,2953.3,-316.8,150.7,CRUISE
77.0,V2,3055.7,-224.8,147.0,CRUISE
77.0,V3,2000.6,694.4,200.0,CRUISE
77.0,V4,3844.5,643.3,136.6,CRUISE
78.0,V1,2953.3,-316.9,151.1,CRUISE
78.0,V2,3037.1,-241.6,147.1,CRUISE
78.0,V3,2021.9,649.2,200.0,CRUISE
78.0,V4,3858.0,655.4,136.0,CRUISE
79.0,V1,2955.1,-315.2,151.4,CRUISE
79.0,V2,3020.3,-256.6,147.3,CRUISE
79.0,V3,2043.3,604.0,200.0,CRUISE
79.0,V4,3869.6,665.8,135.6,CRUISE
80.0,V1,2958.8,-311.9,151.7,CRUISE
80.0,V2,3005.5,-270.0,147.6,CRUISE
80.0,V3,2064.7,558.8,200.0,CRUISE
80.0,V4,3879.4,674.6,135.4,CRUISE
81.0,V1,2964.4,-306.9,151.8,CRUISE
81.0,V2,2992.4,-281.7,147.9,CRUISE
81.0,V3,2085.0,515.8,199.9,DESCENT
81.0,V4,3887.3,681.7,135.3,CRUISE
82.0,V1,2971.8,-300.2,151.8,CRUISE
82.0,V2,2981.3,-291.7,148.3,CRUISE
82.0,V3,2104.3,475.2,199.6,CRUISE
82.0,V4,3893.3,687.1,135.5,CRUISE
83.0,V1,2981.1,-291.9,151.7,CRUISE
83.0,V2,2971.9,-300.1,148.8,CRUISE
83.0,V3,2122.4,436.7,199.3,CRUISE
83.0,V4,3897.5,690.9,135.9,CRUISE
84.0,V1,2992.2,-281.9,151.5,CRUISE
84.0,V2,2964.5,-306.8,149.3,CRUISE
84.0,V3,2139.5,400.6,199.0,CRUISE
84.0,V4,3899.8,693.0,136.5,CRUISE
85.0,V1,3005.2,-270.2,151.2,CRUISE
85.0,V2,2958.9,-311.8,149.8,CRUISE
85.0,V3,2155.6,366.7,198.5,CRUISE
85.0,V4,3900.3,693.5,137.4,CRUISE
86.0,V1,3020.1,-256.8,150.8,CRUISE
86.0,V2,2955.2,-315.2,150.2,CRUISE
86.0,V3,2170.5,335.0,198.0,CRUISE
86.0,V4,3898.9,692.3,138.4,CRUISE
87.0,V1,3036.8,-241.8,150.4,CRUISE
87.0,V2,2953.3,-316.8,150.7,CRUISE
87.0,V3,2184.4,305.6,197.4,CRUISE
87.0,V4,3895.6,689.5,139.6,CRUISE
88.0,V1,3055.4,-225.1,150.0,CRUISE
88.0,V2,2953.3,-316.9,151.1,CRUISE
88.0,V3,2197.3,278.5,196.7,CRUISE
88.0,V4,3890.5,685.0,141.0,CRUISE
89.0,V1,3075.8,-206.8,149.7,CRUISE
89.0,V2,2955.1,-315.2,151.4,CRUISE
89.0,V3,2209.0,253.6,196.0,CRUISE
89.0,V4,3883.5,678.8,142.7,CRUISE
90.0,V1,3098.1,-186.8,149.4,CRUISE
90.0,V2,2958.8,-311.9,151.7,CRUISE
90.0,V3,2219.7,231.0,195.2,CRUISE
90.0,V4,3874.7,671.0,144.5,CRUISE
91.0,V1,3122.2,-165.1,149.2,CRUISE
91.0,V2,2964.4,-306.9,151.8,CRUISE
91.0,V3,2229.4,210.7,194.3,CRUISE
91.0,V4,3864.0,661.5,146.6,CRUISE
92.0,V1,3148.2,-141.7,149.2,CRUISE
92.0,V2,2971.8,-300.2,151.8,CRUISE
92.0,V3,2237.9,192.6,193.3,CRUISE
92.0,V4,3851.5,650.3,148.7,CRUISE
93.0,V1,3176.1,-116.7,149.3,CRUISE
93.0,V2,2981.1,-291.9,151.7,CRUISE
93.0,V3,2245.4,176.7,192.3,CRUISE
93.0,V4,3837.1,637.5,150.8,CRUISE
94.0,V1,3205.8,-90.0,149.5,CRUISE
94.0,V2,2992.2,-281.9,151.5,CRUISE
94.0,V3,2251.8,163.1,191.2,CRUISE
94.0,V4,3820.8,623.0,152.6,CRUISE
95.0,V1,3237.4,-61.6,149.8,CRUISE
95.0,V2,3005.2,-270.2,151.2,CRUISE
95.0,V3,2257.2,151.8,190.0,CRUISE
95.0,V4,3802.7,606.9,154.1,CRUISE
96.0,V1,3270.8,-31.5,150.1,CRUISE
96.0,V2,3020.1,-256.8,150.8,CRUISE
96.0,V3,2261.5,142.8,188.8,CRUISE
96.0,V4,3782.8,589.1,155.1,CRUISE
97.0,V1,3302.4,-3.2,150.2,CRUISE
97.0,V2,3036.8,-241.8,150.4,CRUISE
97.0,V3,2264.7,136.0,187.5,CRUISE
97.0,V4,3761.0,569.7,155.7,CRUISE
98.0,V1,3331.5,25.3,150.3,CRUISE
98.0,V2,3055.4,-225.1,150.0,CRUISE
98.0,V3,2266.8,131.4,186.1,CRUISE
98.0,V4,3737.4,548.6,155.9,CRUISE
99.0,V1,3358.1,53.4,150.3,CRUISE
99.0,V2,3075.8,-206.8,149.7,CRUISE
99.0,V3,2267.9,129.2,184.6,CRUISE
99.0,V4,3712.0,525.9,155.7,CRUISE
100.0,V1,3382.3,80.8,150.4,CRUISE
100.0,V2,3098.1,-186.8,149.4,CRUISE
100.0,V3,2267.9,129.1,183.1,CRUISE
100.0,V4,3684.7,501.6,155.0,CRUISE
101.0,V1,3404.1,107.5,150.4,CRUISE
101.0,V2,3122.2,-165.1,149.2,CRUISE
101.0,V3,2266.9,131.4,181.5,CRUISE
101.0,V4,3655.7,475.6,153.9,CRUISE
102.0,V1,3423.6,133.1,150.5,CRUISE
102.0,V2,3148.2,-141.7,149.2,CRUISE
102.0,V3,2264.7,135.9,179.8,CRUISE
102.0,V4,3628.4,451.1,152.2,CRUISE
103.0,V1,3441.0,157.5,150.5,CRUISE
103.0,V2,3176.1,-116.7,149.3,CRUISE
103.0,V3,2261.5,142.6,178.0,CRUISE
103.0,V4,3603.0,428.4,150.5,DESCENT
104.0,V1,3456.1,180.7,150.5,CRUISE
104.0,V2,3205.8,-90.0,149.5,CRUISE
104.0,V3,2257.3,151.6,176.2,CRUISE
104.0,V4,3579.5,407.3,148.8,CRUISE
105.0,V1,3469.2,202.6,150.5,CRUISE
105.0,V2,3237.4,-61.6,149.8,CRUISE
105.0,V3,2252.0,162.9,174.3,CRUISE
105.0,V4,3557.8,387.9,147.2,CRUISE
106.0,V1,3480.2,223.0,150.4,CRUISE
106.0,V2,3270.8,-31.5,150.1,CRUISE
106.0,V3,2245.6,176.4,172.3,CRUISE
106.0,V4,3538.0,370.2,145.8,CRUISE
107.0,V1,3489.2,241.9,150.4,CRUISE
107.0,V2,3302.4,-3.2,150.2,CRUISE
107.0,V3,2238.1,192.2,170.2,CRUISE
107.0,V4,3520.0,354.1,144.5,CRUISE
108.0,V1,3496.3,259.3,150.3,CRUISE
108.0,V2,3331.5,25.3,150.3,CRUISE
108.0,V3,2229.5,210.3,168.1,CRUISE
108.0,V4,3503.9,339.7,143.4,CRUISE
109.0,V1,3501.4,275.1,150.3,CRUISE
109.0,V2,3358.1,53.4,150.3,CRUISE
109.0,V3,2219.9,230.6,165.9,CRUISE
109.0,V4,3489.7,326.9,142.6,CRUISE
110.0,V1,3504.6,289.3,150.2,CRUISE
110.0,V2,3382.3,80.8,150.4,CRUISE
110.0,V3,2209.3,253.1,163.7,CRUISE
110.0,V4,3477.3,315.8,142.0,CRUISE
111.0,V1,3506.0,301.7,150.1,CRUISE
111.0,V2,3404.1,107.5,150.4,CRUISE
111.0,V3,2197.5,278.0,161.3,CRUISE
111.0,V4,3466.8,306.4,141.5,CRUISE
112.0,V1,3505.5,312.5,150.0,CRUISE
112.0,V2,3423.6,133.1,150.5,CRUISE
112.0,V3,2184.7,305.1,158.9,CRUISE
112.0,V4,3458.1,298.6,141.3,CRUISE
113.0,V1,3503.3,321.5,149.9,CRUISE
113.0,V2,3441.0,157.5,150.5,CRUISE
113.0,V3,2170.8,334.4,156.4,CRUISE
113.0,V4,3451.3,292.5,141.3,CRUISE
114.0,V1,3499.3,328.7,149.9,CRUISE
114.0,V2,3456.1,180.7,150.5,CRUISE
114.0,V3,2155.9,366.0,153.8,CRUISE
114.0,V4,3446.3,288.0,141.5,CRUISE
115.0,V1,3493.7,334.1,149.8,CRUISE
115.0,V2,3469.2,202.6,150.5,CRUISE
115.0,V3,2139.9,399.9,151.2,CRUISE
115.0,V4,3443.2,285.2,142.0,CRUISE
116.0,V1,3486.3,337.6,149.8,CRUISE
116.0,V2,3480.2,223.0,150.4,CRUISE
116.0,V3,2122.8,436.0,148.5,CRUISE
116.0,V4,3442.0,284.1,142.6,CRUISE
117.0,V1,3477.3,339.3,149.7,CRUISE
117.0,V2,3489.2,241.9,150.4,CRUISE
117.0,V3,2104.7,474.3,146.4,CRUISE
117.0,V4,3442.6,284.6,143.4,CRUISE
118.0,V1,3466.7,339.0,149.7,CRUISE
118.0,V2,3496.3,259.3,150.3,CRUISE
118.0,V3,2085.6,514.6,145.5,CRUISE
118.0,V4,3445.0,286.8,144.5,CRUISE
119.0,V1,3454.6,336.8,149.7,CRUISE
119.0,V2,3501.4,275.1,150.3,CRUISE
119.0,V3,2066.1,555.7,146.9,CRUISE
119.0,V4,3449.3,290.7,145.7,CRUISE
120.0,V1,3440.9,332.5,149.7,CRUISE
120.0,V2,3504.6,289.3,150.2,CRUISE
120.0,V3,2066.1,555.7,146.9,ARRIVED
120.0,V4,3455.5,296.2,147.2,CRUISE
121.0,V1,3425.8,326.3,149.8,CRUISE
121.0,V2,3506.0,301.7,150.1,CRUISE
121.0,V4,3463.5,303.4,148.7,CRUISE
122.0,V1,3409.2,318.0,149.8,CRUISE
122.0,V2,3505.5,312.5,150.0,CRUISE
122.0,V4,3473.4,312.3,150.2,CRUISE
123.0,V1,3391.3,307.6,149.9,CRUISE
123.0,V2,3503.3,321.5,149.9,CRUISE
123.0,V4,3485.2,322.8,151.6,CRUISE
124.0,V1,3372.1,295.1,149.9,CRUISE
124.0,V2,3499.3,328.7,149.9,CRUISE
124.0,V4,3498.8,335.0,152.7,CRUISE
125.0,V1,3351.6,280.4,150.0,CRUISE
125.0,V2,3493.7,334.1,149.8,CRUISE
125.0,V4,3514.3,348.8,153.6,CRUISE
126.0,V1,3330.0,263.4,150.1,CRUISE
126.0,V2,3486.3,337.6,149.8,CRUISE
126.0,V4,3531.6,364.3,154.1,CRUISE
127.0,V1,3307.4,244.2,150.1,CRUISE
127.0,V2,3477.3,339.3,149.7,CRUISE
127.0,V4,3550.7,381.5,154.4,CRUISE
128.0,V1,3283.9,222.7,150.1,CRUISE
128.0,V2,3466.7,339.0,149.7,CRUISE
128.0,V4,3571.7,400.3,154.2,CRUISE
129.0,V1,3259.6,198.7,150.1,CRUISE
129.0,V2,3454.6,336.8,149.7,CRUISE
129.0,V4,3594.6,420.7,153.8,CRUISE
130.0,V1,3235.0,172.3,150.1,CRUISE
130.0,V2,3440.9,332.5,149.7,CRUISE
130.0,V4,3619.2,442.8,153.0,CRUISE
131.0,V1,3210.3,143.4,150.1,CRUISE
131.0,V2,3425.8,326.3,149.8,CRUISE
131.0,V4,3642.1,463.3,151.9,CRUISE
132.0,V1,3186.2,112.1,150.1,CRUISE
132.0,V2,3409.2,318.0,149.8,CRUISE
132.0,V4,3663.1,482.1,150.7,CRUISE
133.0,V1,3164.7,81.2,150.0,CRUISE
133.0,V2,3391.3,307.6,149.9,CRUISE
133.0,V4,3682.2,499.2,149.5,CRUISE
134.0,V1,3145.1,51.8,150.0,CRUISE
134.0,V2,3372.1,295.1,149.9,CRUISE
134.0,V4,3699.4,514.7,148.4,CRUISE
135.0,V1,3127.2,24.2,149.9,CRUISE
135.0,V2,3351.6,280.4,150.0,CRUISE
135.0,V4,3714.8,528.5,147.4,CRUISE
136.0,V1,3110.9,-1.4,149.9,CRUISE
136.0,V2,3330.0,263.4,150.1,CRUISE
136.0,V4,3728.4,540.6,146.5,CRUISE
137.0,V1,3096.1,-25.0,149.9,CRUISE
137.0,V2,3307.4,244.2,150.1,CRUISE
137.0,V4,3740.0,551.1,145.8,CRUISE
138.0,V1,3082.8,-46.7,149.8,CRUISE
138.0,V2,3283.9,222.7,150.1,CRUISE
138.0,V4,3749.9,559.9,145.3,CRUISE
139.0,V1,3070.9,-66.3,149.8,CRUISE
139.0,V2,3259.6,198.7,150.1,CRUISE
139.0,V4,3757.8,567.0,144.9,CRUISE
140.0,V1,3060.5,-83.9,149.8,CRUISE
140.0,V2,3235.0,172.3,150.1,CRUISE
140.0,V4,3763.9,572.5,144.8,CRUISE
141.0,V1,3051.6,-99.4,149.8,CRUISE
141.0,V2,3210.3,143.4,150.1,CRUISE
141.0,V4,3768.2,576.3,144.9,CRUISE
142.0,V1,3044.0,-112.8,149.8,CRUISE
142.0,V2,3186.2,112.1,150.1,CRUISE
142.0,V4,3770.6,578.5,145.2,CRUISE
143.0,V1,3037.9,-124.2,149.8,CRUISE
143.0,V2,3164.7,81.2,150.0,CRUISE
143.0,V4,3771.1,579.0,145.8,CRUISE
144.0,V1,3033.1,-133.5,149.8,CRUISE
144.0,V2,3145.1,51.8,150.0,CRUISE
144.0,V4,3769.8,577.8,146.5,CRUISE
145.0,V1,3029.7,-140.7,149.8,CRUISE
145.0,V2,3127.2,24.2,149.9,CRUISE
145.0,V4,3766.7,574.9,147.3,CRUISE
146.0,V1,3027.7,-145.9,149.9,CRUISE
146.0,V2,3110.9,-1.4,149.9,CRUISE
146.0,V4,3761.6,570.4,148.3,CRUISE
147.0,V1,3027.0,-148.9,149.9,CRUISE
147.0,V2,3096.1,-25.0,149.9,CRUISE
147.0,V4,3754.7,564.3,149.3,CRUISE
148.0,V1,3027.7,-149.8,149.9,CRUISE
148.0,V2,3082.8,-46.7,149.8,CRUISE
148.0,V4,3746.0,556.4,150.3,CRUISE
149.0,V1,3029.7,-148.6,150.0,CRUISE
149.0,V2,3070.9,-66.3,149.8,CRUISE
149.0,V4,3735.4,546.9,151.2,CRUISE
150.0,V1,3033.1,-145.3,150.0,CRUISE
150.0,V2,3060.5,-83.9,149.8,CRUISE
150.0,V4,3722.9,535.7,151.9,CRUISE
151.0,V1,3037.8,-139.9,150.1,CRUISE
151.0,V2,3051.6,-99.4,149.8,CRUISE
151.0,V4,3708.6,522.9,152.5,CRUISE
152.0,V1,3043.9,-132.4,150.1,CRUISE
152.0,V2,3044.0,-112.8,149.8,CRUISE
152.0,V4,3692.4,508.4,152.8,CRUISE
153.0,V1,3051.2,-122.7,150.1,CRUISE
153.0,V2,3037.9,-124.2,149.8,CRUISE
153.0,V4,3674.3,492.2,152.8,CRUISE
154.0,V1,3059.8,-110.9,150.1,CRUISE
154.0,V2,3033.1,-133.5,149.8,CRUISE
154.0,V4,3654.5,474.4,152.6,CRUISE
155.0,V1,3069.8,-97.0,150.1,CRUISE
155.0,V2,3029.7,-140.7,149.8,CRUISE
155.0,V4,3633.2,455.3,150.7,CRUISE
156.0,V1,3081.0,-80.9,150.1,CRUISE
156.0,V2,3027.7,-145.9,149.9,CRUISE
156.0,V4,3614.3,435.8,148.9,CRUISE
157.0,V1,3093.4,-62.7,150.1,CRUISE
157.0,V2,3027.0,-148.9,149.9,CRUISE
157.0,V4,3598.0,416.1,147.2,CRUISE
158.0,V1,3107.1,-42.3,150.1,CRUISE
158.0,V2,3027.7,-149.8,149.9,CRUISE
158.0,V4,3584.1,396.7,145.7,CRUISE
159.0,V1,3122.1,-19.7,150.1,CRUISE
159.0,V2,3029.7,-148.6,150.0,CRUISE
159.0,V4,3572.7,377.8,144.4,CRUISE
160.0,V1,3138.2,5.1,150.0,CRUISE
160.0,V2,3033.1,-145.3,150.0,CRUISE
160.0,V4,3563.6,359.6,143.3,CRUISE
161.0,V1,3155.4,32.2,150.0,CRUISE
161.0,V2,3037.8,-139.9,150.1,CRUISE
161.0,V4,3556.9,342.4,142.5,CRUISE
162.0,V1,3173.6,61.5,150.0,CRUISE
162.0,V2,3043.9,-132.4,150.1,CRUISE
162.0,V4,3552.3,326.4,141.9,CRUISE
163.0,V1,3189.9,89.2,150.0,CRUISE
163.0,V2,3051.2,-122.7,150.1,CRUISE
163.0,V4,3549.9,311.5,141.5,CRUISE
164.0,V1,3204.9,114.7,150.0,CRUISE
164.0,V2,3059.8,-110.9,150.1,CRUISE
164.0,V4,3549.6,298.1,141.4,CRUISE
165.0,V1,3218.6,138.2,149.9,CRUISE
165.0,V2,3069.8,-97.0,150.1,CRUISE
165.0,V4,3551.3,286.1,141.5,CRUISE
166.0,V1,3230.9,159.5,149.9,CRUISE
166.0,V2,3081.0,-80.9,150.1,CRUISE
166.0,V4,3554.9,275.8,141.8,CRUISE
167.0,V1,3241.9,178.7,149.9,CRUISE
167.0,V2,3093.4,-62.7,150.1,CRUISE
167.0,V4,3560.3,267.1,142.3,CRUISE
168.0,V1,3251.7,195.7,149.9,CRUISE
168.0,V2,3107.1,-42.3,150.1,CRUISE
168.0,V4,3567.5,260.2,143.0,CRUISE
169.0,V1,3260.2,210.6,149.9,CRUISE
169.0,V2,3122.1,-19.7,150.1,CRUISE
169.0,V4,3576.4,255.1,144.0,CRUISE
170.0,V1,3267.4,223.4,150.0,CRUISE
170.0,V2,3138.2,5.1,150.0,CRUISE
170.0,V4,3586.8,252.0,145.2,CRUISE
171.0,V1,3273.3,234.0,150.0,CRUISE
171.0,V2,3155.4,32.2,150.0,CRUISE
171.0,V4,3598.7,250.9,146.5,CRUISE
172.0,V1,3278.0,242.4,150.0,CRUISE
172.0,V2,3173.6,61.5,150.0,CRUISE
172.0,V4,3611.9,251.9,148.0,CRUISE
173.0,V1,3281.4,248.6,150.0,CRUISE
173.0,V2,3189.9,89.2,150.0,CRUISE
173.0,V4,3626.4,255.0,149.6,CRUISE
174.0,V1,3283.5,252.8,150.0,CRUISE
174.0,V2,3204.9,114.7,150.0,CRUISE
174.0,V4,3642.0,260.4,151.0,CRUISE
175.0,V1,3284.4,254.7,150.0,CRUISE
175.0,V2,3218.6,138.2,149.9,CRUISE
175.0,V4,3658.5,268.2,152.3,CRUISE
176.0,V1,3284.1,254.5,150.0,CRUISE
176.0,V2,3230.9,159.5,149.9,CRUISE
176.0,V4,3675.7,278.3,153.3,CRUISE
177.0,V1,3282.4,252.1,150.0,CRUISE
177.0,V2,3241.9,178.7,149.9,CRUISE
177.0,V4,3693.3,290.8,154.1,CRUISE
178.0,V1,3279.6,247.6,150.0,CRUISE
178.0,V2,3251.7,195.7,149.9,CRUISE
178.0,V4,3711.0,305.9,154.6,CRUISE
179.0,V1,3275.5,240.9,150.0,CRUISE
179.0,V2,3260.2,210.6,149.9,CRUISE
179.0,V4,3728.2,323.4,154.8,CRUISE
180.0,V1,3270.1,232.0,150.0,CRUISE
180.0,V2,3267.4,223.4,150.0,CRUISE
180.0,V4,3744.3,343.1,154.8,CRUISE
181.0,V1,3263.5,221.0,150.0,CRUISE
181.0,V2,3273.3,234.0,150.0,CRUISE
181.0,V4,3758.2,364.0,154.6,CRUISE
182.0,V1,3255.6,207.8,150.0,CRUISE
182.0,V2,3278.0,242.4,150.0,CRUISE
182.0,V4,3769.6,384.6,154.2,CRUISE
183.0,V1,3246.6,192.4,150.0,CRUISE
183.0,V2,3281.4,248.6,150.0,CRUISE
183.0,V4,3778.8,404.1,153.8,CRUISE
184.0,V1,3236.2,174.8,150.0,CRUISE
184.0,V2,3283.5,252.8,150.0,CRUISE
184.0,V4,3786.0,422.1,153.2,CRUISE
185.0,V1,3224.7,155.1,150.0,CRUISE
185.0,V2,3284.4,254.7,150.0,CRUISE
185.0,V4,3791.4,438.3,152.5,CRUISE
186.0,V1,3212.0,133.1,150.0,CRUISE
186.0,V2,3284.1,254.5,150.0,CRUISE
186.0,V4,3795.2,452.6,151.8,CRUISE
187.0,V1,3198.0,109.0,150.0,CRUISE
187.0,V2,3282.4,252.1,150.0,CRUISE
187.0,V4,3797.5,464.9,151.0,CRUISE
188.0,V1,3184.3,84.0,150.0,CRUISE
188.0,V2,3279.6,247.6,150.0,CRUISE
188.0,V4,3798.5,475.1,150.2,CRUISE
189.0,V1,3171.8,61.1,150.4,CLIMB
189.0,V2,3275.5,240.9,150.0,CRUISE
189.0,V4,3798.2,483.2,149.5,CRUISE
190.0,V1,3160.4,40.4,151.1,CRUISE
190.0,V2,3270.1,232.0,150.0,CRUISE
190.0,V4,3796.6,489.1,148.8,CRUISE
191.0,V1,3150.3,21.9,151.9,CRUISE
191.0,V2,3263.5,221.0,150.0,CRUISE
191.0,V4,3793.9,492.7,148.2,CRUISE
192.0,V1,3141.4,5.5,152.8,CRUISE
192.0,V2,3255.6,207.8,150.0,CRUISE
192.0,V4,3790.2,494.1,147.7,CRUISE
193.0,V1,3133.6,-8.6,153.9,CRUISE
193.0,V2,3246.6,192.4,150.0,CRUISE
193.0,V4,3785.4,493.2,147.3,CRUISE
194.0,V1,3127.1,-20.5,155.1,CRUISE
194.0,V2,3236.2,174.8,150.0,CRUISE
194.0,V4,3779.7,490.0,147.1,CRUISE
195.0,V1,3121.7,-30.3,156.5,CRUISE
195.0,V2,3224.7,155.1,150.0,CRUISE
195.0,V4,3773.2,484.5,147.1,CRUISE
196.0,V1,3117.6,-37.9,158.1,CRUISE
196.0,V2,3212.0,133.1,150.0,CRUISE
196.0,V4,3765.9,476.6,147.2,CRUISE
197.0,V1,3114.7,-43.2,159.7,CRUISE
197.0,V2,3198.0,109.0,150.0,CRUISE
197.0,V4,3757.9,466.3,147.6,CRUISE
198.0,V1,3112.9,-46.4,161.6,CRUISE
198.0,V2,3184.3,84.0,150.0,CRUISE
198.0,V4,3749.4,453.5,148.0,CRUISE
199.0,V1,3112.4,-47.4,163.5,CRUISE
199.0,V2,3171.8,61.1,150.4,CLIMB
199.0,V4,3740.6,438.3,148.6,CRUISE
200.0,V1,3113.0,-46.2,165.7,CRUISE
200.0,V2,3160.4,40.4,151.1,CRUISE
200.0,V4,3731.6,420.6,149.2,CRUISE
201.0,V1,3114.9,-42.9,167.9,CRUISE
201.0,V2,3150.3,21.9,151.9,CRUISE
201.0,V4,3723.3,400.4,149.8,CRUISE
202.0,V1,3117.9,-37.3,170.4,CRUISE
202.0,V2,3141.4,5.5,152.8,CRUISE
202.0,V4,3717.5,380.2,150.4,CRUISE
203.0,V1,3122.2,-29.5,172.9,CRUISE
203.0,V2,3133.6,-8.6,153.9,CRUISE
203.0,V4,3713.3,361.9,150.9,CRUISE
204.0,V1,3127.6,-19.6,175.6,CRUISE
204.0,V2,3127.1,-20.5,155.1,CRUISE
204.0,V4,3710.3,345.7,151.2,CRUISE
205.0,V1,3134.2,-7.5,178.5,CRUISE
205.0,V2,3121.7,-30.3,156.5,CRUISE
205.0,V4,3708.3,331.9,151.6,CRUISE
206.0,V1,3142.1,6.9,181.5,CRUISE
206.0,V2,3117.6,-37.9,158.1,CRUISE
206.0,V4,3707.1,320.4,151.8,CRUISE
207.0,V1,3151.1,23.4,184.7,CRUISE
207.0,V2,3114.7,-43.2,159.7,CRUISE
207.0,V4,3706.7,311.3,151.9,CRUISE
208.0,V1,3161.4,42.1,187.9,CRUISE
208.0,V2,3112.9,-46.4,161.6,CRUISE
208.0,V4,3706.9,304.7,152.0,CRUISE
209.0,V1,3172.8,63.0,191.0,CRUISE
209.0,V2,3112.4,-47.4,163.5,CRUISE
209.0,V4,3707.8,300.4,152.0,CRUISE
210.0,V1,3184.3,83.9,191.5,CRUISE
210.0,V2,3113.0,-46.2,165.7,CRUISE
210.0,V4,3709.2,298.6,151.9,CRUISE
211.0,V1,3184.3,83.9,191.5,ARRIVED
211.0,V2,3114.9,-42.9,167.9,CRUISE
211.0,V4,3711.1,299.2,151.7,CRUISE
212.0,V2,3117.9,-37.3,170.4,CRUISE
212.0,V4,3713.4,302.3,151.4,CRUISE
213.0,V2,3122.2,-29.5,172.9,CRUISE
213.0,V4,3716.1,307.9,151.1,CRUISE
214.0,V2,3127.6,-19.6,175.6,CRUISE
214.0,V4,3719.2,315.9,150.7,CRUISE
215.0,V2,3134.2,-7.5,178.5,CRUISE
215.0,V4,3722.5,326.4,150.3,CRUISE
216.0,V2,3142.1,6.9,181.5,CRUISE
216.0,V4,3726.0,339.4,149.9,CRUISE
217.0,V2,3151.1,23.4,184.7,CRUISE
217.0,V4,3729.4,354.9,149.6,CRUISE
218.0,V2,3161.4,42.1,187.9,CRUISE
218.0,V4,3731.8,372.7,149.4,CRUISE
219.0,V2,3172.8,63.0,191.0,CRUISE
219.0,V4,3733.0,388.3,149.4,CRUISE
220.0,V2,3184.3,83.9,191.5,CRUISE
220.0,V4,3733.7,401.5,149.5,CRUISE
221.0,V2,3184.3,83.9,191.5,ARRIVED
221.0,V4,3734.0,412.1,149.6,CRUISE
222.0,V4,3734.0,420.3,149.7,CRUISE
223.0,V4,3733.7,426.1,149.8,CRUISE
224.0,V4,3733.1,429.3,149.9,CRUISE
225.0,V4,3732.4,430.0,150.1,CRUISE
226.0,V4,3731.5,428.2,150.2,CRUISE
227.0,V4,3730.6,424.0,150.3,CRUISE
228.0,V4,3729.5,417.2,150.4,CRUISE
229.0,V4,3728.5,408.0,150.4,CRUISE
230.0,V4,3727.7,396.2,150.4,CRUISE
231.0,V4,3727.7,382.1,150.2,CRUISE
232.0,V4,3727.8,370.4,150.8,CLIMB
233.0,V4,3727.9,361.1,152.4,CLIMB
234.0,V4,3728.0,354.2,154.2,CRUISE
235.0,V4,3728.1,349.8,156.3,CRUISE
236.0,V4,3728.3,347.8,158.6,CRUISE
237.0,V4,3728.5,348.4,161.1,CRUISE
238.0,V4,3728.7,351.5,163.8,CRUISE
239.0,V4,3728.9,357.0,166.7,CRUISE
240.0,V4,3729.0,365.1,169.9,CRUISE
241.0,V4,3729.0,375.5,173.8,CRUISE
242.0,V4,3728.9,383.5,177.9,CLIMB
243.0,V4,3728.9,389.0,182.3,CLIMB
244.0,V4,3728.9,392.0,187.0,CLIMB
245.0,V4,3728.8,392.5,191.7,CRUISE
246.0,V4,3728.8,390.5,196.5,CRUISE
247.0,V4,3728.7,386.0,201.3,CRUISE
248.0,V4,3728.7,384.0,206.3,CLIMB
249.0,V4,3728.7,384.0,211.3,CLIMB
250.0,V4,3728.7,384.0,216.3,CLIMB
251.0,V4,3728.7,384.0,221.3,CLIMB
252.0,V4,3728.7,384.0,226.3,CLIMB
253.0,V4,3728.7,384.0,231.3,CLIMB
254.0,V4,3728.7,384.0,236.3,CLIMB
255.0,V4,3728.7,384.0,241.3,CLIMB
256.0,V4,3728.7,384.0,246.3,CLIMB
257.0,V4,3728.7,384.0,251.3,CLIMB
258.0,V4,3728.7,384.0,256.3,CLIMB
259.0,V4,3728.7,384.0,261.3,CLIMB
260.0,V4,3728.7,384.0,266.3,CLIMB
261.0,V4,3728.7,384.0,266.3,ARRIVED
