Time,VehicleID,X,Y,Z,State
0.0,V1,12154.6,3102.2,200.0,DESCENT
0.0,V3,8453.7,704.9,56.0,CLIMB
0.0,V4,3184.3,19053.4,124.4,CLIMB
1.0,V1,12154.6,3102.2,197.0,DESCENT
1.0,V3,8453.7,704.9,61.0,CLIMB
1.0,V4,3184.3,19053.4,129.4,CLIMB
2.0,V1,12154.6,3102.2,194.0,DESCENT
2.0,V3,8453.7,704.9,66.0,CLIMB
2.0,V4,3184.3,19053.4,134.4,CLIMB
3.0,V1,12154.6,3102.2,191.0,DESCENT
3.0,V3,8453.7,704.9,71.0,CLIMB
3.0,V4,3184.3,19053.4,139.4,CLIMB
4.0,V1,12154.6,3102.2,188.0,DESCENT
4.0,V3,8453.7,704.9,76.0,CLIMB
4.0,V4,3184.3,19053.4,144.4,CLIMB
5.0,V1,12154.6,3102.2,185.0,DESCENT
5.0,V3,8453.7,704.9,81.0,CLIMB
5.0,V4,3184.3,19053.4,149.4,CLIMB
6.0,V1,12154.6,3102.2,182.0,DESCENT
6.0,V3,8453.7,704.9,86.0,CLIMB
6.0,V4,3186.2,19051.7,154.2,CRUISE
7.0,V1,12154.6,3102.2,179.0,DESCENT
7.0,V3,8453.7,704.9,91.0,CLIMB
7.0,V4,3189.8,19048.3,158.5,CRUISE
8.0,V1,12154.6,3102.2,176.0,DESCENT
8.0,V3,8453.7,704.9,96.0,CLIMB
8.0,V4,3195.2,19043.3,162.5,CRUISE
9.0,V1,12154.6,3102.2,173.0,DESCENT
9.0,V3,8453.7,704.9,101.0,CLIMB
9.0,V4,3202.4,19036.5,166.1,CRUISE
10.0,V1,12154.6,3102.2,170.0,DESCENT
10.0,V2,12154.6,3102.2,200.0,DESCENT
10.0,V3,8453.7,704.9,106.0,CLIMB
10.0,V4,3211.5,19028.1,169.2,CRUISE
11.0,V1,12154.6,3102.2,167.0,DESCENT
11.0,V2,12154.6,3102.2,197.0,DESCENT
11.0,V3,8453.7,704.9,111.0,CLIMB
11.0,V4,3222.3,19018.0,172.0,CRUISE
12.0,V1,12154.6,3102.2,164.0,DESCENT
12.0,V2,12154.6,3102.2,194.0,DESCENT
12.0,V3,8453.7,704.9,116.0,CLIMB
12.0,V4,3235.0,19006.2,174.4,CRUISE
13.0,V1,12154.6,3102.2,161.0,DESCENT
13.0,V2,12154.6,3102.2,191.0,DESCENT
13.0,V3,8453.7,704.9,121.0,CLIMB
13.0,V4,3249.4,18992.7,176.3,CRUISE
14.0,V1,12154.6,3102.2,158.0,DESCENT
14.0,V2,12154.6,3102.2,188.0,DESCENT
14.0,V3,8453.7,704.9,126.0,CLIMB
14.0,V4,3265.6,18977.5,177.9,CRUISE
15.0,V1,12154.6,3102.2,155.0,DESCENT
15.0,V2,12154.6,3102.2,185.0,DESCENT
15.0,V3,8453.7,704.9,131.0,CLIMB
15.0,V4,3283.7,18960.6,179.0,CRUISE
16.0,V1,12154.6,3102.2,152.0,DESCENT
16.0,V2,12154.6,3102.2,182.0,DESCENT
16.0,V3,8453.7,704.9,136.0,CLIMB
16.0,V4,3303.5,18942.1,179.7,CRUISE
17.0,V1,12153.3,3104.3,149.1,CRUISE
17.0,V2,12154.6,3102.2,179.0,DESCENT
17.0,V3,8453.7,704.9,141.0,CLIMB
17.0,V4,3323.0,18923.9,178.0,CRUISE
18.0,V1,12150.8,3108.7,146.3,CRUISE
18.0,V2,12154.6,3102.2,176.0,DESCENT
18.0,V3,8453.7,704.9,146.0,CLIMB
18.0,V4,3340.7,18907.4,176.2,DESCENT
19.0,V1,12147.1,3115.1,143.9,CRUISE
19.0,V2,12154.6,3102.2,173.0,DESCENT
19.0,V3,8453.7,704.9,151.0,CLIMB
19.0,V4,3356.5,18892.6,174.3,CRUISE
20.0,V1,12142.1,3123.7,142.0,CRUISE
20.0,V2,12154.6,3102.2,170.0,DESCENT
20.0,V3,8453.7,704.9,156.0,CLIMB
20.0,V4,3370.6,18879.5,172.4,CRUISE
21.0,V1,12136.0,3134.5,140.4,CRUISE
21.0,V2,12154.6,3102.2,167.0,DESCENT
21.0,V3,8453.7,704.9,161.0,CLIMB
21.0,V4,3382.7,18868.1,170.4,CRUISE
22.0,V1,12128.5,3147.4,139.3,CRUISE
22.0,V2,12154.6,3102.2,164.0,DESCENT
22.0,V3,8453.7,704.9,166.0,CLIMB
22.0,V4,3393.1,18858.5,168.4,CRUISE
23.0,V1,12119.9,3162.4,138.6,CRUISE
23.0,V2,12154.6,3102.2,161.0,DESCENT
23.0,V3,8453.7,704.9,171.0,CLIMB
23.0,V4,3401.6,18850.5,166.4,CRUISE
24.0,V1,12110.0,3179.5,138.4,CRUISE
24.0,V2,12154.6,3102.2,158.0,DESCENT
24.0,V3,8453.7,704.9,176.0,CLIMB
24.0,V4,3408.3,18844.2,164.3,CRUISE
25.0,V1,12098.9,3198.8,138.6,CRUISE
25.0,V2,12154.6,3102.2,155.0,DESCENT
25.0,V3,8453.7,704.9,181.0,CLIMB
25.0,V4,3413.2,18839.7,162.1,CRUISE
26.0,V1,12086.6,3220.2,139.2,CRUISE
26.0,V2,12154.6,3102.2,152.0,DESCENT
26.0,V3,8453.7,704.9,186.0,CLIMB
26.0,V4,3416.3,18836.8,160.0,CRUISE
27.0,V1,12073.1,3243.7,140.2,CRUISE
27.0,V2,12153.3,3104.3,149.1,CRUISE
27.0,V3,8453.7,704.9,191.0,CLIMB
27.0,V4,3417.5,18835.7,157.8,CRUISE
28.0,V1,12058.3,3269.4,141.6,CRUISE
28.0,V2,12150.8,3108.7,146.3,CRUISE
28.0,V3,8453.7,704.9,196.0,CLIMB
28.0,V4,3416.9,18836.2,155.5,CRUISE
29.0,V1,12042.3,3297.2,143.5,CRUISE
29.0,V2,12147.1,3115.1,143.9,CRUISE
29.0,V3,8456.1,705.6,200.9,CRUISE
29.0,V4,3414.5,18838.5,153.3,CRUISE
30.0,V1,12025.0,3327.2,145.9,CRUISE
30.0,V2,12142.1,3123.7,142.0,CRUISE
30.0,V3,8460.8,707.0,205.6,CRUISE
30.0,V4,3410.2,18842.5,150.9,CRUISE
31.0,V1,12006.5,3359.3,148.5,CRUISE
31.0,V2,12136.0,3134.5,140.4,CRUISE
31.0,V3,8468.0,709.1,209.8,CRUISE
31.0,V4,3404.1,18848.2,148.7,CRUISE
32.0,V1,11986.8,3393.6,150.9,CRUISE
32.0,V2,12128.5,3147.4,139.3,CRUISE
32.0,V3,8477.5,711.9,213.6,CRUISE
32.0,V4,3396.2,18855.5,146.7,CRUISE
33.0,V1,11965.9,3429.9,152.5,CRUISE
33.0,V2,12119.9,3162.4,138.6,CRUISE
33.0,V3,8489.4,715.4,217.0,CRUISE
33.0,V4,3386.5,18864.6,145.0,CRUISE
34.0,V1,11943.9,3468.1,153.0,CRUISE
34.0,V2,12110.0,3179.5,138.4,CRUISE
34.0,V3,8503.6,719.6,220.0,CRUISE
34.0,V4,3375.0,18875.4,143.7,CRUISE
35.0,V1,11920.8,3508.3,152.3,CRUISE
35.0,V2,12098.9,3198.8,138.6,CRUISE
35.0,V3,8520.2,724.4,222.5,CRUISE
35.0,V4,3361.7,18887.8,142.9,CRUISE
36.0,V1,11896.5,3550.4,150.6,CRUISE
36.0,V2,12086.6,3220.2,139.2,CRUISE
36.0,V3,8539.2,730.0,224.6,CRUISE
36.0,V4,3346.6,18901.9,142.6,CRUISE
37.0,V1,11871.6,3593.7,150.0,CRUISE
37.0,V2,12073.1,3243.7,140.2,CRUISE
37.0,V3,8560.5,736.3,226.4,CRUISE
37.0,V4,3329.8,18917.6,143.3,CRUISE
38.0,V1,11846.6,3637.0,150.0,CRUISE
38.0,V2,12058.3,3269.4,141.6,CRUISE
38.0,V3,8584.2,743.3,227.7,CRUISE
38.0,V4,3314.8,18931.5,144.4,CLIMB
39.0,V1,11821.7,3680.4,150.0,CRUISE
39.0,V2,12042.3,3297.2,143.5,CRUISE
39.0,V3,8610.3,750.9,228.5,CRUISE
39.0,V4,3301.7,18943.8,145.9,CRUISE
40.0,V1,11796.7,3723.7,150.0,CRUISE
40.0,V2,12025.0,3327.2,145.9,CRUISE
40.0,V3,8638.7,759.3,229.0,CRUISE
40.0,V4,3290.4,18954.4,147.5,CRUISE
41.0,V1,11771.8,3767.0,150.0,CRUISE
41.0,V2,12006.5,3359.3,148.5,CRUISE
41.0,V3,8669.5,768.3,229.0,CRUISE
41.0,V4,3280.8,18963.3,149.1,CRUISE
42.0,V1,11746.8,3810.4,150.0,CRUISE
42.0,V2,11986.8,3393.6,150.9,CRUISE
42.0,V3,8702.6,778.1,228.7,CRUISE
42.0,V4,3273.2,18970.5,150.7,CRUISE
43.0,V1,11721.9,3853.7,150.0,CRUISE
43.0,V2,11965.9,3429.9,152.5,CRUISE
43.0,V3,8738.1,788.5,227.9,CRUISE
43.0,V4,3267.3,18975.9,152.2,CRUISE
44.0,V1,11697.0,3897.0,150.0,CRUISE
44.0,V2,11943.9,3468.1,153.0,CRUISE
44.0,V3,8776.0,799.7,226.6,CRUISE
44.0,V4,3263.3,18979.7,153.6,CRUISE
45.0,V1,11672.0,3940.4,150.0,CRUISE
45.0,V2,11920.8,3508.3,152.3,CRUISE
45.0,V3,8816.3,811.5,225.0,CRUISE
45.0,V4,3261.1,18981.8,154.7,CRUISE
46.0,V1,11647.1,3983.7,150.0,CRUISE
46.0,V2,11896.5,3550.4,150.6,CRUISE
46.0,V3,8858.9,824.0,223.0,CRUISE
46.0,V4,3260.7,18982.1,155.7,CRUISE
47.0,V1,11622.1,4027.0,150.0,CRUISE
47.0,V2,11871.6,3593.7,150.0,CRUISE
47.0,V3,8903.9,837.3,220.5,CRUISE
47.0,V4,3262.1,18980.8,156.4,CRUISE
48.0,V1,11597.2,4070.4,150.0,CRUISE
48.0,V2,11846.6,3637.0,150.0,CRUISE
48.0,V3,8951.2,851.2,217.6,CRUISE
48.0,V4,3265.3,18977.8,157.0,CRUISE
49.0,V1,11572.2,4113.7,150.0,CRUISE
49.0,V2,11821.7,3680.4,150.0,CRUISE
49.0,V3,8999.2,865.3,214.6,CRUISE
49.0,V4,3270.4,18973.0,157.4,CRUISE
50.0,V1,11547.3,4157.0,150.0,CRUISE
50.0,V2,11796.7,3723.7,150.0,CRUISE
50.0,V3,9047.1,879.4,211.6,CRUISE
50.0,V4,3277.3,18966.6,157.5,CRUISE
51.0,V1,11522.3,4200.4,150.0,CRUISE
51.0,V2,11771.8,3767.0,150.0,CRUISE
51.0,V3,9095.1,893.5,208.6,CRUISE
51.0,V4,3286.0,18958.5,157.5,CRUISE
52.0,V1,11497.4,4243.7,150.0,CRUISE
52.0,V2,11746.8,3810.4,150.0,CRUISE
52.0,V3,9143.1,907.6,205.6,CRUISE
52.0,V4,3296.6,18948.6,157.3,CRUISE
53.0,V1,11472.4,4287.0,150.0,CRUISE
53.0,V2,11721.9,3853.7,150.0,CRUISE
53.0,V3,9191.0,921.7,202.6,CRUISE
53.0,V4,3308.9,18937.1,156.8,CRUISE
54.0,V1,11447.5,4330.4,150.0,CRUISE
54.0,V2,11697.0,3897.0,150.0,CRUISE
54.0,V3,9239.0,935.8,200.0,CRUISE
54.0,V4,3322.5,18924.4,154.4,CRUISE
55.0,V1,11422.5,4373.7,150.0,CRUISE
55.0,V2,11672.0,3940.4,150.0,CRUISE
55.0,V3,9287.0,949.9,199.9,CRUISE
55.0,V4,3336.0,18909.3,151.9,CRUISE
56.0,V1,11397.6,4417.0,150.0,CRUISE
56.0,V2,11647.1,3983.7,150.0,CRUISE
56.0,V3,9334.9,964.1,200.0,CRUISE
56.0,V4,3349.6,18891.6,149.5,CRUISE
57.0,V1,11372.7,4460.4,150.0,CRUISE
57.0,V2,11622.1,4027.0,150.0,CRUISE
57.0,V3,9382.9,978.2,200.0,CRUISE
57.0,V4,3363.0,18871.5,147.3,CRUISE
58.0,V1,11347.7,4503.7,150.0,CRUISE
58.0,V2,11597.2,4070.4,150.0,CRUISE
58.0,V3,9430.9,992.3,200.0,CRUISE
58.0,V4,3376.3,18848.9,145.5,CRUISE
59.0,V1,11322.8,4547.0,150.0,CRUISE
59.0,V2,11572.2,4113.7,150.0,CRUISE
59.0,V3,9478.8,1006.4,200.0,CRUISE
59.0,V4,3389.3,18823.9,144.3,CRUISE
60.0,V1,11297.8,4590.3,150.0,CRUISE
60.0,V2,11547.3,4157.0,150.0,CRUISE
60.0,V3,9526.8,1020.5,200.0,CRUISE
60.0,V4,3402.1,18796.4,143.8,CRUISE
61.0,V1,11272.9,4633.7,150.0,CRUISE
61.0,V2,11522.3,4200.4,150.0,CRUISE
61.0,V3,9574.8,1034.6,200.0,CRUISE
61.0,V4,3414.6,18766.6,143.8,CRUISE
62.0,V1,11247.9,4677.0,150.0,CRUISE
62.0,V2,11497.4,4243.7,150.0,CRUISE
62.0,V3,9622.8,1048.7,200.0,CRUISE
62.0,V4,3426.6,18734.4,144.5,CRUISE
63.0,V1,11223.0,4720.3,150.0,CRUISE
63.0,V2,11472.4,4287.0,150.0,CRUISE
63.0,V3,9670.7,1062.8,200.0,CRUISE
63.0,V4,3438.2,18699.8,145.8,CRUISE
64.0,V1,11198.0,4763.7,150.0,CRUISE
64.0,V2,11447.5,4330.4,150.0,CRUISE
64.0,V3,9718.7,1076.9,200.0,CRUISE
64.0,V4,3449.1,18662.8,147.5,CRUISE
65.0,V1,11173.1,4807.0,150.0,CRUISE
65.0,V2,11422.5,4373.7,150.0,CRUISE
65.0,V3,9766.7,1091.0,200.0,CRUISE
65.0,V4,3459.3,18623.5,149.4,CRUISE
66.0,V1,11148.1,4850.3,150.0,CRUISE
66.0,V2,11397.6,4417.0,150.0,CRUISE
66.0,V3,9814.6,1105.1,200.0,CRUISE
66.0,V4,3468.7,18581.8,151.0,CRUISE
67.0,V1,11123.2,4893.7,150.0,CRUISE
67.0,V2,11372.7,4460.4,150.0,CRUISE
67.0,V3,9862.6,1119.2,200.0,CRUISE
67.0,V4,3477.0,18537.9,151.9,CRUISE
68.0,V1,11098.2,4937.0,150.0,CRUISE
68.0,V2,11347.7,4503.7,150.0,CRUISE
68.0,V3,9910.6,1133.3,200.0,CRUISE
68.0,V4,3484.3,18492.0,151.8,CRUISE
69.0,V1,11073.3,4980.3,150.0,CRUISE
69.0,V2,11322.8,4547.0,150.0,CRUISE
69.0,V3,9958.5,1147.5,200.0,CRUISE
69.0,V4,3490.2,18444.2,150.9,CRUISE
70.0,V1,11048.3,5023.7,150.0,CRUISE
70.0,V2,11297.8,4590.3,150.0,CRUISE
70.0,V3,10006.5,1161.6,200.0,CRUISE
70.0,V4,3494.3,18394.6,150.0,CRUISE
71.0,V1,11023.4,5067.0,150.0,CRUISE
71.0,V2,11272.9,4633.7,150.0,CRUISE
71.0,V3,10054.5,1175.7,200.0,CRUISE
71.0,V4,3498.2,18344.7,150.0,CRUISE
72.0,V1,10998.5,5110.3,150.0,CRUISE
72.0,V2,11247.9,4677.0,150.0,CRUISE
72.0,V3,10102.4,1189.8,200.0,CRUISE
72.0,V4,3502.0,18294.9,150.0,CRUISE
73.0,V1,10973.5,5153.7,150.0,CRUISE
73.0,V2,11223.0,4720.3,150.0,CRUISE
73.0,V3,10150.4,1203.9,200.0,CRUISE
73.0,V4,3508.3,18245.8,150.0,CRUISE
74.0,V1,10948.6,5197.0,150.0,CRUISE
74.0,V2,11198.0,4763.7,150.0,CRUISE
74.0,V3,10198.4,1218.0,200.0,CRUISE
74.0,V4,3516.9,18197.4,150.0,CRUISE
75.0,V1,10923.6,5240.3,150.0,CRUISE
75.0,V2,11173.1,4807.0,150.0,CRUISE
75.0,V3,10246.3,1232.1,200.0,CRUISE
75.0,V4,3527.9,18149.8,150.0,CRUISE
76.0,V1,10898.7,5283.7,150.0,CRUISE
76.0,V2,11148.1,4850.3,150.0,CRUISE
76.0,V3,10294.3,1246.2,200.0,CRUISE
76.0,V4,3541.3,18102.9,150.0,CRUISE
77.0,V1,10873.7,5327.0,150.0,CRUISE
77.0,V2,11123.2,4893.7,150.0,CRUISE
77.0,V3,10342.3,1260.3,200.0,CRUISE
77.0,V4,3557.1,18056.8,150.0,CRUISE
78.0,V1,10848.8,5370.3,150.0,CRUISE
78.0,V2,11098.2,4937.0,150.0,CRUISE
78.0,V3,10390.2,1274.4,200.0,CRUISE
78.0,V4,3575.2,18011.5,150.0,CRUISE
79.0,V1,10823.8,5413.7,150.0,CRUISE
79.0,V2,11073.3,4980.3,150.0,CRUISE
79.0,V3,10438.2,1288.5,200.0,CRUISE
79.0,V4,3595.8,17966.8,150.0,CRUISE
80.0,V1,10798.9,5457.0,150.0,CRUISE
80.0,V2,11048.3,5023.7,150.0,CRUISE
80.0,V3,10486.2,1302.6,200.0,CRUISE
80.0,V4,3618.7,17923.0,150.0,CRUISE
81.0,V1,10773.9,5500.3,150.0,CRUISE
81.0,V2,11023.4,5067.0,150.0,CRUISE
81.0,V3,10534.2,1316.7,200.0,CRUISE
81.0,V4,3644.0,17879.9,150.0,CRUISE
82.0,V1,10749.0,5543.7,150.0,CRUISE
82.0,V2,10998.5,5110.3,150.0,CRUISE
82.0,V3,10582.1,1330.8,200.0,CRUISE
82.0,V4,3669.4,17836.8,150.0,CRUISE
83.0,V1,10724.0,5587.0,150.0,CRUISE
83.0,V2,10973.5,5153.7,150.0,CRUISE
83.0,V3,10630.1,1345.0,200.0,CRUISE
83.0,V4,3694.8,17793.7,150.0,CRUISE
84.0,V1,10699.1,5630.3,150.0,CRUISE
84.0,V2,10948.6,5197.0,150.0,CRUISE
84.0,V3,10678.1,1359.1,200.0,CRUISE
84.0,V4,3720.2,17750.7,150.0,CRUISE
85.0,V1,10674.2,5673.7,150.0,CRUISE
85.0,V2,10923.6,5240.3,150.0,CRUISE
85.0,V3,10726.0,1373.2,200.0,CRUISE
85.0,V4,3745.6,17707.6,150.0,CRUISE
86.0,V1,10649.2,5717.0,150.0,CRUISE
86.0,V2,10898.7,5283.7,150.0,CRUISE
86.0,V3,10774.0,1387.3,200.0,CRUISE
86.0,V4,3771.0,17664.5,150.0,CRUISE
87.0,V1,10624.3,5760.3,150.0,CRUISE
87.0,V2,10873.7,5327.0,150.0,CRUISE
87.0,V3,10822.0,1401.4,200.0,CRUISE
87.0,V4,3796.3,17621.4,150.0,CRUISE
88.0,V1,10599.3,5803.6,150.0,CRUISE
88.0,V2,10848.8,5370.3,150.0,CRUISE
88.0,V3,10869.9,1415.5,200.0,CRUISE
88.0,V4,3821.7,17578.4,150.0,CRUISE
89.0,V1,10574.4,5847.0,150.0,CRUISE
89.0,V2,10823.8,5413.7,150.0,CRUISE
89.0,V3,10917.9,1429.6,200.0,CRUISE
89.0,V4,3847.1,17535.3,150.0,CRUISE
90.0,V1,10549.4,5890.3,150.0,CRUISE
90.0,V2,10798.9,5457.0,150.0,CRUISE
90.0,V3,10965.9,1443.7,200.0,CRUISE
90.0,V4,3872.5,17492.2,150.0,CRUISE
91.0,V1,10524.5,5933.6,150.0,CRUISE
91.0,V2,10773.9,5500.3,150.0,CRUISE
91.0,V3,11013.8,1457.8,200.0,CRUISE
91.0,V4,3897.9,17449.1,150.0,CRUISE
92.0,V1,10499.5,5977.0,150.0,CRUISE
92.0,V2,10749.0,5543.7,150.0,CRUISE
92.0,V3,11061.8,1471.9,200.0,CRUISE
92.0,V4,3923.3,17406.1,150.0,CRUISE
93.0,V1,10474.6,6020.3,150.0,CRUISE
93.0,V2,10724.0,5587.0,150.0,CRUISE
93.0,V3,11109.8,1486.0,200.0,CRUISE
93.0,V4,3948.7,17363.0,150.0,CRUISE
94.0,V1,10449.6,6063.6,150.0,CRUISE
94.0,V2,10699.1,5630.3,150.0,CRUISE
94.0,V3,11157.7,1500.1,200.0,CRUISE
94.0,V4,3974.1,17319.9,150.0,CRUISE
95.0,V1,10424.7,6107.0,150.0,CRUISE
95.0,V2,10674.2,5673.7,150.0,CRUISE
95.0,V3,11205.7,1514.2,200.0,CRUISE
95.0,V4,3999.5,17276.9,150.0,CRUISE
96.0,V1,10399.7,6150.3,150.0,CRUISE
96.0,V2,10649.2,5717.0,150.0,CRUISE
96.0,V3,11253.7,1528.4,200.0,CRUISE
96.0,V4,4024.9,17233.8,150.0,CRUISE
97.0,V1,10374.8,6193.6,150.0,CRUISE
97.0,V2,10624.3,5760.3,150.0,CRUISE
97.0,V3,11301.7,1542.5,200.0,CRUISE
97.0,V4,4050.2,17190.7,150.0,CRUISE
98.0,V1,10349.8,6237.0,150.0,CRUISE
98.0,V2,10599.3,5803.6,150.0,CRUISE
98.0,V3,11349.6,1556.6,200.0,CRUISE
98.0,V4,4075.6,17147.6,150.0,CRUISE
99.0,V1,10324.9,6280.3,150.0,CRUISE
99.0,V2,10574.4,5847.0,150.0,CRUISE
99.0,V3,11397.6,1570.7,200.0,CRUISE
99.0,V4,4101.0,17104.6,150.0,CRUISE
100.0,V1,10300.0,6323.6,150.0,CRUISE
100.0,V2,10549.4,5890.3,150.0,CRUISE
100.0,V3,11445.6,1584.8,200.0,CRUISE
100.0,V4,4126.4,17061.5,150.0,CRUISE
101.0,V1,10275.0,6367.0,150.0,CRUISE
101.0,V2,10524.5,5933.6,150.0,CRUISE
101.0,V3,11493.5,1598.9,200.0,CRUISE
101.0,V4,4151.8,17018.4,150.0,CRUISE
102.0,V1,10250.1,6410.3,150.0,CRUISE
102.0,V2,10499.5,5977.0,150.0,CRUISE
102.0,V3,11541.5,1613.0,200.0,CRUISE
102.0,V4,4177.2,16975.3,150.0,CRUISE
103.0,V1,10225.1,6453.6,150.0,CRUISE
103.0,V2,10474.6,6020.3,150.0,CRUISE
103.0,V3,11589.5,1627.1,200.0,CRUISE
103.0,V4,4202.6,16932.3,150.0,CRUISE
104.0,V1,10200.2,6497.0,150.0,CRUISE
104.0,V2,10449.6,6063.6,150.0,CRUISE
104.0,V3,11637.4,1641.2,200.0,CRUISE
104.0,V4,4228.0,16889.2,150.0,CRUISE
105.0,V1,10175.2,6540.3,150.0,CRUISE
105.0,V2,10424.7,6107.0,150.0,CRUISE
105.0,V3,11685.4,1655.3,200.0,CRUISE
105.0,V4,4253.4,16846.1,150.0,CRUISE
106.0,V1,10150.3,6583.6,150.0,CRUISE
106.0,V2,10399.7,6150.3,150.0,CRUISE
106.0,V3,11733.4,1669.4,200.0,CRUISE
106.0,V4,4278.7,16803.0,150.0,CRUISE
107.0,V1,10125.3,6627.0,150.0,CRUISE
107.0,V2,10374.8,6193.6,150.0,CRUISE
107.0,V3,11781.3,1683.5,200.0,CRUISE
107.0,V4,4304.1,16760.0,150.0,CRUISE
108.0,V1,10100.4,6670.3,150.0,CRUISE
108.0,V2,10349.8,6237.0,150.0,CRUISE
108.0,V3,11829.3,1697.6,200.0,CRUISE
108.0,V4,4329.5,16716.9,150.0,CRUISE
109.0,V1,10075.4,6713.6,150.0,CRUISE
109.0,V2,10324.9,6280.3,150.0,CRUISE
109.0,V3,11877.3,1711.7,200.0,CRUISE
109.0,V4,4354.9,16673.8,150.0,CRUISE
110.0,V1,10050.5,6757.0,150.0,CRUISE
110.0,V2,10300.0,6323.6,150.0,CRUISE
110.0,V3,11925.2,1725.9,200.0,CRUISE
110.0,V4,4380.3,16630.7,150.0,CRUISE
111.0,V1,10025.5,6800.3,150.0,CRUISE
111.0,V2,10275.0,6367.0,150.0,CRUISE
111.0,V3,11973.2,1740.0,200.0,CRUISE
111.0,V4,4405.7,16587.7,150.0,CRUISE
112.0,V1,10000.6,6843.6,150.0,CRUISE
112.0,V2,10250.1,6410.3,150.0,CRUISE
112.0,V3,12021.2,1754.1,200.0,CRUISE
112.0,V4,4431.1,16544.6,150.0,CRUISE
113.0,V1,9975.7,6887.0,150.0,CRUISE
113.0,V2,10225.1,6453.6,150.0,CRUISE
113.0,V3,12069.1,1768.2,200.0,CRUISE
113.0,V4,4456.5,16501.5,150.0,CRUISE
114.0,V1,9950.7,6930.3,150.0,CRUISE
114.0,V2,10200.2,6497.0,150.0,CRUISE
114.0,V3,12117.1,1782.3,200.0,CRUISE
114.0,V4,4481.9,16458.5,150.0,CRUISE
115.0,V1,9925.8,6973.6,150.0,CRUISE
115.0,V2,10175.2,6540.3,150.0,CRUISE
115.0,V3,12165.1,1796.4,200.0,CRUISE
115.0,V4,4507.3,16415.4,150.0,CRUISE
116.0,V1,9900.8,7016.9,150.0,CRUISE
116.0,V2,10150.3,6583.6,150.0,CRUISE
116.0,V3,12213.1,1810.5,200.0,CRUISE
116.0,V4,4532.6,16372.3,150.0,CRUISE
117.0,V1,9875.9,7060.3,150.0,CRUISE
117.0,V2,10125.3,6627.0,150.0,CRUISE
117.0,V3,12261.0,1824.6,200.0,CRUISE
117.0,V4,4558.0,16329.2,150.0,CRUISE
118.0,V1,9850.9,7103.6,150.0,CRUISE
118.0,V2,10100.4,6670.3,150.0,CRUISE
118.0,V3,12309.0,1838.7,200.0,CRUISE
118.0,V4,4583.4,16286.2,150.0,CRUISE
119.0,V1,9826.0,7146.9,150.0,CRUISE
119.0,V2,10075.4,6713.6,150.0,CRUISE
119.0,V3,12357.0,1852.8,200.0,CRUISE
119.0,V4,4608.8,16243.1,150.0,CRUISE
120.0,V1,9801.0,7190.3,150.0,CRUISE
120.0,V2,10050.5,6757.0,150.0,CRUISE
120.0,V3,12404.9,1866.9,200.0,CRUISE
120.0,V4,4634.2,16200.0,150.0,CRUISE
121.0,V1,9776.1,7233.6,150.0,CRUISE
121.0,V2,10025.5,6800.3,150.0,CRUISE
121.0,V3,12452.9,1881.0,200.0,CRUISE
121.0,V4,4659.6,16156.9,150.0,CRUISE
122.0,V1,9751.1,7276.9,150.0,CRUISE
122.0,V2,10000.6,6843.6,150.0,CRUISE
122.0,V3,12500.9,1895.1,200.0,CRUISE
122.0,V4,4685.0,16113.9,150.0,CRUISE
123.0,V1,9726.2,7320.3,150.0,CRUISE
123.0,V2,9975.7,6887.0,150.0,CRUISE
123.0,V3,12548.8,1909.2,200.0,CRUISE
123.0,V4,4710.4,16070.8,150.0,CRUISE
124.0,V1,9701.2,7363.6,150.0,CRUISE
124.0,V2,9950.7,6930.3,150.0,CRUISE
124.0,V3,12596.8,1923.4,200.0,CRUISE
124.0,V4,4735.8,16027.7,150.0,CRUISE
125.0,V1,9676.3,7406.9,150.0,CRUISE
125.0,V2,9925.8,6973.6,150.0,CRUISE
125.0,V3,12644.8,1937.5,200.0,CRUISE
125.0,V4,4761.2,15984.6,150.0,CRUISE
126.0,V1,9651.3,7450.3,150.0,CRUISE
126.0,V2,9900.8,7016.9,150.0,CRUISE
126.0,V3,12692.7,1951.6,200.0,CRUISE
126.0,V4,4786.5,15941.6,150.0,CRUISE
127.0,V1,9626.4,7493.6,150.0,CRUISE
127.0,V2,9875.9,7060.3,150.0,CRUISE
127.0,V3,12740.7,1965.7,200.0,CRUISE
127.0,V4,4811.9,15898.5,150.0,CRUISE
128.0,V1,9601.5,7536.9,150.0,CRUISE
128.0,V2,9850.9,7103.6,150.0,CRUISE
128.0,V3,12788.7,1979.8,200.0,CRUISE
128.0,V4,4837.3,15855.4,150.0,CRUISE
129.0,V1,9576.5,7580.3,150.0,CRUISE
129.0,V2,9826.0,7146.9,150.0,CRUISE
129.0,V3,12836.6,1993.9,200.0,CRUISE
129.0,V4,4862.7,15812.3,150.0,CRUISE
130.0,V1,9551.6,7623.6,150.0,CRUISE
130.0,V2,9801.0,7190.3,150.0,CRUISE
130.0,V3,12884.6,2008.0,200.0,CRUISE
130.0,V4,4888.1,15769.3,150.0,CRUISE
131.0,V1,9526.6,7666.9,150.0,CRUISE
131.0,V2,9776.1,7233.6,150.0,CRUISE
131.0,V3,12932.6,2022.1,200.0,CRUISE
131.0,V4,4913.5,15726.2,150.0,CRUISE
132.0,V1,9501.7,7710.3,150.0,CRUISE
132.0,V2,9751.1,7276.9,150.0,CRUISE
132.0,V3,12980.6,2036.2,200.0,CRUISE
132.0,V4,4938.9,15683.1,150.0,CRUISE
133.0,V1,9476.7,7753.6,150.0,CRUISE
133.0,V2,9726.2,7320.3,150.0,CRUISE
133.0,V3,13028.5,2050.3,200.0,CRUISE
133.0,V4,4964.3,15640.1,150.0,CRUISE
134.0,V1,9451.8,7796.9,150.0,CRUISE
134.0,V2,9701.2,7363.6,150.0,CRUISE
134.0,V3,13076.5,2064.4,200.0,CRUISE
134.0,V4,4989.7,15597.0,150.0,CRUISE
135.0,V1,9426.8,7840.3,150.0,CRUISE
135.0,V2,9676.3,7406.9,150.0,CRUISE
135.0,V3,13124.5,2078.5,200.0,CRUISE
135.0,V4,5015.1,15553.9,150.0,CRUISE
136.0,V1,9401.9,7883.6,150.0,CRUISE
136.0,V2,9651.3,7450.3,150.0,CRUISE
136.0,V3,13172.4,2092.6,200.0,CRUISE
136.0,V4,5040.4,15510.8,150.0,CRUISE
137.0,V1,9376.9,7926.9,150.0,CRUISE
137.0,V2,9626.4,7493.6,150.0,CRUISE
137.0,V3,13220.4,2106.8,200.0,CRUISE
137.0,V4,5065.8,15467.8,150.0,CRUISE
138.0,V1,9352.0,7970.3,150.0,CRUISE
138.0,V2,9601.5,7536.9,150.0,CRUISE
138.0,V3,13268.4,2120.9,200.0,CRUISE
138.0,V4,5091.2,15424.7,150.0,CRUISE
139.0,V1,9327.0,8013.6,150.0,CRUISE
139.0,V2,9576.5,7580.3,150.0,CRUISE
139.0,V3,13316.3,2135.0,200.0,CRUISE
139.0,V4,5116.6,15381.6,150.0,CRUISE
140.0,V1,9302.1,8056.9,150.0,CRUISE
140.0,V2,9551.6,7623.6,150.0,CRUISE
140.0,V3,13364.3,2149.1,200.0,CRUISE
140.0,V4,5142.0,15338.5,150.0,CRUISE
141.0,V1,9277.2,8100.3,150.0,CRUISE
141.0,V2,9526.6,7666.9,150.0,CRUISE
141.0,V3,13412.3,2163.2,200.0,CRUISE
141.0,V4,5167.4,15295.5,150.0,CRUISE
142.0,V1,9252.2,8143.6,150.0,CRUISE
142.0,V2,9501.7,7710.3,150.0,CRUISE
142.0,V3,13460.2,2177.3,200.0,CRUISE
142.0,V4,5192.8,15252.4,150.0,CRUISE
143.0,V1,9227.3,8186.9,150.0,CRUISE
143.0,V2,9476.7,7753.6,150.0,CRUISE
143.0,V3,13508.2,2191.4,200.0,CRUISE
143.0,V4,5218.2,15209.3,150.0,CRUISE
144.0,V1,9202.3,8230.3,150.0,CRUISE
144.0,V2,9451.8,7796.9,150.0,CRUISE
144.0,V3,13556.2,2205.5,200.0,CRUISE
144.0,V4,5243.6,15166.2,150.0,CRUISE
145.0,V1,9177.4,8273.6,150.0,CRUISE
145.0,V2,9426.8,7840.3,150.0,CRUISE
145.0,V3,13604.1,2219.6,200.0,CRUISE
145.0,V4,5269.0,15123.2,150.0,CRUISE
146.0,V1,9152.4,8316.9,150.0,CRUISE
146.0,V2,9401.9,7883.6,150.0,CRUISE
146.0,V3,13652.1,2233.7,200.0,CRUISE
146.0,V4,5294.3,15080.1,150.0,CRUISE
147.0,V1,9127.5,8360.2,150.0,CRUISE
147.0,V2,9376.9,7926.9,150.0,CRUISE
147.0,V3,13700.1,2247.8,200.0,CRUISE
147.0,V4,5319.7,15037.0,150.0,CRUISE
148.0,V1,9102.5,8403.6,150.0,CRUISE
148.0,V2,9352.0,7970.3,150.0,CRUISE
148.0,V3,13748.0,2261.9,200.0,CRUISE
148.0,V4,5345.1,14993.9,150.0,CRUISE
149.0,V1,9077.6,8446.9,150.0,CRUISE
149.0,V2,9327.0,8013.6,150.0,CRUISE
149.0,V3,13796.0,2276.0,200.0,CRUISE
149.0,V4,5370.5,14950.9,150.0,CRUISE
150.0,V1,9052.6,8490.2,150.0,CRUISE
150.0,V2,9302.1,8056.9,150.0,CRUISE
150.0,V3,13844.0,2290.1,200.0,CRUISE
150.0,V4,5395.9,14907.8,150.0,CRUISE
151.0,V1,9027.7,8533.6,150.0,CRUISE
151.0,V2,9277.2,8100.3,150.0,CRUISE
151.0,V3,13892.0,2304.3,200.0,CRUISE
151.0,V4,5421.3,14864.7,150.0,CRUISE
152.0,V1,9002.7,8576.9,150.0,CRUISE
152.0,V2,9252.2,8143.6,150.0,CRUISE
152.0,V3,13939.9,2318.4,200.0,CRUISE
152.0,V4,5446.7,14821.6,150.0,CRUISE
153.0,V1,8977.8,8620.2,150.0,CRUISE
153.0,V2,9227.3,8186.9,150.0,CRUISE
153.0,V3,13987.9,2332.5,200.0,CRUISE
153.0,V4,5472.1,14778.6,150.0,CRUISE
154.0,V1,8952.8,8663.6,150.0,CRUISE
154.0,V2,9202.3,8230.3,150.0,CRUISE
154.0,V3,14035.9,2346.6,200.0,CRUISE
154.0,V4,5497.5,14735.5,150.0,CRUISE
155.0,V1,8927.9,8706.9,150.0,CRUISE
155.0,V2,9177.4,8273.6,150.0,CRUISE
155.0,V3,14083.8,2360.7,200.0,CRUISE
155.0,V4,5522.9,14692.4,150.0,CRUISE
156.0,V1,8903.0,8750.2,150.0,CRUISE
156.0,V2,9152.4,8316.9,150.0,CRUISE
156.0,V3,14131.8,2374.8,200.0,CRUISE
156.0,V4,5548.2,14649.4,150.0,CRUISE
157.0,V1,8878.0,8793.6,150.0,CRUISE
157.0,V2,9127.5,8360.2,150.0,CRUISE
157.0,V3,14179.8,2388.9,200.0,CRUISE
157.0,V4,5573.6,14606.3,150.0,CRUISE
158.0,V1,8853.1,8836.9,150.0,CRUISE
158.0,V2,9102.5,8403.6,150.0,CRUISE
158.0,V3,14227.7,2403.0,200.0,CRUISE
158.0,V4,5599.0,14563.2,150.0,CRUISE
159.0,V1,8828.1,8880.2,150.0,CRUISE
159.0,V2,9077.6,8446.9,150.0,CRUISE
159.0,V3,14275.7,2417.1,200.0,CRUISE
159.0,V4,5624.4,14520.1,150.0,CRUISE
160.0,V1,8803.2,8923.6,150.0,CRUISE
160.0,V2,9052.6,8490.2,150.0,CRUISE
160.0,V3,14323.7,2431.2,200.0,CRUISE
160.0,V4,5649.8,14477.1,150.0,CRUISE
161.0,V1,8778.2,8966.9,150.0,CRUISE
161.0,V2,9027.7,8533.6,150.0,CRUISE
161.0,V3,14371.6,2445.3,200.0,CRUISE
161.0,V4,5675.2,14434.0,150.0,CRUISE
162.0,V1,8753.3,9010.2,150.0,CRUISE
162.0,V2,9002.7,8576.9,150.0,CRUISE
162.0,V3,14419.6,2459.4,200.0,CRUISE
162.0,V4,5700.6,14390.9,150.0,CRUISE
163.0,V1,8728.3,9053.6,150.0,CRUISE
163.0,V2,8977.8,8620.2,150.0,CRUISE
163.0,V3,14467.6,2473.5,200.0,CRUISE
163.0,V4,5726.0,14347.8,150.0,CRUISE
164.0,V1,8703.4,9096.9,150.0,CRUISE
164.0,V2,8952.8,8663.6,150.0,CRUISE
164.0,V3,14515.5,2487.6,200.0,CRUISE
164.0,V4,5751.4,14304.8,150.0,CRUISE
165.0,V1,8678.4,9140.2,150.0,CRUISE
165.0,V2,8927.9,8706.9,150.0,CRUISE
165.0,V3,14563.5,2501.8,200.0,CRUISE
165.0,V4,5776.8,14261.7,150.0,CRUISE
166.0,V1,8653.5,9183.6,150.0,CRUISE
166.0,V2,8903.0,8750.2,150.0,CRUISE
166.0,V3,14611.5,2515.9,200.0,CRUISE
166.0,V4,5802.1,14218.6,150.0,CRUISE
167.0,V1,8628.5,9226.9,150.0,CRUISE
167.0,V2,8878.0,8793.6,150.0,CRUISE
167.0,V3,14659.5,2530.0,200.0,CRUISE
167.0,V4,5827.5,14175.5,150.0,CRUISE
168.0,V1,8603.6,9270.2,150.0,CRUISE
168.0,V2,8853.1,8836.9,150.0,CRUISE
168.0,V3,14707.4,2544.1,200.0,CRUISE
168.0,V4,5852.9,14132.5,150.0,CRUISE
169.0,V1,8578.7,9313.6,150.0,CRUISE
169.0,V2,8828.1,8880.2,150.0,CRUISE
169.0,V3,14755.4,2558.2,200.0,CRUISE
169.0,V4,5878.3,14089.4,150.0,CRUISE
170.0,V1,8553.7,9356.9,150.0,CRUISE
170.0,V2,8803.2,8923.6,150.0,CRUISE
170.0,V3,14803.4,2572.3,200.0,CRUISE
170.0,V4,5903.7,14046.3,150.0,CRUISE
171.0,V1,8528.8,9400.2,150.0,CRUISE
171.0,V2,8778.2,8966.9,150.0,CRUISE
171.0,V3,14851.3,2586.4,200.0,CRUISE
171.0,V4,5929.1,14003.2,150.0,CRUISE
172.0,V1,8503.8,9443.6,150.0,CRUISE
172.0,V2,8753.3,9010.2,150.0,CRUISE
172.0,V3,14899.3,2600.5,200.0,CRUISE
172.0,V4,5954.5,13960.2,150.0,CRUISE
173.0,V1,8478.9,9486.9,150.0,CRUISE
173.0,V2,8728.3,9053.6,150.0,CRUISE
173.0,V3,14947.3,2614.6,200.0,CRUISE
173.0,V4,5979.9,13917.1,150.0,CRUISE
174.0,V1,8453.9,9530.2,150.0,CRUISE
174.0,V2,8703.4,9096.9,150.0,CRUISE
174.0,V3,14995.2,2628.7,200.0,CRUISE
174.0,V4,6005.3,13874.0,150.0,CRUISE
175.0,V1,8429.0,9573.5,150.0,CRUISE
175.0,V2,8678.4,9140.2,150.0,CRUISE
175.0,V3,15043.2,2642.8,200.0,CRUISE
175.0,V4,6030.7,13831.0,150.0,CRUISE
176.0,V1,8404.0,9616.9,150.0,CRUISE
176.0,V2,8653.5,9183.6,150.0,CRUISE
176.0,V3,15091.2,2656.9,200.0,CRUISE
176.0,V4,6056.0,13787.9,150.0,CRUISE
177.0,V1,8379.1,9660.2,150.0,CRUISE
177.0,V2,8628.5,9226.9,150.0,CRUISE
177.0,V3,15139.1,2671.0,200.0,CRUISE
177.0,V4,6081.4,13744.8,150.0,CRUISE
178.0,V1,8354.1,9703.5,150.0,CRUISE
178.0,V2,8603.6,9270.2,150.0,CRUISE
178.0,V3,15184.7,2684.4,200.0,CRUISE
178.0,V4,6106.8,13701.7,150.0,CRUISE
179.0,V1,8329.2,9746.9,150.0,CRUISE
179.0,V2,8578.7,9313.6,150.0,CRUISE
179.0,V3,15227.9,2697.1,200.0,CRUISE
179.0,V4,6132.2,13658.7,150.0,CRUISE
180.0,V1,8304.2,9790.2,150.0,CRUISE
180.0,V2,8553.7,9356.9,150.0,CRUISE
180.0,V3,15268.7,2709.1,200.0,CRUISE
180.0,V4,6157.6,13615.6,150.0,CRUISE
181.0,V1,8279.3,9833.5,150.0,CRUISE
181.0,V2,8528.8,9400.2,150.0,CRUISE
181.0,V3,15307.0,2720.4,200.0,CRUISE
181.0,V4,6183.0,13572.5,150.0,CRUISE
182.0,V1,8254.3,9876.9,150.0,CRUISE
182.0,V2,8503.8,9443.6,150.0,CRUISE
182.0,V3,15343.0,2731.0,200.0,CRUISE
182.0,V4,6208.4,13529.4,150.0,CRUISE
183.0,V1,8229.4,9920.2,150.0,CRUISE
183.0,V2,8478.9,9486.9,150.0,CRUISE
183.0,V3,15376.6,2740.9,200.0,CRUISE
183.0,V4,6233.8,13486.4,150.0,CRUISE
184.0,V1,8204.5,9963.5,150.0,CRUISE
184.0,V2,8453.9,9530.2,150.0,CRUISE
184.0,V3,15407.8,2750.0,200.0,CRUISE
184.0,V4,6259.2,13443.3,150.0,CRUISE
185.0,V1,8179.5,10006.9,150.0,CRUISE
185.0,V2,8429.0,9573.5,150.0,CRUISE
185.0,V3,15436.5,2758.5,200.0,CRUISE
185.0,V4,6284.6,13400.2,150.0,CRUISE
186.0,V1,8154.6,10050.2,150.0,CRUISE
186.0,V2,8404.0,9616.9,150.0,CRUISE
186.0,V3,15462.9,2766.3,200.0,CRUISE
186.0,V4,6309.9,13357.1,150.0,CRUISE
187.0,V1,8129.6,10093.5,150.0,CRUISE
187.0,V2,8379.1,9660.2,150.0,CRUISE
187.0,V3,15486.9,2773.3,200.0,CRUISE
187.0,V4,6335.3,13314.1,150.0,CRUISE
188.0,V1,8104.7,10136.9,150.0,CRUISE
188.0,V2,8354.1,9703.5,150.0,CRUISE
188.0,V3,15508.5,2779.7,200.0,CRUISE
188.0,V4,6360.7,13271.0,150.0,CRUISE
189.0,V1,8079.7,10180.2,150.0,CRUISE
189.0,V2,8329.2,9746.9,150.0,CRUISE
189.0,V3,15527.7,2785.3,200.0,CRUISE
189.0,V4,6386.1,13227.9,150.0,CRUISE
190.0,V1,8054.8,10223.5,150.0,CRUISE
190.0,V2,8304.2,9790.2,150.0,CRUISE
190.0,V3,15544.5,2790.3,200.0,CRUISE
190.0,V4,6411.5,13184.8,150.0,CRUISE
191.0,V1,8029.8,10266.9,150.0,CRUISE
191.0,V2,8279.3,9833.5,150.0,CRUISE
191.0,V3,15558.9,2794.5,200.0,CRUISE
191.0,V4,6436.9,13141.8,150.0,CRUISE
192.0,V1,8004.9,10310.2,150.0,CRUISE
192.0,V2,8254.3,9876.9,150.0,CRUISE
192.0,V3,15570.9,2798.0,200.0,CRUISE
192.0,V4,6462.3,13098.7,150.0,CRUISE
193.0,V1,7979.9,10353.5,150.0,CRUISE
193.0,V2,8229.4,9920.2,150.0,CRUISE
193.0,V3,15580.4,2800.8,200.0,CRUISE
193.0,V4,6487.7,13055.6,150.0,CRUISE
194.0,V1,7955.0,10396.9,150.0,CRUISE
194.0,V2,8204.5,9963.5,150.0,CRUISE
194.0,V3,15587.6,2802.9,200.0,CRUISE
194.0,V4,6513.1,13012.6,150.0,CRUISE
195.0,V1,7930.0,10440.2,150.0,CRUISE
195.0,V2,8179.5,10006.9,150.0,CRUISE
195.0,V3,15592.4,2804.4,200.0,CRUISE
195.0,V4,6538.5,12969.5,150.0,CRUISE
196.0,V1,7905.1,10483.5,150.0,CRUISE
196.0,V2,8154.6,10050.2,150.0,CRUISE
196.0,V3,15594.8,2805.1,200.0,CRUISE
196.0,V4,6563.8,12926.4,150.0,CRUISE
197.0,V1,7880.2,10526.9,150.0,CRUISE
197.0,V2,8129.6,10093.5,150.0,CRUISE
197.0,V3,15594.8,2805.1,200.0,CRUISE
197.0,V4,6589.2,12883.3,150.0,CRUISE
198.0,V1,7855.2,10570.2,150.0,CRUISE
198.0,V2,8104.7,10136.9,150.0,CRUISE
198.0,V3,15592.4,2804.4,200.0,CRUISE
198.0,V4,6614.6,12840.3,150.0,CRUISE
199.0,V1,7830.3,10613.5,150.0,CRUISE
199.0,V2,8079.7,10180.2,150.0,CRUISE
199.0,V3,15587.6,2802.9,200.0,CRUISE
199.0,V4,6640.0,12797.2,150.0,CRUISE
200.0,V1,7805.3,10656.9,150.0,CRUISE
200.0,V2,8054.8,10223.5,150.0,CRUISE
200.0,V3,15580.4,2800.8,200.0,CRUISE
200.0,V4,6665.4,12754.1,150.0,CRUISE
201.0,V1,7780.4,10700.2,150.0,CRUISE
201.0,V2,8029.8,10266.9,150.0,CRUISE
201.0,V3,15570.9,2798.0,200.0,CRUISE
201.0,V4,6690.8,12711.0,150.0,CRUISE
202.0,V1,7755.4,10743.5,150.0,CRUISE
202.0,V2,8004.9,10310.2,150.0,CRUISE
202.0,V3,15558.9,2794.5,200.0,CRUISE
202.0,V4,6716.2,12668.0,150.0,CRUISE
203.0,V1,7730.5,10786.8,150.0,CRUISE
203.0,V2,7979.9,10353.5,150.0,CRUISE
203.0,V3,15544.5,2790.3,200.0,CRUISE
203.0,V4,6741.6,12624.9,150.0,CRUISE
204.0,V1,7705.5,10830.2,150.0,CRUISE
204.0,V2,7955.0,10396.9,150.0,CRUISE
204.0,V3,15527.7,2785.3,200.0,CRUISE
204.0,V4,6767.0,12581.8,150.0,CRUISE
205.0,V1,7680.6,10873.5,150.0,CRUISE
205.0,V2,7930.0,10440.2,150.0,CRUISE
205.0,V3,15508.5,2779.7,200.0,CRUISE
205.0,V4,6792.4,12538.7,150.0,CRUISE
206.0,V1,7655.6,10916.8,150.0,CRUISE
206.0,V2,7905.1,10483.5,150.0,CRUISE
206.0,V3,15486.9,2773.3,200.0,CRUISE
206.0,V4,6817.7,12495.7,150.0,CRUISE
207.0,V1,7630.7,10960.2,150.0,CRUISE
207.0,V2,7880.2,10526.9,150.0,CRUISE
207.0,V3,15462.9,2766.3,200.0,CRUISE
207.0,V4,6843.1,12452.6,150.0,CRUISE
208.0,V1,7605.7,11003.5,150.0,CRUISE
208.0,V2,7855.2,10570.2,150.0,CRUISE
208.0,V3,15436.5,2758.5,200.0,CRUISE
208.0,V4,6868.5,12409.5,150.0,CRUISE
209.0,V1,7580.8,11046.8,150.0,CRUISE
209.0,V2,7830.3,10613.5,150.0,CRUISE
209.0,V3,15407.8,2750.0,200.0,CRUISE
209.0,V4,6893.9,12366.4,150.0,CRUISE
210.0,V1,7555.8,11090.2,150.0,CRUISE
210.0,V2,7805.3,10656.9,150.0,CRUISE
210.0,V3,15376.6,2740.9,200.0,CRUISE
210.0,V4,6919.3,12323.4,150.0,CRUISE
211.0,V1,7530.9,11133.5,150.0,CRUISE
211.0,V2,7780.4,10700.2,150.0,CRUISE
211.0,V3,15343.0,2731.0,200.0,CRUISE
211.0,V4,6944.7,12280.3,150.0,CRUISE
212.0,V1,7506.0,11176.8,150.0,CRUISE
212.0,V2,7755.4,10743.5,150.0,CRUISE
212.0,V3,15307.0,2720.4,200.0,CRUISE
212.0,V4,6970.1,12237.2,150.0,CRUISE
213.0,V1,7481.0,11220.2,150.0,CRUISE
213.0,V2,7730.5,10786.8,150.0,CRUISE
213.0,V3,15268.7,2709.1,200.0,CRUISE
213.0,V4,6995.5,12194.1,150.0,CRUISE
214.0,V1,7456.1,11263.5,150.0,CRUISE
214.0,V2,7705.5,10830.2,150.0,CRUISE
214.0,V3,15227.9,2697.1,200.0,CRUISE
214.0,V4,7020.9,12151.1,150.0,CRUISE
215.0,V1,7431.1,11306.8,150.0,CRUISE
215.0,V2,7680.6,10873.5,150.0,CRUISE
215.0,V3,15184.7,2684.4,200.0,CRUISE
215.0,V4,7046.3,12108.0,150.0,CRUISE
216.0,V1,7406.2,11350.2,150.0,CRUISE
216.0,V2,7655.6,10916.8,150.0,CRUISE
216.0,V3,15143.9,2672.5,200.0,CRUISE
216.0,V4,7071.6,12064.9,150.0,CRUISE
217.0,V1,7381.2,11393.5,150.0,CRUISE
217.0,V2,7630.7,10960.2,150.0,CRUISE
217.0,V3,15105.6,2661.2,200.0,CRUISE
217.0,V4,7097.0,12021.9,150.0,CRUISE
218.0,V1,7356.3,11436.8,150.0,CRUISE
218.0,V2,7605.7,11003.5,150.0,CRUISE
218.0,V3,15069.6,2650.6,200.0,CRUISE
218.0,V4,7122.4,11978.8,150.0,CRUISE
219.0,V1,7331.3,11480.2,150.0,CRUISE
219.0,V2,7580.8,11046.8,150.0,CRUISE
219.0,V3,15036.0,2640.7,200.0,CRUISE
219.0,V4,7147.8,11935.7,150.0,CRUISE
220.0,V1,7306.4,11523.5,150.0,CRUISE
220.0,V2,7555.8,11090.2,150.0,CRUISE
220.0,V3,15004.8,2631.5,200.0,CRUISE
220.0,V4,7173.2,11892.6,150.0,CRUISE
221.0,V1,7281.4,11566.8,150.0,CRUISE
221.0,V2,7530.9,11133.5,150.0,CRUISE
221.0,V3,14976.0,2623.1,200.0,CRUISE
221.0,V4,7198.6,11849.6,150.0,CRUISE
222.0,V1,7256.5,11610.2,150.0,CRUISE
222.0,V2,7506.0,11176.8,150.0,CRUISE
222.0,V3,14949.7,2615.3,200.0,CRUISE
222.0,V4,7224.0,11806.5,150.0,CRUISE
223.0,V1,7231.5,11653.5,150.0,CRUISE
223.0,V2,7481.0,11220.2,150.0,CRUISE
223.0,V3,14925.7,2608.3,200.0,CRUISE
223.0,V4,7249.4,11763.4,150.0,CRUISE
224.0,V1,7206.6,11696.8,150.0,CRUISE
224.0,V2,7456.1,11263.5,150.0,CRUISE
224.0,V3,14904.1,2601.9,200.0,CRUISE
224.0,V4,7274.8,11720.3,150.0,CRUISE
225.0,V1,7181.7,11740.2,150.0,CRUISE
225.0,V2,7431.1,11306.8,150.0,CRUISE
225.0,V3,14884.9,2596.3,200.0,CRUISE
225.0,V4,7300.2,11677.3,150.0,CRUISE
226.0,V1,7156.7,11783.5,150.0,CRUISE
226.0,V2,7406.2,11350.2,150.0,CRUISE
226.0,V3,14868.1,2591.3,200.0,CRUISE
226.0,V4,7325.5,11634.2,150.0,CRUISE
227.0,V1,7131.8,11826.8,150.0,CRUISE
227.0,V2,7381.2,11393.5,150.0,CRUISE
227.0,V3,14853.7,2587.1,200.0,CRUISE
227.0,V4,7350.9,11591.1,150.0,CRUISE
228.0,V1,7106.8,11870.2,150.0,CRUISE
228.0,V2,7356.3,11436.8,150.0,CRUISE
228.0,V3,14841.7,2583.6,200.0,CRUISE
228.0,V4,7376.3,11548.0,150.0,CRUISE
229.0,V1,7081.9,11913.5,150.0,CRUISE
229.0,V2,7331.3,11480.2,150.0,CRUISE
229.0,V3,14832.1,2580.8,200.0,CRUISE
229.0,V4,7401.7,11505.0,150.0,CRUISE
230.0,V1,7056.9,11956.8,150.0,CRUISE
230.0,V2,7306.4,11523.5,150.0,CRUISE
230.0,V3,14824.9,2578.6,200.0,CRUISE
230.0,V4,7427.1,11461.9,150.0,CRUISE
231.0,V1,7032.0,12000.1,150.0,CRUISE
231.0,V2,7281.4,11566.8,150.0,CRUISE
231.0,V3,14820.1,2577.2,200.0,CRUISE
231.0,V4,7452.5,11418.8,150.0,CRUISE
232.0,V1,7007.0,12043.5,150.0,CRUISE
232.0,V2,7256.5,11610.2,150.0,CRUISE
232.0,V3,14817.7,2576.5,200.0,CRUISE
232.0,V4,7477.9,11375.7,150.0,CRUISE
233.0,V1,6982.1,12086.8,150.0,CRUISE
233.0,V2,7231.5,11653.5,150.0,CRUISE
233.0,V3,14817.7,2576.5,200.0,CRUISE
233.0,V4,7503.3,11332.7,150.0,CRUISE
234.0,V1,6957.1,12130.1,150.0,CRUISE
234.0,V2,7206.6,11696.8,150.0,CRUISE
234.0,V3,14820.1,2577.2,200.0,CRUISE
234.0,V4,7528.7,11289.6,150.0,CRUISE
235.0,V1,6932.2,12173.5,150.0,CRUISE
235.0,V2,7181.7,11740.2,150.0,CRUISE
235.0,V3,14824.9,2578.6,200.0,CRUISE
235.0,V4,7554.1,11246.5,150.0,CRUISE
236.0,V1,6907.2,12216.8,150.0,CRUISE
236.0,V2,7156.7,11783.5,150.0,CRUISE
236.0,V3,14832.1,2580.8,200.0,CRUISE
236.0,V4,7579.4,11203.5,150.0,CRUISE
237.0,V1,6882.3,12260.1,150.0,CRUISE
237.0,V2,7131.8,11826.8,150.0,CRUISE
237.0,V3,14841.7,2583.6,200.0,CRUISE
237.0,V4,7604.8,11160.4,150.0,CRUISE
238.0,V1,6857.4,12303.5,150.0,CRUISE
238.0,V2,7106.8,11870.2,150.0,CRUISE
238.0,V3,14853.7,2587.1,200.0,CRUISE
238.0,V4,7630.2,11117.3,150.0,CRUISE
239.0,V1,6832.4,12346.8,150.0,CRUISE
239.0,V2,7081.9,11913.5,150.0,CRUISE
239.0,V3,14868.1,2591.3,200.0,CRUISE
239.0,V4,7655.6,11074.2,150.0,CRUISE
240.0,V1,6807.5,12390.1,150.0,CRUISE
240.0,V2,7056.9,11956.8,150.0,CRUISE
240.0,V3,14884.9,2596.3,200.0,CRUISE
240.0,V4,7681.0,11031.2,150.0,CRUISE
241.0,V1,6782.5,12433.5,150.0,CRUISE
241.0,V2,7032.0,12000.1,150.0,CRUISE
241.0,V3,14904.1,2601.9,200.0,CRUISE
241.0,V4,7706.4,10988.1,150.0,CRUISE
242.0,V1,6757.6,12476.8,150.0,CRUISE
242.0,V2,7007.0,12043.5,150.0,CRUISE
242.0,V3,14925.7,2608.3,200.0,CRUISE
242.0,V4,7731.8,10945.0,150.0,CRUISE
243.0,V1,6732.6,12520.1,150.0,CRUISE
243.0,V2,6982.1,12086.8,150.0,CRUISE
243.0,V3,14949.7,2615.3,200.0,CRUISE
243.0,V4,7757.2,10901.9,150.0,CRUISE
244.0,V1,6707.7,12563.5,150.0,CRUISE
244.0,V2,6957.1,12130.1,150.0,CRUISE
244.0,V3,14976.0,2623.1,200.0,CRUISE
244.0,V4,7782.6,10858.9,150.0,CRUISE
245.0,V1,6682.7,12606.8,150.0,CRUISE
245.0,V2,6932.2,12173.5,150.0,CRUISE
245.0,V3,15004.8,2631.5,200.0,CRUISE
245.0,V4,7808.0,10815.8,150.0,CRUISE
246.0,V1,6657.8,12650.1,150.0,CRUISE
246.0,V2,6907.2,12216.8,150.0,CRUISE
246.0,V3,15036.0,2640.7,200.0,CRUISE
246.0,V4,7833.3,10772.7,150.0,CRUISE
247.0,V1,6632.8,12693.5,150.0,CRUISE
247.0,V2,6882.3,12260.1,150.0,CRUISE
247.0,V3,15069.6,2650.6,200.0,CRUISE
247.0,V4,7858.7,10729.6,150.0,CRUISE
248.0,V1,6607.9,12736.8,150.0,CRUISE
248.0,V2,6857.4,12303.5,150.0,CRUISE
248.0,V3,15105.6,2661.2,200.0,CRUISE
248.0,V4,7884.1,10686.6,150.0,CRUISE
249.0,V1,6582.9,12780.1,150.0,CRUISE
249.0,V2,6832.4,12346.8,150.0,CRUISE
249.0,V3,15143.9,2672.5,200.0,CRUISE
249.0,V4,7909.5,10643.5,150.0,CRUISE
250.0,V1,6558.0,12823.5,150.0,CRUISE
250.0,V2,6807.5,12390.1,150.0,CRUISE
250.0,V3,15179.9,2683.0,200.0,CRUISE
250.0,V4,7934.9,10600.4,150.0,CRUISE
251.0,V1,6533.0,12866.8,150.0,CRUISE
251.0,V2,6782.5,12433.5,150.0,CRUISE
251.0,V3,15213.5,2692.9,200.0,CRUISE
251.0,V4,7960.3,10557.3,150.0,CRUISE
252.0,V1,6508.1,12910.1,150.0,CRUISE
252.0,V2,6757.6,12476.8,150.0,CRUISE
252.0,V3,15244.7,2702.1,200.0,CRUISE
252.0,V4,7985.7,10514.3,150.0,CRUISE
253.0,V1,6483.2,12953.5,150.0,CRUISE
253.0,V2,6732.6,12520.1,150.0,CRUISE
253.0,V3,15273.4,2710.5,200.0,CRUISE
253.0,V4,8011.1,10471.2,150.0,CRUISE
254.0,V1,6458.2,12996.8,150.0,CRUISE
254.0,V2,6707.7,12563.5,150.0,CRUISE
254.0,V3,15299.8,2718.3,200.0,CRUISE
254.0,V4,8036.5,10428.1,150.0,CRUISE
255.0,V1,6433.3,13040.1,150.0,CRUISE
255.0,V2,6682.7,12606.8,150.0,CRUISE
255.0,V3,15323.8,2725.4,200.0,CRUISE
255.0,V4,8061.9,10385.1,150.0,CRUISE
256.0,V1,6408.3,13083.5,150.0,CRUISE
256.0,V2,6657.8,12650.1,150.0,CRUISE
256.0,V3,15345.4,2731.7,200.0,CRUISE
256.0,V4,8087.2,10342.0,150.0,CRUISE
257.0,V1,6383.4,13126.8,150.0,CRUISE
257.0,V2,6632.8,12693.5,150.0,CRUISE
257.0,V3,15364.6,2737.4,200.0,CRUISE
257.0,V4,8112.6,10298.9,150.0,CRUISE
258.0,V1,6358.4,13170.1,150.0,CRUISE
258.0,V2,6607.9,12736.8,150.0,CRUISE
258.0,V3,15381.4,2742.3,200.0,CRUISE
258.0,V4,8138.0,10255.8,150.0,CRUISE
259.0,V1,6333.5,13213.4,150.0,CRUISE
259.0,V2,6582.9,12780.1,150.0,CRUISE
259.0,V3,15395.8,2746.5,200.0,CRUISE
259.0,V4,8163.4,10212.8,150.0,CRUISE
260.0,V1,6308.5,13256.8,150.0,CRUISE
260.0,V2,6558.0,12823.5,150.0,CRUISE
260.0,V3,15407.8,2750.0,200.0,CRUISE
260.0,V4,8188.8,10169.7,150.0,CRUISE
261.0,V1,6283.6,13300.1,150.0,CRUISE
261.0,V2,6533.0,12866.8,150.0,CRUISE
261.0,V3,15417.4,2752.9,200.0,CRUISE
261.0,V4,8214.2,10126.6,150.0,CRUISE
262.0,V1,6258.6,13343.4,150.0,CRUISE
262.0,V2,6508.1,12910.1,150.0,CRUISE
262.0,V3,15424.6,2755.0,200.0,CRUISE
262.0,V4,8239.6,10083.5,150.0,CRUISE
263.0,V1,6233.7,13386.8,150.0,CRUISE
263.0,V2,6483.2,12953.5,150.0,CRUISE
263.0,V3,15429.3,2756.4,200.0,CRUISE
263.0,V4,8265.0,10040.5,150.0,CRUISE
264.0,V1,6208.7,13430.1,150.0,CRUISE
264.0,V2,6458.2,12996.8,150.0,CRUISE
264.0,V3,15431.7,2757.1,200.0,CRUISE
264.0,V4,8290.4,9997.4,150.0,CRUISE
265.0,V1,6183.8,13473.4,150.0,CRUISE
265.0,V2,6433.3,13040.1,150.0,CRUISE
265.0,V3,15431.7,2757.1,200.0,CRUISE
265.0,V4,8315.8,9954.3,150.0,CRUISE
266.0,V1,6158.9,13516.8,150.0,CRUISE
266.0,V2,6408.3,13083.5,150.0,CRUISE
266.0,V3,15429.3,2756.4,200.0,CRUISE
266.0,V4,8341.1,9911.2,150.0,CRUISE
267.0,V1,6133.9,13560.1,150.0,CRUISE
267.0,V2,6383.4,13126.8,150.0,CRUISE
267.0,V3,15424.6,2755.0,200.0,CRUISE
267.0,V4,8366.5,9868.2,150.0,CRUISE
268.0,V1,6109.0,13603.4,150.0,CRUISE
268.0,V2,6358.4,13170.1,150.0,CRUISE
268.0,V3,15417.4,2752.9,200.0,CRUISE
268.0,V4,8391.9,9825.1,150.0,CRUISE
269.0,V1,6084.0,13646.8,150.0,CRUISE
269.0,V2,6333.5,13213.4,150.0,CRUISE
269.0,V3,15407.8,2750.0,200.0,CRUISE
269.0,V4,8417.3,9782.0,150.0,CRUISE
270.0,V1,6059.1,13690.1,150.0,CRUISE
270.0,V2,6308.5,13256.8,150.0,CRUISE
270.0,V3,15395.8,2746.5,200.0,CRUISE
270.0,V4,8442.7,9738.9,150.0,CRUISE
271.0,V1,6034.1,13733.4,150.0,CRUISE
271.0,V2,6283.6,13300.1,150.0,CRUISE
271.0,V3,15381.4,2742.3,200.0,CRUISE
271.0,V4,8468.1,9695.9,150.0,CRUISE
272.0,V1,6009.2,13776.8,150.0,CRUISE
272.0,V2,6258.6,13343.4,150.0,CRUISE
272.0,V3,15364.6,2737.4,200.0,CRUISE
272.0,V4,8493.5,9652.8,150.0,CRUISE
273.0,V1,5984.2,13820.1,150.0,CRUISE
273.0,V2,6233.7,13386.8,150.0,CRUISE
273.0,V3,15345.4,2731.7,200.0,CRUISE
273.0,V4,8518.9,9609.7,150.0,CRUISE
274.0,V1,5959.3,13863.4,150.0,CRUISE
274.0,V2,6208.7,13430.1,150.0,CRUISE
274.0,V3,15323.8,2725.4,200.0,CRUISE
274.0,V4,8544.3,9566.6,150.0,CRUISE
275.0,V1,5934.3,13906.8,150.0,CRUISE
275.0,V2,6183.8,13473.4,150.0,CRUISE
275.0,V3,15299.8,2718.3,200.0,CRUISE
275.0,V4,8569.7,9523.6,150.0,CRUISE
276.0,V1,5909.4,13950.1,150.0,CRUISE
276.0,V2,6158.9,13516.8,150.0,CRUISE
276.0,V3,15273.4,2710.5,200.0,CRUISE
276.0,V4,8595.0,9480.5,150.0,CRUISE
277.0,V1,5884.4,13993.4,150.0,CRUISE
277.0,V2,6133.9,13560.1,150.0,CRUISE
277.0,V3,15244.7,2702.1,200.0,CRUISE
277.0,V4,8620.4,9437.4,150.0,CRUISE
278.0,V1,5859.5,14036.8,150.0,CRUISE
278.0,V2,6109.0,13603.4,150.0,CRUISE
278.0,V3,15213.5,2692.9,200.0,CRUISE
278.0,V4,8645.8,9394.4,150.0,CRUISE
279.0,V1,5834.5,14080.1,150.0,CRUISE
279.0,V2,6084.0,13646.8,150.0,CRUISE
279.0,V3,15179.9,2683.0,200.0,CRUISE
279.0,V4,8671.2,9351.3,150.0,CRUISE
280.0,V1,5809.6,14123.4,150.0,CRUISE
280.0,V2,6059.1,13690.1,150.0,CRUISE
280.0,V3,15148.7,2673.9,200.0,CRUISE
280.0,V4,8696.6,9308.2,150.0,CRUISE
281.0,V1,5784.7,14166.8,150.0,CRUISE
281.0,V2,6034.1,13733.4,150.0,CRUISE
281.0,V3,15119.9,2665.4,200.0,CRUISE
281.0,V4,8722.0,9265.1,150.0,CRUISE
282.0,V1,5759.7,14210.1,150.0,CRUISE
282.0,V2,6009.2,13776.8,150.0,CRUISE
282.0,V3,15093.6,2657.6,200.0,CRUISE
282.0,V4,8747.4,9222.1,150.0,CRUISE
283.0,V1,5734.8,14253.4,150.0,CRUISE
283.0,V2,5984.2,13820.1,150.0,CRUISE
283.0,V3,15069.6,2650.6,200.0,CRUISE
283.0,V4,8772.8,9179.0,150.0,CRUISE
284.0,V1,5709.8,14296.8,150.0,CRUISE
284.0,V2,5959.3,13863.4,150.0,CRUISE
284.0,V3,15048.0,2644.2,200.0,CRUISE
284.0,V4,8798.2,9135.9,150.0,CRUISE
285.0,V1,5684.9,14340.1,150.0,CRUISE
285.0,V2,5934.3,13906.8,150.0,CRUISE
285.0,V3,15028.8,2638.6,200.0,CRUISE
285.0,V4,8823.6,9092.8,150.0,CRUISE
286.0,V1,5659.9,14383.4,150.0,CRUISE
286.0,V2,5909.4,13950.1,150.0,CRUISE
286.0,V3,15012.0,2633.7,200.0,CRUISE
286.0,V4,8848.9,9049.8,150.0,CRUISE
287.0,V1,5635.0,14426.7,150.0,CRUISE
287.0,V2,5884.4,13993.4,150.0,CRUISE
287.0,V3,14997.6,2629.4,200.0,CRUISE
287.0,V4,8874.3,9006.7,150.0,CRUISE
288.0,V1,5610.0,14470.1,150.0,CRUISE
288.0,V2,5859.5,14036.8,150.0,CRUISE
288.0,V3,14985.6,2625.9,200.0,CRUISE
288.0,V4,8899.7,8963.6,150.0,CRUISE
289.0,V1,5585.1,14513.4,150.0,CRUISE
289.0,V2,5834.5,14080.1,150.0,CRUISE
289.0,V3,14976.0,2623.1,200.0,CRUISE
289.0,V4,8925.1,8920.5,150.0,CRUISE
290.0,V1,5560.1,14556.7,150.0,CRUISE
290.0,V2,5809.6,14123.4,150.0,CRUISE
290.0,V3,14968.8,2621.0,200.0,CRUISE
290.0,V4,8950.5,8877.5,150.0,CRUISE
291.0,V1,5535.2,14600.1,150.0,CRUISE
291.0,V2,5784.7,14166.8,150.0,CRUISE
291.0,V3,14964.1,2619.6,200.0,CRUISE
291.0,V4,8975.9,8834.4,150.0,CRUISE
292.0,V1,5510.2,14643.4,150.0,CRUISE
292.0,V2,5759.7,14210.1,150.0,CRUISE
292.0,V3,14961.7,2618.8,200.0,CRUISE
292.0,V4,9001.3,8791.3,150.0,CRUISE
293.0,V1,5485.3,14686.7,150.0,CRUISE
293.0,V2,5734.8,14253.4,150.0,CRUISE
293.0,V3,14961.7,2618.8,200.0,CRUISE
293.0,V4,9026.7,8748.2,150.0,CRUISE
294.0,V1,5460.4,14730.1,150.0,CRUISE
294.0,V2,5709.8,14296.8,150.0,CRUISE
294.0,V3,14964.1,2619.6,200.0,CRUISE
294.0,V4,9052.1,8705.2,150.0,CRUISE
295.0,V1,5435.4,14773.4,150.0,CRUISE
295.0,V2,5684.9,14340.1,150.0,CRUISE
295.0,V3,14968.8,2621.0,200.0,CRUISE
295.0,V4,9077.5,8662.1,150.0,CRUISE
296.0,V1,5410.5,14816.7,150.0,CRUISE
296.0,V2,5659.9,14383.4,150.0,CRUISE
296.0,V3,14976.0,2623.1,200.0,CRUISE
296.0,V4,9102.8,8619.0,150.0,CRUISE
297.0,V1,5385.5,14860.1,150.0,CRUISE
297.0,V2,5635.0,14426.7,150.0,CRUISE
297.0,V3,14985.6,2625.9,200.0,CRUISE
297.0,V4,9128.2,8576.0,150.0,CRUISE
298.0,V1,5360.6,14903.4,150.0,CRUISE
298.0,V2,5610.0,14470.1,150.0,CRUISE
298.0,V3,14997.6,2629.4,200.0,CRUISE
298.0,V4,9153.6,8532.9,150.0,CRUISE
299.0,V1,5335.6,14946.7,150.0,CRUISE
299.0,V2,5585.1,14513.4,150.0,CRUISE
299.0,V3,15012.0,2633.7,200.0,CRUISE
299.0,V4,9179.0,8489.8,150.0,CRUISE
300.0,V1,5310.7,14990.1,150.0,CRUISE
300.0,V2,5560.1,14556.7,150.0,CRUISE
300.0,V3,15028.8,2638.6,200.0,CRUISE
300.0,V4,9204.4,8446.7,150.0,CRUISE
301.0,V1,5285.7,15033.4,150.0,CRUISE
301.0,V2,5535.2,14600.1,150.0,CRUISE
301.0,V3,15048.0,2644.2,200.0,CRUISE
301.0,V4,9229.8,8403.7,150.0,CRUISE
302.0,V1,5260.8,15076.7,150.0,CRUISE
302.0,V2,5510.2,14643.4,150.0,CRUISE
302.0,V3,15069.6,2650.6,200.0,CRUISE
302.0,V4,9255.2,8360.6,150.0,CRUISE
303.0,V1,5235.8,15120.1,150.0,CRUISE
303.0,V2,5485.3,14686.7,150.0,CRUISE
303.0,V3,15093.6,2657.6,200.0,CRUISE
303.0,V4,9280.6,8317.5,150.0,CRUISE
304.0,V1,5210.9,15163.4,150.0,CRUISE
304.0,V2,5460.4,14730.1,150.0,CRUISE
304.0,V3,15119.9,2665.4,200.0,CRUISE
304.0,V4,9306.0,8274.4,150.0,CRUISE
305.0,V1,5185.9,15206.7,150.0,CRUISE
305.0,V2,5435.4,14773.4,150.0,CRUISE
305.0,V3,15148.7,2673.9,200.0,CRUISE
305.0,V4,9331.4,8231.4,150.0,CRUISE
306.0,V1,5161.0,15250.1,150.0,CRUISE
306.0,V2,5410.5,14816.7,150.0,CRUISE
306.0,V3,15175.1,2681.6,200.0,CRUISE
306.0,V4,9356.7,8188.3,150.0,CRUISE
307.0,V1,5136.0,15293.4,150.0,CRUISE
307.0,V2,5385.5,14860.1,150.0,CRUISE
307.0,V3,15199.1,2688.7,200.0,CRUISE
307.0,V4,9382.1,8145.2,150.0,CRUISE
308.0,V1,5111.1,15336.7,150.0,CRUISE
308.0,V2,5360.6,14903.4,150.0,CRUISE
308.0,V3,15220.7,2695.0,200.0,CRUISE
308.0,V4,9407.5,8102.1,150.0,CRUISE
309.0,V1,5086.2,15380.1,150.0,CRUISE
309.0,V2,5335.6,14946.7,150.0,CRUISE
309.0,V3,15239.9,2700.7,200.0,CRUISE
309.0,V4,9432.9,8059.1,150.0,CRUISE
310.0,V1,5061.2,15423.4,150.0,CRUISE
310.0,V2,5310.7,14990.1,150.0,CRUISE
310.0,V3,15256.7,2705.6,200.0,CRUISE
310.0,V4,9458.3,8016.0,150.0,CRUISE
311.0,V1,5036.3,15466.7,150.0,CRUISE
311.0,V2,5285.7,15033.4,150.0,CRUISE
311.0,V3,15271.1,2709.8,200.0,CRUISE
311.0,V4,9483.7,7972.9,150.0,CRUISE
312.0,V1,5011.3,15510.1,150.0,CRUISE
312.0,V2,5260.8,15076.7,150.0,CRUISE
312.0,V3,15283.0,2713.4,200.0,CRUISE
312.0,V4,9509.1,7929.8,150.0,CRUISE
313.0,V1,4986.4,15553.4,150.0,CRUISE
313.0,V2,5235.8,15120.1,150.0,CRUISE
313.0,V3,15292.6,2716.2,200.0,CRUISE
313.0,V4,9534.5,7886.8,150.0,CRUISE
314.0,V1,4961.4,15596.7,150.0,CRUISE
314.0,V2,5210.9,15163.4,150.0,CRUISE
314.0,V3,15299.8,2718.3,200.0,CRUISE
314.0,V4,9559.9,7843.7,150.0,CRUISE
315.0,V1,4936.5,15640.0,150.0,CRUISE
315.0,V2,5185.9,15206.7,150.0,CRUISE
315.0,V3,15304.6,2719.7,200.0,CRUISE
315.0,V4,9585.3,7800.6,150.0,CRUISE
316.0,V1,4911.5,15683.4,150.0,CRUISE
316.0,V2,5161.0,15250.1,150.0,CRUISE
316.0,V3,15307.0,2720.4,200.0,CRUISE
316.0,V4,9610.6,7757.6,150.0,CRUISE
317.0,V1,4886.6,15726.7,150.0,CRUISE
317.0,V2,5136.0,15293.4,150.0,CRUISE
317.0,V3,15307.0,2720.4,200.0,CRUISE
317.0,V4,9636.0,7714.5,150.0,CRUISE
318.0,V1,4861.6,15770.0,150.0,CRUISE
318.0,V2,5111.1,15336.7,150.0,CRUISE
318.0,V3,15304.6,2719.7,200.0,CRUISE
318.0,V4,9661.4,7671.4,150.0,CRUISE
319.0,V1,4836.7,15813.4,150.0,CRUISE
319.0,V2,5086.2,15380.1,150.0,CRUISE
319.0,V3,15299.8,2718.3,200.0,CRUISE
319.0,V4,9686.8,7628.3,150.0,CRUISE
320.0,V1,4811.7,15856.7,150.0,CRUISE
320.0,V2,5061.2,15423.4,150.0,CRUISE
320.0,V3,15292.6,2716.2,200.0,CRUISE
320.0,V4,9712.2,7585.3,150.0,CRUISE
321.0,V1,4786.8,15900.0,150.0,CRUISE
321.0,V2,5036.3,15466.7,150.0,CRUISE
321.0,V3,15283.0,2713.4,200.0,CRUISE
321.0,V4,9737.6,7542.2,150.0,CRUISE
322.0,V1,4761.9,15943.4,150.0,CRUISE
322.0,V2,5011.3,15510.1,150.0,CRUISE
322.0,V3,15271.1,2709.8,200.0,CRUISE
322.0,V4,9763.0,7499.1,150.0,CRUISE
323.0,V1,4736.9,15986.7,150.0,CRUISE
323.0,V2,4986.4,15553.4,150.0,CRUISE
323.0,V3,15256.7,2705.6,200.0,CRUISE
323.0,V4,9788.4,7456.0,150.0,CRUISE
324.0,V1,4712.0,16030.0,150.0,CRUISE
324.0,V2,4961.4,15596.7,150.0,CRUISE
324.0,V3,15239.9,2700.7,200.0,CRUISE
324.0,V4,9813.8,7413.0,150.0,CRUISE
325.0,V1,4687.0,16073.4,150.0,CRUISE
325.0,V2,4936.5,15640.0,150.0,CRUISE
325.0,V3,15220.7,2695.0,200.0,CRUISE
325.0,V4,9839.2,7369.9,150.0,CRUISE
326.0,V1,4662.1,16116.7,150.0,CRUISE
326.0,V2,4911.5,15683.4,150.0,CRUISE
326.0,V3,15199.1,2688.7,200.0,CRUISE
326.0,V4,9864.5,7326.8,150.0,CRUISE
327.0,V1,4637.1,16160.0,150.0,CRUISE
327.0,V2,4886.6,15726.7,150.0,CRUISE
327.0,V3,15175.1,2681.6,200.0,CRUISE
327.0,V4,9889.9,7283.7,150.0,CRUISE
328.0,V1,4612.2,16203.4,150.0,CRUISE
328.0,V2,4861.6,15770.0,150.0,CRUISE
328.0,V3,15153.5,2675.3,200.0,CRUISE
328.0,V4,9915.3,7240.7,150.0,CRUISE
329.0,V1,4587.2,16246.7,150.0,CRUISE
329.0,V2,4836.7,15813.4,150.0,CRUISE
329.0,V3,15134.3,2669.6,200.0,CRUISE
329.0,V4,9940.7,7197.6,150.0,CRUISE
330.0,V1,4562.3,16290.0,150.0,CRUISE
330.0,V2,4811.7,15856.7,150.0,CRUISE
330.0,V3,15117.6,2664.7,200.0,CRUISE
330.0,V4,9966.1,7154.5,150.0,CRUISE
331.0,V1,4537.3,16333.4,150.0,CRUISE
331.0,V2,4786.8,15900.0,150.0,CRUISE
331.0,V3,15103.2,2660.5,200.0,CRUISE
331.0,V4,9991.5,7111.4,150.0,CRUISE
332.0,V1,4512.4,16376.7,150.0,CRUISE
332.0,V2,4761.9,15943.4,150.0,CRUISE
332.0,V3,15091.2,2656.9,200.0,CRUISE
332.0,V4,10016.9,7068.4,150.0,CRUISE
333.0,V1,4487.4,16420.0,150.0,CRUISE
333.0,V2,4736.9,15986.7,150.0,CRUISE
333.0,V3,15081.6,2654.1,200.0,CRUISE
333.0,V4,10042.3,7025.3,150.0,CRUISE
334.0,V1,4462.5,16463.4,150.0,CRUISE
334.0,V2,4712.0,16030.0,150.0,CRUISE
334.0,V3,15074.4,2652.0,200.0,CRUISE
334.0,V4,10067.7,6982.2,150.0,CRUISE
335.0,V1,4437.5,16506.7,150.0,CRUISE
335.0,V2,4687.0,16073.4,150.0,CRUISE
335.0,V3,15069.6,2650.6,200.0,CRUISE
335.0,V4,10093.1,6939.1,150.0,CRUISE
336.0,V1,4412.6,16550.0,150.0,CRUISE
336.0,V2,4662.1,16116.7,150.0,CRUISE
336.0,V3,15067.2,2649.9,200.0,CRUISE
336.0,V4,10118.4,6896.1,150.0,CRUISE
337.0,V1,4387.7,16593.4,150.0,CRUISE
337.0,V2,4637.1,16160.0,150.0,CRUISE
337.0,V3,15067.2,2649.9,200.0,CRUISE
337.0,V4,10143.8,6853.0,150.0,CRUISE
338.0,V1,4362.7,16636.7,150.0,CRUISE
338.0,V2,4612.2,16203.4,150.0,CRUISE
338.0,V3,15069.6,2650.6,200.0,CRUISE
338.0,V4,10169.2,6809.9,150.0,CRUISE
339.0,V1,4337.8,16680.0,150.0,CRUISE
339.0,V2,4587.2,16246.7,150.0,CRUISE
339.0,V3,15074.4,2652.0,200.0,CRUISE
339.0,V4,10194.6,6766.9,150.0,CRUISE
340.0,V1,4312.8,16723.4,150.0,CRUISE
340.0,V2,4562.3,16290.0,150.0,CRUISE
340.0,V3,15081.6,2654.1,200.0,CRUISE
340.0,V4,10220.0,6723.8,150.0,CRUISE
341.0,V1,4287.9,16766.7,150.0,CRUISE
341.0,V2,4537.3,16333.4,150.0,CRUISE
341.0,V3,15091.2,2656.9,200.0,CRUISE
341.0,V4,10245.4,6680.7,150.0,CRUISE
342.0,V1,4262.9,16810.0,150.0,CRUISE
342.0,V2,4512.4,16376.7,150.0,CRUISE
342.0,V3,15103.2,2660.5,200.0,CRUISE
342.0,V4,10270.8,6637.6,150.0,CRUISE
343.0,V1,4238.0,16853.4,150.0,CRUISE
343.0,V2,4487.4,16420.0,150.0,CRUISE
343.0,V3,15117.6,2664.7,200.0,CRUISE
343.0,V4,10296.2,6594.6,150.0,CRUISE
344.0,V1,4213.0,16896.7,150.0,CRUISE
344.0,V2,4462.5,16463.4,150.0,CRUISE
344.0,V3,15134.3,2669.6,200.0,CRUISE
344.0,V4,10321.6,6551.5,150.0,CRUISE
345.0,V1,4188.1,16940.0,150.0,CRUISE
345.0,V2,4437.5,16506.7,150.0,CRUISE
345.0,V3,15153.5,2675.3,200.0,CRUISE
345.0,V4,10347.0,6508.4,150.0,CRUISE
346.0,V1,4163.1,16983.3,150.0,CRUISE
346.0,V2,4412.6,16550.0,150.0,CRUISE
346.0,V3,15170.3,2680.2,200.0,CRUISE
346.0,V4,10372.3,6465.3,150.0,CRUISE
347.0,V1,4138.2,17026.7,150.0,CRUISE
347.0,V2,4387.7,16593.4,150.0,CRUISE
347.0,V3,15184.7,2684.4,200.0,CRUISE
347.0,V4,10397.7,6422.3,150.0,CRUISE
348.0,V1,4113.2,17070.0,150.0,CRUISE
348.0,V2,4362.7,16636.7,150.0,CRUISE
348.0,V3,15196.7,2688.0,200.0,CRUISE
348.0,V4,10423.1,6379.2,150.0,CRUISE
349.0,V1,4088.3,17113.3,150.0,CRUISE
349.0,V2,4337.8,16680.0,150.0,CRUISE
349.0,V3,15206.3,2690.8,200.0,CRUISE
349.0,V4,10448.5,6336.1,150.0,CRUISE
350.0,V1,4063.4,17156.7,150.0,CRUISE
350.0,V2,4312.8,16723.4,150.0,CRUISE
350.0,V3,15213.5,2692.9,200.0,CRUISE
350.0,V4,10473.9,6293.0,150.0,CRUISE
351.0,V1,4038.4,17200.0,150.0,CRUISE
351.0,V2,4287.9,16766.7,150.0,CRUISE
351.0,V3,15218.3,2694.3,200.0,CRUISE
351.0,V4,10499.3,6250.0,150.0,CRUISE
352.0,V1,4013.5,17243.3,150.0,CRUISE
352.0,V2,4262.9,16810.0,150.0,CRUISE
352.0,V3,15220.7,2695.0,200.0,CRUISE
352.0,V4,10524.7,6206.9,150.0,CRUISE
353.0,V1,3988.5,17286.7,150.0,CRUISE
353.0,V2,4238.0,16853.4,150.0,CRUISE
353.0,V3,15220.7,2695.0,200.0,CRUISE
353.0,V4,10550.1,6163.8,150.0,CRUISE
354.0,V1,3963.6,17330.0,150.0,CRUISE
354.0,V2,4213.0,16896.7,150.0,CRUISE
354.0,V3,15218.3,2694.3,200.0,CRUISE
354.0,V4,10575.5,6120.7,150.0,CRUISE
355.0,V1,3938.6,17373.3,150.0,CRUISE
355.0,V2,4188.1,16940.0,150.0,CRUISE
355.0,V3,15213.5,2692.9,200.0,CRUISE
355.0,V4,10600.9,6077.7,150.0,CRUISE
356.0,V1,3913.7,17416.7,150.0,CRUISE
356.0,V2,4163.1,16983.3,150.0,CRUISE
356.0,V3,15206.3,2690.8,200.0,CRUISE
356.0,V4,10626.2,6034.6,150.0,CRUISE
357.0,V1,3888.7,17460.0,150.0,CRUISE
357.0,V2,4138.2,17026.7,150.0,CRUISE
357.0,V3,15196.7,2688.0,200.0,CRUISE
357.0,V4,10651.6,5991.5,150.0,CRUISE
358.0,V1,3863.8,17503.3,150.0,CRUISE
358.0,V2,4113.2,17070.0,150.0,CRUISE
358.0,V3,15184.7,2684.4,200.0,CRUISE
358.0,V4,10677.0,5948.5,150.0,CRUISE
359.0,V1,3838.8,17546.7,150.0,CRUISE
359.0,V2,4088.3,17113.3,150.0,CRUISE
359.0,V3,15170.3,2680.2,200.0,CRUISE
359.0,V4,10702.4,5905.4,150.0,CRUISE
360.0,V1,3813.9,17590.0,150.0,CRUISE
360.0,V2,4063.4,17156.7,150.0,CRUISE
360.0,V3,15158.3,2676.7,200.0,CRUISE
360.0,V4,10727.8,5862.3,150.0,CRUISE
361.0,V1,3788.9,17633.3,150.0,CRUISE
361.0,V2,4038.4,17200.0,150.0,CRUISE
361.0,V3,15148.6,2672.2,200.0,CRUISE
361.0,V4,10753.2,5819.2,150.0,CRUISE
362.0,V1,3764.0,17676.7,150.0,CRUISE
362.0,V2,4013.5,17243.3,150.0,CRUISE
362.0,V3,15141.3,2666.7,200.0,CRUISE
362.0,V4,10778.6,5776.2,150.0,CRUISE
363.0,V1,3739.0,17720.0,150.0,CRUISE
363.0,V2,3988.5,17286.7,150.0,CRUISE
363.0,V3,15136.3,2660.6,200.0,CRUISE
363.0,V4,10804.0,5733.1,150.0,CRUISE
364.0,V1,3714.1,17763.3,150.0,CRUISE
364.0,V2,3963.6,17330.0,150.0,CRUISE
364.0,V3,15133.7,2653.8,200.0,CRUISE
364.0,V4,10829.4,5690.0,150.0,CRUISE
365.0,V1,3689.2,17806.7,150.0,CRUISE
365.0,V2,3938.6,17373.3,150.0,CRUISE
365.0,V3,15133.6,2646.4,200.0,CRUISE
365.0,V4,10854.8,5646.9,150.0,CRUISE
366.0,V1,3664.2,17850.0,150.0,CRUISE
366.0,V2,3913.7,17416.7,150.0,CRUISE
366.0,V3,15135.9,2638.7,200.0,CRUISE
366.0,V4,10880.1,5603.9,150.0,CRUISE
367.0,V1,3639.3,17893.3,150.0,CRUISE
367.0,V2,3888.7,17460.0,150.0,CRUISE
367.0,V3,15140.8,2630.7,200.0,CRUISE
367.0,V4,10905.5,5560.8,150.0,CRUISE
368.0,V1,3614.3,17936.7,150.0,CRUISE
368.0,V2,3863.8,17503.3,150.0,CRUISE
368.0,V3,15148.1,2622.5,200.0,CRUISE
368.0,V4,10930.9,5517.7,150.0,CRUISE
369.0,V1,3589.4,17980.0,150.0,CRUISE
369.0,V2,3838.8,17546.7,150.0,CRUISE
369.0,V3,15157.9,2614.4,200.0,CRUISE
369.0,V4,10956.3,5474.6,150.0,CRUISE
370.0,V1,3564.4,18023.3,150.0,CRUISE
370.0,V2,3813.9,17590.0,150.0,CRUISE
370.0,V3,15170.3,2606.4,200.0,CRUISE
370.0,V4,10981.7,5431.6,150.0,CRUISE
371.0,V1,3539.5,18066.7,150.0,CRUISE
371.0,V2,3788.9,17633.3,150.0,CRUISE
371.0,V3,15185.1,2598.8,200.0,CRUISE
371.0,V4,11007.1,5388.5,150.0,CRUISE
372.0,V1,3514.5,18110.0,150.0,CRUISE
372.0,V2,3764.0,17676.7,150.0,CRUISE
372.0,V3,15202.3,2591.8,200.0,CRUISE
372.0,V4,11032.5,5345.4,150.0,CRUISE
373.0,V1,3489.6,18153.3,150.0,CRUISE
373.0,V2,3739.0,17720.0,150.0,CRUISE
373.0,V3,15221.8,2585.9,200.0,CRUISE
373.0,V4,11057.9,5302.3,150.0,CRUISE
374.0,V1,3464.6,18196.6,150.0,CRUISE
374.0,V2,3714.1,17763.3,150.0,CRUISE
374.0,V3,15243.3,2581.4,200.0,CRUISE
374.0,V4,11083.3,5259.3,150.0,CRUISE
375.0,V1,3439.7,18240.0,150.0,CRUISE
375.0,V2,3689.2,17806.7,150.0,CRUISE
375.0,V3,15265.6,2579.3,200.0,CRUISE
375.0,V4,11108.7,5216.2,150.0,CRUISE
376.0,V1,3414.7,18283.3,150.0,CRUISE
376.0,V2,3664.2,17850.0,150.0,CRUISE
376.0,V3,15286.7,2579.3,200.0,CRUISE
376.0,V4,11134.0,5173.1,150.0,CRUISE
377.0,V1,3389.8,18326.6,150.0,CRUISE
377.0,V2,3639.3,17893.3,150.0,CRUISE
377.0,V3,15305.7,2580.7,200.0,CRUISE
377.0,V4,11159.4,5130.1,150.0,CRUISE
378.0,V1,3364.9,18370.0,150.0,CRUISE
378.0,V2,3614.3,17936.7,150.0,CRUISE
378.0,V3,15322.3,2583.0,200.0,CRUISE
378.0,V4,11184.8,5087.0,150.0,CRUISE
379.0,V1,3339.9,18413.3,150.0,CRUISE
379.0,V2,3589.4,17980.0,150.0,CRUISE
379.0,V3,15336.5,2586.0,200.0,CRUISE
379.0,V4,11210.2,5043.9,150.0,CRUISE
380.0,V1,3315.0,18456.6,150.0,CRUISE
380.0,V2,3564.4,18023.3,150.0,CRUISE
380.0,V3,15348.3,2589.2,200.0,CRUISE
380.0,V4,11235.6,5000.8,150.0,CRUISE
381.0,V1,3290.0,18500.0,150.0,CRUISE
381.0,V2,3539.5,18066.7,150.0,CRUISE
381.0,V3,15357.6,2592.7,200.0,CRUISE
381.0,V4,11261.0,4957.8,150.0,CRUISE
382.0,V1,3265.1,18543.3,150.0,CRUISE
382.0,V2,3514.5,18110.0,150.0,CRUISE
382.0,V3,15364.3,2596.3,200.0,CRUISE
382.0,V4,11286.4,4914.7,150.0,CRUISE
383.0,V1,3240.1,18586.6,150.0,CRUISE
383.0,V2,3489.6,18153.3,150.0,CRUISE
383.0,V3,15368.6,2599.9,200.0,CRUISE
383.0,V4,11311.8,4871.6,150.0,CRUISE
384.0,V1,3215.2,18630.0,150.0,CRUISE
384.0,V2,3464.6,18196.6,150.0,CRUISE
384.0,V3,15370.4,2603.3,200.0,CRUISE
384.0,V4,11337.2,4828.5,150.0,CRUISE
385.0,V1,3190.2,18673.3,150.0,CRUISE
385.0,V2,3439.7,18240.0,150.0,CRUISE
385.0,V3,15369.6,2606.6,200.0,CRUISE
385.0,V4,11362.5,4785.5,150.0,CRUISE
386.0,V1,3165.3,18716.6,150.0,CRUISE
386.0,V2,3414.7,18283.3,150.0,CRUISE
386.0,V3,15366.4,2609.5,200.0,CRUISE
386.0,V4,11387.9,4742.4,150.0,CRUISE
387.0,V1,3140.3,18760.0,150.0,CRUISE
387.0,V2,3389.8,18326.6,150.0,CRUISE
387.0,V3,15360.7,2612.1,200.0,CRUISE
387.0,V4,11413.3,4699.3,150.0,CRUISE
388.0,V1,3115.4,18803.3,150.0,CRUISE
388.0,V2,3364.9,18370.0,150.0,CRUISE
388.0,V3,15352.6,2614.2,200.0,CRUISE
388.0,V4,11438.7,4656.2,150.0,CRUISE
389.0,V1,3090.4,18846.6,150.0,CRUISE
389.0,V2,3339.9,18413.3,150.0,CRUISE
389.0,V3,15342.0,2615.7,200.0,CRUISE
389.0,V4,11464.1,4613.2,150.0,CRUISE
390.0,V1,3065.5,18890.0,150.0,CRUISE
390.0,V2,3315.0,18456.6,150.0,CRUISE
390.0,V3,15329.1,2616.6,200.0,CRUISE
390.0,V4,11489.5,4570.1,150.0,CRUISE
391.0,V1,3041.8,18931.1,150.0,CRUISE
391.0,V2,3290.0,18500.0,150.0,CRUISE
391.0,V3,15313.8,2616.5,200.0,CRUISE
391.0,V4,11514.9,4527.0,150.0,CRUISE
392.0,V1,3019.3,18970.1,150.0,CRUISE
392.0,V2,3265.1,18543.3,150.0,CRUISE
392.0,V3,15296.3,2615.2,200.0,CRUISE
392.0,V4,11540.3,4483.9,150.0,CRUISE
393.0,V1,2998.1,19007.0,150.0,CRUISE
393.0,V2,3240.1,18586.6,150.0,CRUISE
393.0,V3,15277.8,2611.6,200.0,CRUISE
393.0,V4,11565.7,4440.9,150.0,CRUISE
394.0,V1,2978.2,19041.6,150.0,CRUISE
394.0,V2,3215.2,18630.0,150.0,CRUISE
394.0,V3,15261.6,2607.0,200.0,CRUISE
394.0,V4,11591.1,4397.8,150.0,CRUISE
395.0,V1,2959.5,19074.1,150.0,CRUISE
395.0,V2,3190.2,18673.3,150.0,CRUISE
395.0,V3,15247.9,2602.4,200.0,CRUISE
395.0,V4,11616.4,4354.7,150.0,CRUISE
396.0,V1,2942.0,19104.5,150.0,CRUISE
396.0,V2,3165.3,18716.6,150.0,CRUISE
396.0,V3,15236.7,2598.0,200.0,CRUISE
396.0,V4,11641.8,4311.6,150.0,CRUISE
397.0,V1,2925.8,19132.6,150.0,CRUISE
397.0,V2,3140.3,18760.0,150.0,CRUISE
397.0,V3,15228.0,2594.1,200.0,CRUISE
397.0,V4,11667.2,4268.6,150.0,CRUISE
398.0,V1,2910.8,19158.6,150.0,CRUISE
398.0,V2,3115.4,18803.3,150.0,CRUISE
398.0,V3,15221.7,2590.7,200.0,CRUISE
398.0,V4,11692.6,4225.5,150.0,CRUISE
399.0,V1,2897.1,19182.5,150.0,CRUISE
399.0,V2,3090.4,18846.6,150.0,CRUISE
399.0,V3,15217.8,2587.9,200.0,CRUISE
399.0,V4,11718.0,4182.4,150.0,CRUISE
400.0,V1,2884.6,19204.1,150.0,CRUISE
400.0,V2,3065.5,18890.0,150.0,CRUISE
400.0,V3,15216.3,2585.8,200.0,CRUISE
400.0,V4,11743.4,4139.4,150.0,CRUISE
401.0,V1,2873.4,19223.6,150.0,CRUISE
401.0,V2,3041.8,18931.1,150.0,CRUISE
401.0,V3,15217.2,2584.4,200.0,CRUISE
401.0,V4,11768.8,4096.3,150.0,CRUISE
402.0,V1,2863.4,19241.0,150.0,CRUISE
402.0,V2,3019.3,18970.1,150.0,CRUISE
402.0,V3,15220.5,2583.9,200.0,CRUISE
402.0,V4,11794.2,4053.2,150.0,CRUISE
403.0,V1,2854.7,19256.1,150.0,CRUISE
403.0,V2,2998.1,19007.0,150.0,CRUISE
403.0,V3,15226.1,2584.3,200.0,CRUISE
403.0,V4,11819.6,4010.1,150.0,CRUISE
404.0,V1,2847.2,19269.1,150.0,CRUISE
404.0,V2,2978.2,19041.6,150.0,CRUISE
404.0,V3,15234.0,2585.6,200.0,CRUISE
404.0,V4,11845.0,3967.1,150.0,CRUISE
405.0,V1,2841.0,19280.0,150.0,CRUISE
405.0,V2,2959.5,19074.1,150.0,CRUISE
405.0,V3,15244.2,2588.0,200.0,CRUISE
405.0,V4,11870.3,3924.0,150.0,CRUISE
406.0,V1,2836.0,19288.6,150.0,CRUISE
406.0,V2,2942.0,19104.5,150.0,CRUISE
406.0,V3,15256.5,2591.7,200.0,CRUISE
406.0,V4,11895.7,3880.9,150.0,CRUISE
407.0,V1,2832.2,19295.1,150.0,CRUISE
407.0,V2,2925.8,19132.6,150.0,CRUISE
407.0,V3,15270.3,2597.4,200.0,CRUISE
407.0,V4,11921.1,3837.8,150.0,CRUISE
408.0,V1,2829.8,19299.5,150.0,CRUISE
408.0,V2,2910.8,19158.6,150.0,CRUISE
408.0,V3,15281.5,2602.8,200.0,CRUISE
408.0,V4,11946.5,3794.8,150.0,CRUISE
409.0,V1,2828.5,19301.6,150.0,CRUISE
409.0,V2,2897.1,19182.5,150.0,CRUISE
409.0,V3,15290.4,2607.5,200.0,CRUISE
409.0,V4,11971.9,3751.7,150.0,CRUISE
410.0,V1,2828.5,19301.6,150.0,CRUISE
410.0,V2,2884.6,19204.1,150.0,CRUISE
410.0,V3,15297.0,2611.3,200.0,CRUISE
410.0,V4,11997.3,3708.6,150.0,CRUISE
411.0,V1,2829.8,19299.5,150.0,CRUISE
411.0,V2,2873.4,19223.6,150.0,CRUISE
411.0,V3,15301.3,2614.0,200.0,CRUISE
411.0,V4,12022.7,3665.5,150.0,CRUISE
412.0,V1,2832.2,19295.1,150.0,CRUISE
412.0,V2,2863.4,19241.0,150.0,CRUISE
412.0,V3,15303.3,2615.7,200.0,CRUISE
412.0,V4,12048.1,3622.5,150.0,CRUISE
413.0,V1,2836.0,19288.6,150.0,CRUISE
413.0,V2,2854.7,19256.1,150.0,CRUISE
413.0,V3,15303.0,2616.3,200.0,CRUISE
413.0,V4,12073.5,3579.4,150.0,CRUISE
414.0,V1,2841.0,19280.0,150.0,CRUISE
414.0,V2,2847.2,19269.1,150.0,CRUISE
414.0,V3,15300.6,2615.8,200.0,CRUISE
414.0,V4,12098.9,3536.3,150.0,CRUISE
415.0,V1,2847.2,19269.1,150.0,CRUISE
415.0,V2,2841.0,19280.0,150.0,CRUISE
415.0,V3,15295.9,2614.1,200.0,CRUISE
415.0,V4,12124.2,3493.2,150.0,CRUISE
416.0,V1,2854.7,19256.1,150.0,CRUISE
416.0,V2,2836.0,19288.6,150.0,CRUISE
416.0,V3,15289.1,2611.1,200.0,CRUISE
416.0,V4,12149.6,3450.2,150.0,CRUISE
417.0,V1,2863.4,19241.0,150.0,CRUISE
417.0,V2,2832.2,19295.1,150.0,CRUISE
417.0,V3,15280.2,2606.7,200.0,CRUISE
417.0,V4,12175.0,3407.1,150.0,CRUISE
418.0,V1,2873.4,19223.6,150.0,CRUISE
418.0,V2,2829.8,19299.5,150.0,CRUISE
418.0,V3,15273.5,2601.9,200.0,CRUISE
418.0,V4,12200.4,3364.0,150.0,CRUISE
419.0,V1,2884.6,19204.1,150.0,CRUISE
419.0,V2,2828.5,19301.6,150.0,CRUISE
419.0,V3,15268.5,2598.4,201.3,CLIMB
419.0,V4,12225.8,3321.0,150.0,CRUISE
420.0,V1,2897.1,19182.5,150.0,CRUISE
420.0,V2,2828.5,19301.6,150.0,CRUISE
420.0,V3,15265.2,2596.1,203.9,CLIMB
420.0,V4,12251.2,3277.9,150.0,CRUISE
421.0,V1,2910.8,19158.6,150.0,CRUISE
421.0,V2,2829.8,19299.5,150.0,CRUISE
421.0,V3,15264.0,2595.3,206.9,CRUISE
421.0,V4,12276.6,3234.8,150.0,CRUISE
422.0,V1,2925.8,19132.6,150.0,CRUISE
422.0,V2,2832.2,19295.1,150.0,CRUISE
422.0,V3,15264.8,2595.8,210.3,CRUISE
422.0,V4,12300.7,3193.9,150.0,CRUISE
423.0,V1,2942.0,19104.5,150.0,CRUISE
423.0,V2,2836.0,19288.6,150.0,CRUISE
423.0,V3,15267.6,2597.8,214.1,CRUISE
423.0,V4,12322.4,3153.5,150.0,CRUISE
424.0,V1,2959.5,19074.1,150.0,CRUISE
424.0,V2,2841.0,19280.0,150.0,CRUISE
424.0,V3,15268.5,2598.4,218.7,CLIMB
424.0,V4,12341.7,3114.0,150.0,CRUISE
425.0,V1,2978.2,19041.6,150.0,CRUISE
425.0,V2,2847.2,19269.1,150.0,CRUISE
425.0,V3,15268.5,2598.4,223.7,CLIMB
425.0,V4,12358.8,3075.6,150.0,CRUISE
426.0,V1,2998.1,19007.0,150.0,CRUISE
426.0,V2,2854.7,19256.1,150.0,CRUISE
426.0,V3,15268.5,2598.4,228.7,CLIMB
426.0,V4,12373.9,3038.6,150.0,CRUISE
427.0,V1,3019.3,18970.1,150.0,CRUISE
427.0,V2,2863.4,19241.0,150.0,CRUISE
427.0,V3,15268.5,2598.4,233.7,CLIMB
427.0,V4,12387.0,3003.2,150.0,CRUISE
428.0,V1,3041.8,18931.1,150.0,CRUISE
428.0,V2,2873.4,19223.6,150.0,CRUISE
428.0,V3,15268.5,2598.4,236.2,CLIMB
428.0,V4,12398.2,2969.5,150.0,CRUISE
429.0,V1,3063.0,18894.3,150.0,CRUISE
429.0,V2,2884.6,19204.1,150.0,CRUISE
429.0,V3,15270.3,2599.7,237.5,CRUISE
429.0,V4,12407.8,2937.7,150.0,CRUISE
430.0,V1,3083.0,18859.6,150.0,CRUISE
430.0,V2,2897.1,19182.5,150.0,CRUISE
430.0,V3,15270.3,2599.7,237.5,ARRIVED
430.0,V4,12415.7,2907.7,150.0,CRUISE
431.0,V1,3101.7,18827.1,150.0,CRUISE
431.0,V2,2910.8,19158.6,150.0,CRUISE
431.0,V4,12422.0,2879.6,150.0,CRUISE
432.0,V1,3119.1,18796.8,150.0,CRUISE
432.0,V2,2925.8,19132.6,150.0,CRUISE
432.0,V4,12426.9,2853.6,150.0,CRUISE
433.0,V1,3135.3,18768.6,150.0,CRUISE
433.0,V2,2942.0,19104.5,150.0,CRUISE
433.0,V4,12430.3,2829.6,150.0,CRUISE
434.0,V1,3150.3,18742.6,150.0,CRUISE
434.0,V2,2959.5,19074.1,150.0,CRUISE
434.0,V4,12432.3,2807.6,150.0,CRUISE
435.0,V1,3164.0,18718.8,150.0,CRUISE
435.0,V2,2978.2,19041.6,150.0,CRUISE
435.0,V4,12433.0,2787.9,150.0,CRUISE
436.0,V1,3176.5,18697.1,150.0,CRUISE
436.0,V2,2998.1,19007.0,150.0,CRUISE
436.0,V4,12432.4,2770.2,150.0,CRUISE
437.0,V1,3187.7,18677.6,150.0,CRUISE
437.0,V2,3019.3,18970.1,150.0,CRUISE
437.0,V4,12430.7,2754.8,150.0,CRUISE
438.0,V1,3197.7,18660.3,150.0,CRUISE
438.0,V2,3041.8,18931.1,150.0,CRUISE
438.0,V4,12427.7,2741.5,150.0,CRUISE
439.0,V1,3206.4,18645.1,150.0,CRUISE
439.0,V2,3063.0,18894.3,150.0,CRUISE
439.0,V4,12423.6,2730.5,150.0,CRUISE
440.0,V1,3213.9,18632.1,150.0,CRUISE
440.0,V2,3083.0,18859.6,150.0,CRUISE
440.0,V4,12418.4,2721.7,150.0,CRUISE
441.0,V1,3220.2,18621.3,150.0,CRUISE
441.0,V2,3101.7,18827.1,150.0,CRUISE
441.0,V4,12412.1,2715.2,150.0,CRUISE
442.0,V1,3225.2,18612.6,150.0,CRUISE
442.0,V2,3119.1,18796.8,150.0,CRUISE
442.0,V4,12404.8,2710.9,150.0,CRUISE
443.0,V1,3228.9,18606.1,150.0,CRUISE
443.0,V2,3135.3,18768.6,150.0,CRUISE
443.0,V4,12396.5,2709.0,150.0,CRUISE
444.0,V1,3231.4,18601.8,150.0,CRUISE
444.0,V2,3150.3,18742.6,150.0,CRUISE
444.0,V4,12387.3,2709.4,150.0,CRUISE
445.0,V1,3232.6,18599.6,150.0,CRUISE
445.0,V2,3164.0,18718.8,150.0,CRUISE
445.0,V4,12377.3,2712.1,150.0,CRUISE
446.0,V1,3232.6,18599.6,150.0,CRUISE
446.0,V2,3176.5,18697.1,150.0,CRUISE
446.0,V4,12366.3,2717.2,150.0,CRUISE
447.0,V1,3231.4,18601.8,150.0,CRUISE
447.0,V2,3187.7,18677.6,150.0,CRUISE
447.0,V4,12354.6,2724.6,150.0,CRUISE
448.0,V1,3228.9,18606.1,150.0,CRUISE
448.0,V2,3197.7,18660.3,150.0,CRUISE
448.0,V4,12342.1,2734.4,150.0,CRUISE
449.0,V1,3225.2,18612.6,150.0,CRUISE
449.0,V2,3206.4,18645.1,150.0,CRUISE
449.0,V4,12328.9,2746.6,150.0,CRUISE
450.0,V1,3220.2,18621.3,150.0,CRUISE
450.0,V2,3213.9,18632.1,150.0,CRUISE
450.0,V4,12315.0,2761.3,150.0,CRUISE
451.0,V1,3213.9,18632.1,150.0,CRUISE
451.0,V2,3220.2,18621.3,150.0,CRUISE
451.0,V4,12300.6,2778.3,150.0,CRUISE
452.0,V1,3206.4,18645.1,150.0,CRUISE
452.0,V2,3225.2,18612.6,150.0,CRUISE
452.0,V4,12285.6,2797.8,150.0,CRUISE
453.0,V1,3197.7,18660.3,150.0,CRUISE
453.0,V2,3228.9,18606.1,150.0,CRUISE
453.0,V4,12270.2,2819.8,150.0,CRUISE
454.0,V1,3187.7,18677.6,150.0,CRUISE
454.0,V2,3231.4,18601.8,150.0,CRUISE
454.0,V4,12254.4,2844.2,150.0,CRUISE
455.0,V1,3176.5,18697.1,150.0,CRUISE
455.0,V2,3232.6,18599.6,150.0,CRUISE
455.0,V4,12238.4,2871.2,150.0,CRUISE
456.0,V1,3164.0,18718.8,150.0,CRUISE
456.0,V2,3232.6,18599.6,150.0,CRUISE
456.0,V4,12222.2,2900.6,150.0,CRUISE
457.0,V1,3150.3,18742.6,150.0,CRUISE
457.0,V2,3231.4,18601.8,150.0,CRUISE
457.0,V4,12206.1,2932.5,150.0,CRUISE
458.0,V1,3135.3,18768.6,150.0,CRUISE
458.0,V2,3228.9,18606.1,150.0,CRUISE
458.0,V4,12190.2,2966.9,150.0,CRUISE
459.0,V1,3119.1,18796.8,150.0,CRUISE
459.0,V2,3225.2,18612.6,150.0,CRUISE
459.0,V4,12174.9,3003.8,150.0,CRUISE
460.0,V1,3101.7,18827.1,150.0,CRUISE
460.0,V2,3220.2,18621.3,150.0,CRUISE
460.0,V4,12160.6,3042.9,150.0,CRUISE
461.0,V1,3083.0,18859.6,150.0,CRUISE
461.0,V2,3213.9,18632.1,150.0,CRUISE
461.0,V4,12147.9,3083.9,150.0,CRUISE
462.0,V1,3063.0,18894.3,150.0,CRUISE
462.0,V2,3206.4,18645.1,150.0,CRUISE
462.0,V4,12136.8,3123.1,150.0,CRUISE
463.0,V1,3044.3,18926.8,150.0,CRUISE
463.0,V2,3197.7,18660.3,150.0,CRUISE
463.0,V4,12126.8,3159.9,150.0,CRUISE
464.0,V1,3028.1,18959.3,150.0,CRUISE
464.0,V2,3187.7,18677.6,150.0,CRUISE
464.0,V4,12117.7,3194.5,150.0,CRUISE
465.0,V1,3014.4,18991.6,150.0,CRUISE
465.0,V2,3176.5,18697.1,150.0,CRUISE
465.0,V4,12109.4,3226.6,150.0,CRUISE
466.0,V1,3003.1,19023.3,150.0,CRUISE
466.0,V2,3164.0,18718.8,150.0,CRUISE
466.0,V4,12101.9,3256.4,150.0,CRUISE
467.0,V1,2994.1,19054.0,150.0,CRUISE
467.0,V2,3150.3,18742.6,150.0,CRUISE
467.0,V4,12095.1,3283.8,150.0,CRUISE
468.0,V1,2987.3,19083.6,150.0,CRUISE
468.0,V2,3135.3,18768.6,150.0,CRUISE
468.0,V4,12089.1,3308.8,150.0,CRUISE
469.0,V1,2982.7,19111.8,150.0,CRUISE
469.0,V2,3119.1,18796.8,150.0,CRUISE
469.0,V4,12083.7,3331.4,150.0,CRUISE
470.0,V1,2979.9,19138.5,150.0,CRUISE
470.0,V2,3101.7,18827.1,150.0,CRUISE
470.0,V4,12079.0,3351.6,150.0,CRUISE
471.0,V1,2979.0,19163.4,150.0,CRUISE
471.0,V2,3083.0,18859.6,150.0,CRUISE
471.0,V4,12075.0,3369.4,150.0,CRUISE
472.0,V1,2979.9,19186.5,150.0,CRUISE
472.0,V2,3063.0,18894.3,150.0,CRUISE
472.0,V4,12071.7,3384.8,150.0,CRUISE
473.0,V1,2982.2,19207.7,150.0,CRUISE
473.0,V2,3044.3,18926.8,150.0,CRUISE
473.0,V4,12069.0,3397.8,150.0,CRUISE
474.0,V1,2986.1,19226.8,150.0,CRUISE
474.0,V2,3028.1,18959.3,150.0,CRUISE
474.0,V4,12067.0,3408.3,150.0,CRUISE
475.0,V1,2991.3,19243.9,150.0,CRUISE
475.0,V2,3014.4,18991.6,150.0,CRUISE
475.0,V4,12065.6,3416.5,150.0,CRUISE
476.0,V1,2997.8,19258.8,150.0,CRUISE
476.0,V2,3003.1,19023.3,150.0,CRUISE
476.0,V4,12064.9,3422.2,150.0,CRUISE
477.0,V1,3005.4,19271.4,150.0,CRUISE
477.0,V2,2994.1,19054.0,150.0,CRUISE
477.0,V4,12064.8,3425.5,150.0,CRUISE
478.0,V1,3014.1,19281.9,150.0,CRUISE
478.0,V2,2987.3,19083.6,150.0,CRUISE
478.0,V4,12065.3,3426.4,150.0,CRUISE
479.0,V1,3023.8,19290.0,150.0,CRUISE
479.0,V2,2982.7,19111.8,150.0,CRUISE
479.0,V4,12066.5,3424.9,150.0,CRUISE
480.0,V1,3034.3,19295.7,150.0,CRUISE
480.0,V2,2979.9,19138.5,150.0,CRUISE
480.0,V4,12068.3,3421.0,150.0,CRUISE
481.0,V1,3045.6,19299.1,150.0,CRUISE
481.0,V2,2979.0,19163.4,150.0,CRUISE
481.0,V4,12070.7,3414.6,150.0,CRUISE
482.0,V1,3057.6,19300.1,150.0,CRUISE
482.0,V2,2979.9,19186.5,150.0,CRUISE
482.0,V4,12073.7,3405.8,150.0,CRUISE
483.0,V1,3070.2,19298.6,150.0,CRUISE
483.0,V2,2982.2,19207.7,150.0,CRUISE
483.0,V4,12077.3,3394.6,150.0,CRUISE
484.0,V1,3083.2,19294.7,150.0,CRUISE
484.0,V2,2986.1,19226.8,150.0,CRUISE
484.0,V4,12081.6,3380.9,150.0,CRUISE
485.0,V1,3096.6,19288.4,150.0,CRUISE
485.0,V2,2991.3,19243.9,150.0,CRUISE
485.0,V4,12086.4,3364.8,150.0,CRUISE
486.0,V1,3110.3,19279.5,150.0,CRUISE
486.0,V2,2997.8,19258.8,150.0,CRUISE
486.0,V4,12091.8,3346.3,150.0,CRUISE
487.0,V1,3124.1,19268.1,150.0,CRUISE
487.0,V2,3005.4,19271.4,150.0,CRUISE
487.0,V4,12097.7,3325.4,150.0,CRUISE
488.0,V1,3137.9,19254.3,150.0,CRUISE
488.0,V2,3014.1,19281.9,150.0,CRUISE
488.0,V4,12104.3,3302.0,150.0,CRUISE
489.0,V1,3151.4,19237.9,150.0,CRUISE
489.0,V2,3023.8,19290.0,150.0,CRUISE
489.0,V4,12111.4,3276.2,150.0,CRUISE
490.0,V1,3164.7,19219.1,150.0,CRUISE
490.0,V2,3034.3,19295.7,150.0,CRUISE
490.0,V4,12119.0,3248.0,150.0,CRUISE
491.0,V1,3177.3,19197.8,150.0,CRUISE
491.0,V2,3045.6,19299.1,150.0,CRUISE
491.0,V4,12127.1,3217.2,150.0,CRUISE
492.0,V1,3189.1,19174.2,150.0,CRUISE
492.0,V2,3057.6,19300.1,150.0,CRUISE
492.0,V4,12135.7,3184.1,150.0,CRUISE
493.0,V1,3199.8,19148.4,150.0,CRUISE
493.0,V2,3070.2,19298.6,150.0,CRUISE
493.0,V4,12144.7,3148.5,150.0,CRUISE
494.0,V1,3208.9,19120.6,150.0,CRUISE
494.0,V2,3083.2,19294.7,150.0,CRUISE
494.0,V4,12153.9,3110.3,150.0,CRUISE
495.0,V1,3216.0,19091.3,150.0,CRUISE
495.0,V2,3096.6,19288.4,150.0,CRUISE
495.0,V4,12162.5,3074.6,150.0,CRUISE
496.0,V1,3220.6,19061.5,150.0,CRUISE
496.0,V2,3110.3,19279.5,150.0,CRUISE
496.0,V4,12170.3,3041.3,150.0,CRUISE
497.0,V1,3223.0,19032.9,150.0,CRUISE
497.0,V2,3124.1,19268.1,150.0,CRUISE
497.0,V4,12177.6,3010.5,150.0,CRUISE
498.0,V1,3223.9,19006.2,150.0,CRUISE
498.0,V2,3137.9,19254.3,150.0,CRUISE
498.0,V4,12184.3,2982.0,150.0,CRUISE
499.0,V1,3223.6,18981.7,150.0,CRUISE
499.0,V2,3151.4,19237.9,150.0,CRUISE
499.0,V4,12190.4,2956.0,150.0,CRUISE
500.0,V1,3222.4,18959.6,150.0,CRUISE
500.0,V2,3164.7,19219.1,150.0,CRUISE
500.0,V4,12195.9,2932.4,150.0,CRUISE
501.0,V1,3220.7,18939.9,150.0,CRUISE
501.0,V2,3177.3,19197.8,150.0,CRUISE
501.0,V4,12200.9,2911.3,150.0,CRUISE
502.0,V1,3218.5,18922.6,150.0,CRUISE
502.0,V2,3189.1,19174.2,150.0,CRUISE
502.0,V4,12205.2,2892.6,150.0,CRUISE
503.0,V1,3215.8,18907.8,150.0,CRUISE
503.0,V2,3199.8,19148.4,150.0,CRUISE
503.0,V4,12209.0,2876.3,150.0,CRUISE
504.0,V1,3212.9,18895.5,150.0,CRUISE
504.0,V2,3208.9,19120.6,150.0,CRUISE
504.0,V4,12212.1,2862.4,150.0,CRUISE
505.0,V1,3209.7,18885.7,150.0,CRUISE
505.0,V2,3216.0,19091.3,150.0,CRUISE
505.0,V4,12214.8,2851.0,150.0,CRUISE
506.0,V1,3206.4,18878.4,150.0,CRUISE
506.0,V2,3220.6,19061.5,150.0,CRUISE
506.0,V4,12216.8,2842.0,150.0,CRUISE
507.0,V1,3202.9,18873.6,150.0,CRUISE
507.0,V2,3223.0,19032.9,150.0,CRUISE
507.0,V4,12218.2,2835.4,150.0,CRUISE
508.0,V1,3199.3,18871.2,150.0,CRUISE
508.0,V2,3223.9,19006.2,150.0,CRUISE
508.0,V4,12219.1,2831.3,150.0,CRUISE
509.0,V1,3195.7,18871.4,150.0,CRUISE
509.0,V2,3223.6,18981.7,150.0,CRUISE
509.0,V4,12219.4,2829.6,150.0,CRUISE
510.0,V1,3192.2,18874.1,150.0,CRUISE
510.0,V2,3222.4,18959.6,150.0,CRUISE
510.0,V4,12219.1,2830.4,150.0,CRUISE
511.0,V1,3188.7,18879.2,150.0,CRUISE
511.0,V2,3220.7,18939.9,150.0,CRUISE
511.0,V4,12218.3,2833.5,150.0,CRUISE
512.0,V1,3185.3,18886.9,150.0,CRUISE
512.0,V2,3218.5,18922.6,150.0,CRUISE
512.0,V4,12216.9,2839.1,150.0,CRUISE
513.0,V1,3182.1,18897.1,150.0,CRUISE
513.0,V2,3215.8,18907.8,150.0,CRUISE
513.0,V4,12214.9,2847.2,150.0,CRUISE
514.0,V1,3179.2,18909.7,150.0,CRUISE
514.0,V2,3212.9,18895.5,150.0,CRUISE
514.0,V4,12212.3,2857.7,150.0,CRUISE
515.0,V1,3176.6,18924.9,150.0,CRUISE
515.0,V2,3209.7,18885.7,150.0,CRUISE
515.0,V4,12209.2,2870.6,150.0,CRUISE
516.0,V1,3174.3,18942.5,150.0,CRUISE
516.0,V2,3206.4,18878.4,150.0,CRUISE
516.0,V4,12205.5,2885.9,150.0,CRUISE
517.0,V1,3172.6,18962.5,150.0,CRUISE
517.0,V2,3202.9,18873.6,150.0,CRUISE
517.0,V4,12201.2,2903.7,150.0,CRUISE
518.0,V1,3171.6,18985.0,150.0,CRUISE
518.0,V2,3199.3,18871.2,150.0,CRUISE
518.0,V4,12196.4,2923.9,150.0,CRUISE
519.0,V1,3171.4,19009.8,150.0,CRUISE
519.0,V2,3195.7,18871.4,150.0,CRUISE
519.0,V4,12191.0,2946.6,150.0,CRUISE
520.0,V1,3172.7,19036.6,150.0,CRUISE
520.0,V2,3192.2,18874.1,150.0,CRUISE
520.0,V4,12185.0,2971.6,150.0,CRUISE
521.0,V1,3175.7,19061.7,150.0,CRUISE
521.0,V2,3188.7,18879.2,150.0,CRUISE
521.0,V4,12178.5,2999.2,150.0,CRUISE
522.0,V1,3179.2,19084.4,150.0,CRUISE
522.0,V2,3185.3,18886.9,150.0,CRUISE
522.0,V4,12171.5,3029.1,150.0,CRUISE
523.0,V1,3182.8,19104.5,150.0,CRUISE
523.0,V2,3182.1,18897.1,150.0,CRUISE
523.0,V4,12163.8,3061.5,150.0,CRUISE
524.0,V1,3186.3,19122.2,150.0,CRUISE
524.0,V2,3179.2,18909.7,150.0,CRUISE
524.0,V4,12155.7,3096.4,150.0,CRUISE
525.0,V1,3189.6,19137.3,150.0,CRUISE
525.0,V2,3176.6,18924.9,150.0,CRUISE
525.0,V4,12148.2,3128.8,150.0,CRUISE
526.0,V1,3192.6,19150.0,150.0,CRUISE
526.0,V2,3174.3,18942.5,150.0,CRUISE
526.0,V4,12141.2,3158.8,150.0,CRUISE
527.0,V1,3195.4,19160.2,150.0,CRUISE
527.0,V2,3172.6,18962.5,150.0,CRUISE
527.0,V4,12134.9,3186.3,150.0,CRUISE
528.0,V1,3197.8,19167.9,150.0,CRUISE
528.0,V2,3171.6,18985.0,150.0,CRUISE
528.0,V4,12129.0,3211.4,150.0,CRUISE
529.0,V1,3199.9,19173.1,150.0,CRUISE
529.0,V2,3171.4,19009.8,150.0,CRUISE
529.0,V4,12123.8,3234.1,150.0,CRUISE
530.0,V1,3201.6,19175.8,150.0,CRUISE
530.0,V2,3172.7,19036.6,150.0,CRUISE
530.0,V4,12119.1,3254.4,150.0,CRUISE
531.0,V1,3202.9,19176.1,150.0,CRUISE
531.0,V2,3175.7,19061.7,150.0,CRUISE
531.0,V4,12115.0,3272.2,150.0,CRUISE
532.0,V1,3203.7,19174.0,150.0,CRUISE
532.0,V2,3179.2,19084.4,150.0,CRUISE
532.0,V4,12111.4,3287.6,150.0,CRUISE
533.0,V1,3204.1,19169.3,150.0,CRUISE
533.0,V2,3182.8,19104.5,150.0,CRUISE
533.0,V4,12108.4,3300.5,150.0,CRUISE
534.0,V1,3204.0,19162.3,150.0,CRUISE
534.0,V2,3186.3,19122.2,150.0,CRUISE
534.0,V4,12106.0,3311.0,150.0,CRUISE
535.0,V1,3203.4,19152.7,150.0,CRUISE
535.0,V2,3189.6,19137.3,150.0,CRUISE
535.0,V4,12104.2,3319.1,150.0,CRUISE
536.0,V1,3202.3,19140.8,150.0,CRUISE
536.0,V2,3192.6,19150.0,150.0,CRUISE
536.0,V4,12102.9,3324.7,150.0,CRUISE
537.0,V1,3200.6,19126.4,150.0,CRUISE
537.0,V2,3195.4,19160.2,150.0,CRUISE
537.0,V4,12102.1,3327.9,150.0,CRUISE
538.0,V1,3198.2,19109.6,150.0,CRUISE
538.0,V2,3197.8,19167.9,150.0,CRUISE
538.0,V4,12102.0,3328.7,150.0,CRUISE
539.0,V1,3195.1,19090.3,150.0,CRUISE
539.0,V2,3199.9,19173.1,150.0,CRUISE
539.0,V4,12102.4,3327.0,150.0,CRUISE
540.0,V1,3191.0,19068.8,150.0,CRUISE
540.0,V2,3201.6,19175.8,150.0,CRUISE
540.0,V4,12103.4,3322.9,150.0,CRUISE
541.0,V1,3185.9,19049.6,150.0,CRUISE
541.0,V2,3202.9,19176.1,150.0,CRUISE
541.0,V4,12104.9,3316.4,150.0,CRUISE
542.0,V1,3181.5,19032.8,149.6,DESCENT
542.0,V2,3203.7,19174.0,150.0,CRUISE
542.0,V4,12107.0,3307.4,150.0,CRUISE
543.0,V1,3177.6,19018.5,149.1,CRUISE
543.0,V2,3204.1,19169.3,150.0,CRUISE
543.0,V4,12109.6,3296.0,150.0,CRUISE
544.0,V1,3174.1,19006.5,148.4,CRUISE
544.0,V2,3204.0,19162.3,150.0,CRUISE
544.0,V4,12112.9,3282.1,150.0,CRUISE
545.0,V1,3171.3,18997.1,147.7,CRUISE
545.0,V2,3203.4,19152.7,150.0,CRUISE
545.0,V4,12116.7,3265.8,150.0,CRUISE
546.0,V1,3169.0,18990.0,146.8,CRUISE
546.0,V2,3202.3,19140.8,150.0,CRUISE
546.0,V4,12121.0,3247.1,150.0,CRUISE
547.0,V1,3167.3,18985.4,145.8,CRUISE
547.0,V2,3200.6,19126.4,150.0,CRUISE
547.0,V4,12125.9,3226.0,150.0,CRUISE
548.0,V1,3166.3,18983.1,144.8,CRUISE
548.0,V2,3198.2,19109.6,150.0,CRUISE
548.0,V4,12131.4,3202.4,150.0,CRUISE
549.0,V1,3165.9,18983.3,143.7,CRUISE
549.0,V2,3195.1,19090.3,150.0,CRUISE
549.0,V4,12137.4,3176.3,150.0,CRUISE
550.0,V1,3166.2,18985.9,142.4,CRUISE
550.0,V2,3191.0,19068.8,150.0,CRUISE
550.0,V4,12144.0,3147.9,150.0,CRUISE
551.0,V1,3167.1,18991.0,141.1,CRUISE
551.0,V2,3185.9,19049.6,150.0,CRUISE
551.0,V4,12151.2,3117.0,150.0,CRUISE
552.0,V1,3168.7,18998.4,139.7,CRUISE
552.0,V2,3181.5,19032.8,149.6,DESCENT
552.0,V4,12157.8,3088.5,150.0,CRUISE
553.0,V1,3171.1,19008.2,138.2,CRUISE
553.0,V2,3177.6,19018.5,149.1,CRUISE
553.0,V4,12163.8,3062.5,150.0,CRUISE
554.0,V1,3174.1,19020.4,136.6,CRUISE
554.0,V2,3174.1,19006.5,148.4,CRUISE
554.0,V4,12169.2,3038.9,150.0,CRUISE
555.0,V1,3178.0,19034.9,134.8,CRUISE
555.0,V2,3171.3,18997.1,147.7,CRUISE
555.0,V4,12174.1,3017.7,150.0,CRUISE
556.0,V1,3183.2,19051.5,132.4,CRUISE
556.0,V2,3169.0,18990.0,146.8,CRUISE
556.0,V4,12178.4,2999.0,150.0,CRUISE
557.0,V1,3187.6,19065.8,129.9,DESCENT
557.0,V2,3167.3,18985.4,145.8,CRUISE
557.0,V4,12182.2,2982.7,150.0,CRUISE
558.0,V1,3191.3,19077.6,127.4,CRUISE
558.0,V2,3166.3,18983.1,144.8,CRUISE
558.0,V4,12185.4,2968.9,150.0,CRUISE
559.0,V1,3194.3,19087.0,124.8,CRUISE
559.0,V2,3165.9,18983.3,143.7,CRUISE
559.0,V4,12188.0,2957.4,150.0,CRUISE
560.0,V1,3196.6,19094.0,122.2,CRUISE
560.0,V2,3166.2,18985.9,142.4,CRUISE
560.0,V4,12190.1,2948.5,150.0,CRUISE
561.0,V1,3198.2,19098.7,119.7,CRUISE
561.0,V2,3167.1,18991.0,141.1,CRUISE
561.0,V4,12191.6,2941.9,150.0,CRUISE
562.0,V1,3199.0,19100.9,117.5,CRUISE
562.0,V2,3168.7,18998.4,139.7,CRUISE
562.0,V4,12192.6,2937.8,150.0,CRUISE
563.0,V1,3199.1,19100.8,115.5,CRUISE
563.0,V2,3171.1,19008.2,138.2,CRUISE
563.0,V4,12193.0,2936.1,150.0,CRUISE
564.0,V1,3198.4,19098.3,113.9,CRUISE
564.0,V2,3174.1,19020.4,136.6,CRUISE
564.0,V4,12192.8,2936.9,150.0,CRUISE
565.0,V1,3197.0,19093.5,112.7,CRUISE
565.0,V2,3178.0,19034.9,134.8,CRUISE
565.0,V4,12192.0,2940.1,150.0,CRUISE
566.0,V1,3194.9,19086.3,111.9,CRUISE
566.0,V2,3183.2,19051.5,132.4,CRUISE
566.0,V4,12190.7,2945.7,150.0,CRUISE
567.0,V1,3192.0,19076.8,111.6,CRUISE
567.0,V2,3187.6,19065.8,129.9,DESCENT
567.0,V4,12188.9,2953.8,150.0,CRUISE
568.0,V1,3188.3,19065.1,112.2,CRUISE
568.0,V2,3191.3,19077.6,127.4,CRUISE
568.0,V4,12186.4,2964.3,150.0,CRUISE
569.0,V1,3184.5,19053.4,115.2,CRUISE
569.0,V2,3194.3,19087.0,124.8,CRUISE
569.0,V4,12183.4,2977.2,150.0,CRUISE
570.0,V1,3181.4,19044.0,118.7,CLIMB
570.0,V2,3196.6,19094.0,122.2,CRUISE
570.0,V4,12179.9,2992.6,150.0,CRUISE
571.0,V1,3179.1,19037.1,122.0,CLIMB
571.0,V2,3198.2,19098.7,119.7,CRUISE
571.0,V4,12175.8,3010.4,150.0,CRUISE
572.0,V1,3177.6,19032.4,125.1,CRUISE
572.0,V2,3199.0,19100.9,117.5,CRUISE
572.0,V4,12171.1,3030.7,150.0,CRUISE
573.0,V1,3176.8,19030.1,127.5,CRUISE
573.0,V2,3199.1,19100.8,115.5,CRUISE
573.0,V4,12165.8,3053.3,150.0,CRUISE
574.0,V1,3176.8,19030.1,129.5,CRUISE
574.0,V2,3198.4,19098.3,113.9,CRUISE
574.0,V4,12160.0,3078.5,150.0,CRUISE
575.0,V1,3177.5,19032.5,131.0,CRUISE
575.0,V2,3197.0,19093.5,112.7,CRUISE
575.0,V4,12154.6,3102.2,150.0,CRUISE
576.0,V1,3179.0,19037.1,131.9,CRUISE
576.0,V2,3194.9,19086.3,111.9,CRUISE
576.0,V4,12149.6,3123.5,150.5,CLIMB
577.0,V1,3181.3,19044.1,132.1,CRUISE
577.0,V2,3192.0,19076.8,111.6,CRUISE
577.0,V4,12145.3,3142.4,151.3,CRUISE
578.0,V1,3182.8,19048.8,131.3,DESCENT
578.0,V2,3188.3,19065.1,112.2,CRUISE
578.0,V4,12141.5,3158.9,152.2,CRUISE
579.0,V1,3183.6,19051.4,129.4,DESCENT
579.0,V2,3184.5,19053.4,115.2,CRUISE
579.0,V4,12138.2,3172.9,153.3,CRUISE
580.0,V1,3183.7,19051.8,126.6,DESCENT
580.0,V2,3181.4,19044.0,118.7,CLIMB
580.0,V4,12135.6,3184.5,154.5,CRUISE
581.0,V1,3183.7,19051.8,123.6,DESCENT
581.0,V2,3179.1,19037.1,122.0,CLIMB
581.0,V4,12133.5,3193.7,155.9,CRUISE
582.0,V1,3183.7,19051.8,123.6,ARRIVED
582.0,V2,3177.6,19032.4,125.1,CRUISE
582.0,V4,12131.9,3200.4,157.4,CRUISE
583.0,V2,3176.8,19030.1,127.5,CRUISE
583.0,V4,12130.9,3204.7,159.1,CRUISE
584.0,V2,3176.8,19030.1,129.5,CRUISE
584.0,V4,12130.5,3206.6,161.0,CRUISE
585.0,V2,3177.5,19032.5,131.0,CRUISE
585.0,V4,12130.6,3206.1,163.0,CRUISE
586.0,V2,3179.0,19037.1,131.9,CRUISE
586.0,V4,12131.3,3203.1,165.1,CRUISE
587.0,V2,3181.3,19044.1,132.1,CRUISE
587.0,V4,12132.5,3197.7,167.4,CRUISE
588.0,V2,3182.8,19048.8,131.3,DESCENT
588.0,V4,12134.3,3189.8,169.9,CRUISE
589.0,V2,3183.6,19051.4,129.4,DESCENT
589.0,V4,12136.7,3179.6,172.5,CRUISE
590.0,V2,3183.7,19051.8,126.6,DESCENT
590.0,V4,12139.6,3166.8,175.2,CRUISE
591.0,V2,3183.7,19051.8,123.6,DESCENT
591.0,V4,12143.1,3151.7,178.1,CRUISE
592.0,V2,3183.7,19051.8,123.6,ARRIVED
592.0,V4,12147.2,3134.1,181.2,CRUISE
593.0,V4,12151.8,3114.1,184.6,CRUISE
594.0,V4,12155.9,3096.6,188.4,CRUISE
595.0,V4,12159.4,3081.4,192.5,CLIMB
596.0,V4,12162.3,3068.7,196.5,CRUISE
597.0,V4,12164.7,3058.4,200.7,CRUISE
598.0,V4,12166.5,3050.5,204.7,CRUISE
599.0,V4,12167.7,3045.1,208.5,CRUISE
600.0,V4,12168.4,3042.0,211.9,CRUISE
601.0,V4,12168.6,3041.4,215.1,CRUISE
602.0,V4,12168.1,3043.3,218.0,CRUISE
603.0,V4,12167.2,3047.5,220.5,CRUISE
604.0,V4,12165.6,3054.1,222.8,CRUISE
605.0,V4,12163.5,3063.2,224.7,CRUISE
606.0,V4,12160.9,3074.7,226.3,CRUISE
607.0,V4,12157.7,3088.5,227.2,CRUISE
608.0,V4,12154.5,3102.2,225.5,CRUISE
609.0,V4,12151.9,3113.5,223.7,DESCENT
610.0,V4,12149.9,3122.4,221.7,CRUISE
611.0,V4,12148.4,3128.8,219.6,CRUISE
612.0,V4,12147.5,3132.8,217.5,CRUISE
613.0,V4,12147.1,3134.4,215.3,CRUISE
614.0,V4,12147.3,3133.5,213.1,CRUISE
615.0,V4,12148.1,3130.2,210.7,CRUISE
616.0,V4,12149.4,3124.4,208.4,CRUISE
617.0,V4,12151.3,3116.2,205.9,CRUISE
618.0,V4,12153.8,3105.6,203.2,CRUISE
619.0,V4,12153.8,3105.6,203.2,ARRIVED
