
============================================================
  Phase 2: Algorithm Evaluation — Scenario E
============================================================

[run_scenario] Resume: 1760 runs already in /home/imnyj/papers/paper3/paper/data/E_full.csv; will skip those.
[HEARTBEAT] 시작 | 2026-06-01 23:11:21 | 시나리오=E | total_runs=3520 | already_done=1760
  [1761/3520] d=10 eps=0 g=0.0 tau=5 algo=RILP        seed=42 | CHR=0.220 AoI=0.780 | run=2.0s tot=2s eta=57m
  [1762/3520] d=10 eps=0 g=0.0 tau=5 algo=RILP        seed=43 | CHR=0.236 AoI=0.764 | run=2.4s tot=4s eta=63m
  [1763/3520] d=10 eps=0 g=0.0 tau=5 algo=RILP        seed=44 | CHR=0.213 AoI=0.787 | run=5148.6s tot=5153s eta=50298m
[HEARTBEAT] 2026-06-02 00:37:14 | 경과=1h 25m 52s | 진행=1763/3520 (50.1%) | 평균=1717.6s/run | ETA=838h 18m | 최근완료: algo=RILP d=10 eps=0 g=0.0 tau=5 seed=44
  [1764/3520] d=10 eps=0 g=0.0 tau=5 algo=RILP        seed=45 | CHR=0.261 AoI=0.739 | run=4058.4s tot=9211s eta=67396m
[HEARTBEAT] 2026-06-02 01:44:52 | 경과=2h 33m 31s | 진행=1764/3520 (50.1%) | 평균=2302.8s/run | ETA=1123h 16m | 최근완료: algo=RILP d=10 eps=0 g=0.0 tau=5 seed=45
  [1765/3520] d=10 eps=0 g=0.0 tau=5 algo=RILP        seed=46 | CHR=0.207 AoI=0.793 | run=4188.9s tot=13400s eta=78392m
[HEARTBEAT] 2026-06-02 02:54:41 | 경과=3h 43m 20s | 진행=1765/3520 (50.1%) | 평균=2680.1s/run | ETA=1306h 31m | 최근완료: algo=RILP d=10 eps=0 g=0.0 tau=5 seed=46
  [1766/3520] d=10 eps=0 g=0.0 tau=5 algo=RILP        seed=47 | CHR=0.226 AoI=0.774 | run=4875.3s tot=18276s eta=89043m
[HEARTBEAT] 2026-06-02 04:15:56 | 경과=5h 04m 35s | 진행=1766/3520 (50.2%) | 평균=3045.9s/run | ETA=1484h 02m | 최근완료: algo=RILP d=10 eps=0 g=0.0 tau=5 seed=47
  [1767/3520] d=10 eps=0 g=0.0 tau=5 algo=RILP        seed=48 | CHR=0.223 AoI=0.777 | run=4536.3s tot=22812s eta=95213m
[HEARTBEAT] 2026-06-02 05:31:33 | 경과=6h 20m 11s | 진행=1767/3520 (50.2%) | 평균=3258.8s/run | ETA=1586h 52m | 최근완료: algo=RILP d=10 eps=0 g=0.0 tau=5 seed=48
  [1768/3520] d=10 eps=0 g=0.0 tau=5 algo=RILP        seed=49 | CHR=0.257 AoI=0.743 | run=4526.6s tot=27339s eta=99786m
[HEARTBEAT] 2026-06-02 06:46:59 | 경과=7h 35m 38s | 진행=1768/3520 (50.2%) | 평균=3417.3s/run | ETA=1663h 05m | 최근완료: algo=RILP d=10 eps=0 g=0.0 tau=5 seed=49
  [1769/3520] d=10 eps=0 g=0.0 tau=5 algo=RILP        seed=50 | CHR=0.223 AoI=0.777 | run=4457.7s tot=31796s eta=103102m
[HEARTBEAT] 2026-06-02 08:01:17 | 경과=8h 49m 56s | 진행=1769/3520 (50.3%) | 평균=3532.9s/run | ETA=1718h 22m | 최근완료: algo=RILP d=10 eps=0 g=0.0 tau=5 seed=50
  [1770/3520] d=10 eps=0 g=0.0 tau=5 algo=RILP        seed=51 | CHR=0.261 AoI=0.739 | run=5052.0s tot=36848s eta=107474m
[HEARTBEAT] 2026-06-02 09:25:29 | 경과=10h 14m 08s | 진행=1770/3520 (50.3%) | 평균=3684.8s/run | ETA=1791h 14m | 최근완료: algo=RILP d=10 eps=0 g=0.0 tau=5 seed=51
  [1771/3520] d=10 eps=0 g=0.0 tau=5 algo=RILP-Greedy seed=42 | CHR=0.220 AoI=0.780 | run=7.1s tot=36855s eta=97667m
  [1772/3520] d=10 eps=0 g=0.0 tau=5 algo=RILP-Greedy seed=43 | CHR=0.236 AoI=0.764 | run=2.0s tot=36857s eta=89482m
  [1773/3520] d=10 eps=0 g=0.0 tau=5 algo=RILP-Greedy seed=44 | CHR=0.213 AoI=0.787 | run=5061.3s tot=41919s eta=93887m
[HEARTBEAT] 2026-06-02 10:49:59 | 경과=11h 38m 38s | 진행=1773/3520 (50.4%) | 평균=3224.5s/run | ETA=1564h 47m | 최근완료: algo=RILP-Greedy d=10 eps=0 g=0.0 tau=5 seed=44
  [1774/3520] d=10 eps=0 g=0.0 tau=5 algo=RILP-Greedy seed=45 | CHR=0.261 AoI=0.739 | run=6365.6s tot=48284s eta=100362m
[HEARTBEAT] 2026-06-02 12:36:05 | 경과=13h 24m 44s | 진행=1774/3520 (50.4%) | 평균=3448.9s/run | ETA=1672h 42m | 최근완료: algo=RILP-Greedy d=10 eps=0 g=0.0 tau=5 seed=45
