
============================================================
  Phase 2: Algorithm Evaluation — Scenario C
============================================================

[run_scenario] Resume: 2973 runs already in /home/imnyj/papers/paper3/paper/data/C_full.csv; will skip those.
[HEARTBEAT] 시작 | 2026-06-02 13:16:52 | 시나리오=C | total_runs=5600 | already_done=2973
  [2974/5600] d=10 eps=0 g=2.0 tau=5 algo=RILP        seed=51 | CHR=0.261 AoI=0.739 | run=3445.0s tot=3445s eta=150778m
  [2975/5600] d=10 eps=0 g=2.0 tau=5 algo=RILP-Greedy seed=44 | CHR=0.213 AoI=0.787 | run=3332.6s tot=6778s eta=148261m
[HEARTBEAT] 2026-06-02 15:09:50 | 경과=1h 52m 57s | 진행=2975/5600 (53.1%) | 평균=3388.8s/run | ETA=2471h 00m | 최근완료: algo=RILP-Greedy d=10 eps=0 g=2.0 tau=5 seed=44
  [2976/5600] d=10 eps=0 g=2.0 tau=5 algo=RILP-Greedy seed=45 | CHR=0.261 AoI=0.739 | run=3108.5s tot=9886s eta=144118m
  [2977/5600] d=10 eps=0 g=2.0 tau=5 algo=RILP-Greedy seed=46 | CHR=0.207 AoI=0.793 | run=3126.4s tot=13013s eta=142216m
[HEARTBEAT] 2026-06-02 16:53:45 | 경과=3h 36m 52s | 진행=2977/5600 (53.2%) | 평균=3253.1s/run | ETA=2370h 16m | 최근완료: algo=RILP-Greedy d=10 eps=0 g=2.0 tau=5 seed=46
  [2978/5600] d=10 eps=0 g=2.0 tau=5 algo=RILP-Greedy seed=47 | CHR=0.226 AoI=0.774 | run=3166.8s tot=16179s eta=141408m
  [2979/5600] d=10 eps=0 g=2.0 tau=5 algo=RILP-Greedy seed=48 | CHR=0.223 AoI=0.777 | run=3096.8s tot=19276s eta=140341m
[HEARTBEAT] 2026-06-02 18:38:08 | 경과=5h 21m 16s | 진행=2979/5600 (53.2%) | 평균=3212.7s/run | ETA=2339h 01m | 최근완료: algo=RILP-Greedy d=10 eps=0 g=2.0 tau=5 seed=48
  [2980/5600] d=10 eps=0 g=2.0 tau=5 algo=RILP-Greedy seed=49 | CHR=0.257 AoI=0.743 | run=3083.6s tot=22360s eta=139482m
  [2981/5600] d=10 eps=0 g=2.0 tau=5 algo=RILP-Greedy seed=50 | CHR=0.223 AoI=0.777 | run=3103.5s tot=25463s eta=138934m
[HEARTBEAT] 2026-06-02 20:21:15 | 경과=7h 04m 23s | 진행=2981/5600 (53.2%) | 평균=3182.9s/run | ETA=2315h 34m | 최근완료: algo=RILP-Greedy d=10 eps=0 g=2.0 tau=5 seed=50
  [2982/5600] d=10 eps=0 g=2.0 tau=5 algo=RILP-Greedy seed=51 | CHR=0.261 AoI=0.739 | run=3076.1s tot=28539s eta=138363m
  [2983/5600] d=10 eps=0 g=2.0 tau=5 algo=Nam2023b    seed=44 | CHR=0.835 AoI=0.165 | run=3345.1s tot=31884s eta=139069m
[HEARTBEAT] 2026-06-02 22:08:17 | 경과=8h 51m 24s | 진행=2983/5600 (53.3%) | 평균=3188.4s/run | ETA=2317h 49m | 최근완료: algo=Nam2023b d=10 eps=0 g=2.0 tau=5 seed=44
  [2984/5600] d=10 eps=0 g=2.0 tau=5 algo=Nam2023b    seed=45 | CHR=0.845 AoI=0.155 | run=3318.3s tot=35203s eta=139531m
  [2985/5600] d=10 eps=0 g=2.0 tau=5 algo=Nam2023b    seed=46 | CHR=0.821 AoI=0.179 | run=3342.2s tot=38545s eta=139993m
[HEARTBEAT] 2026-06-02 23:59:17 | 경과=10h 42m 24s | 진행=2985/5600 (53.3%) | 평균=3212.1s/run | ETA=2333h 12m | 최근완료: algo=Nam2023b d=10 eps=0 g=2.0 tau=5 seed=46
  [2986/5600] d=10 eps=0 g=2.0 tau=5 algo=Nam2023b    seed=47 | CHR=0.834 AoI=0.166 | run=3443.2s tot=41988s eta=140714m
  [2987/5600] d=10 eps=0 g=2.0 tau=5 algo=Nam2023b    seed=48 | CHR=0.832 AoI=0.168 | run=3374.6s tot=45363s eta=141110m
[HEARTBEAT] 2026-06-03 01:52:55 | 경과=12h 36m 02s | 진행=2987/5600 (53.3%) | 평균=3240.2s/run | ETA=2351h 50m | 최근완료: algo=Nam2023b d=10 eps=0 g=2.0 tau=5 seed=48
  [2988/5600] d=10 eps=0 g=2.0 tau=5 algo=Nam2023b    seed=49 | CHR=0.837 AoI=0.163 | run=3344.0s tot=48707s eta=141358m
  [2989/5600] d=10 eps=0 g=2.0 tau=5 algo=Nam2023b    seed=50 | CHR=0.830 AoI=0.170 | run=3366.9s tot=52074s eta=141629m
[HEARTBEAT] 2026-06-03 03:44:46 | 경과=14h 27m 53s | 진행=2989/5600 (53.4%) | 평균=3254.6s/run | ETA=2360h 29m | 최근완료: algo=Nam2023b d=10 eps=0 g=2.0 tau=5 seed=50
  [2990/5600] d=10 eps=0 g=2.0 tau=5 algo=Nam2023b    seed=51 | CHR=0.824 AoI=0.176 | run=3302.4s tot=55376s eta=141697m
  [2991/5600] d=10 eps=0 g=2.0 tau=5 algo=Nam2025     seed=42 | CHR=0.220 AoI=0.780 | run=6.0s tot=55382s eta=133788m
  [2992/5600] d=10 eps=0 g=2.0 tau=5 algo=Nam2025     seed=43 | CHR=0.236 AoI=0.764 | run=1.4s tot=55383s eta=126702m
  [2993/5600] d=10 eps=0 g=2.0 tau=5 algo=Nam2025     seed=44 | CHR=0.199 AoI=0.801 | run=2893.7s tot=58277s eta=126607m
[HEARTBEAT] 2026-06-03 05:28:09 | 경과=16h 11m 16s | 진행=2993/5600 (53.4%) | 평균=2913.8s/run | ETA=2110h 06m | 최근완료: algo=Nam2025 d=10 eps=0 g=2.0 tau=5 seed=44
  [2994/5600] d=10 eps=0 g=2.0 tau=5 algo=Nam2025     seed=45 | CHR=0.225 AoI=0.775 | run=2831.8s tot=61109s eta=126388m
  [2995/5600] d=10 eps=0 g=2.0 tau=5 algo=Nam2025     seed=46 | CHR=0.195 AoI=0.805 | run=2907.5s tot=64016s eta=126335m
[HEARTBEAT] 2026-06-03 07:03:48 | 경과=17h 46m 56s | 진행=2995/5600 (53.5%) | 평균=2909.8s/run | ETA=2105h 35m | 최근완료: algo=Nam2025 d=10 eps=0 g=2.0 tau=5 seed=46
  [2996/5600] d=10 eps=0 g=2.0 tau=5 algo=Nam2025     seed=47 | CHR=0.226 AoI=0.774 | run=2952.9s tot=66969s eta=126368m
  [2997/5600] d=10 eps=0 g=2.0 tau=5 algo=Nam2025     seed=48 | CHR=0.216 AoI=0.784 | run=2842.2s tot=69811s eta=126194m
[HEARTBEAT] 2026-06-03 08:40:24 | 경과=19h 23m 31s | 진행=2997/5600 (53.5%) | 평균=2908.8s/run | ETA=2103h 13m | 최근완료: algo=Nam2025 d=10 eps=0 g=2.0 tau=5 seed=48
  [2998/5600] d=10 eps=0 g=2.0 tau=5 algo=Nam2025     seed=49 | CHR=0.257 AoI=0.743 | run=2857.0s tot=72668s eta=126056m
  [2999/5600] d=10 eps=0 g=2.0 tau=5 algo=Nam2025     seed=50 | CHR=0.241 AoI=0.759 | run=2868.6s tot=75537s eta=125943m
[HEARTBEAT] 2026-06-03 10:15:49 | 경과=20h 58m 57s | 진행=2999/5600 (53.6%) | 평균=2905.3s/run | ETA=2099h 03m | 최근완료: algo=Nam2025 d=10 eps=0 g=2.0 tau=5 seed=50
  [3000/5600] d=10 eps=0 g=2.0 tau=5 algo=Nam2025     seed=51 | CHR=0.261 AoI=0.739 | run=2843.9s tot=78381s eta=125797m
  [3001/5600] d=10 eps=0 g=2.0 tau=5 algo=Youn2026    seed=42 | CHR=0.220 AoI=0.780 | run=6.1s tot=78387s eta=121267m
  [3002/5600] d=10 eps=0 g=2.0 tau=5 algo=Youn2026    seed=43 | CHR=0.236 AoI=0.764 | run=1.2s tot=78388s eta=117042m
  [3003/5600] d=10 eps=0 g=2.0 tau=5 algo=Youn2026    seed=44 | CHR=0.213 AoI=0.787 | run=2830.1s tot=81218s eta=117180m
[HEARTBEAT] 2026-06-03 11:50:30 | 경과=22h 33m 38s | 진행=3003/5600 (53.6%) | 평균=2707.3s/run | ETA=1952h 59m | 최근완료: algo=Youn2026 d=10 eps=0 g=2.0 tau=5 seed=44
  [3004/5600] d=10 eps=0 g=2.0 tau=5 algo=Youn2026    seed=45 | CHR=0.261 AoI=0.739 | run=2790.5s tot=84009s eta=117251m
  [3005/5600] d=10 eps=0 g=2.0 tau=5 algo=Youn2026    seed=46 | CHR=0.207 AoI=0.793 | run=2875.2s tot=86884s eta=117429m
[HEARTBEAT] 2026-06-03 13:24:56 | 경과=24h 08m 04s | 진행=3005/5600 (53.7%) | 평균=2715.1s/run | ETA=1957h 09m | 최근완료: algo=Youn2026 d=10 eps=0 g=2.0 tau=5 seed=46
  [3006/5600] d=10 eps=0 g=2.0 tau=5 algo=Youn2026    seed=47 | CHR=0.226 AoI=0.774 | run=2896.5s tot=89781s eta=117622m
  [3007/5600] d=10 eps=0 g=2.0 tau=5 algo=Youn2026    seed=48 | CHR=0.223 AoI=0.777 | run=2837.5s tot=92618s eta=117725m
[HEARTBEAT] 2026-06-03 15:00:30 | 경과=25h 43m 38s | 진행=3007/5600 (53.7%) | 평균=2724.1s/run | ETA=1962h 04m | 최근완료: algo=Youn2026 d=10 eps=0 g=2.0 tau=5 seed=48
  [3008/5600] d=10 eps=0 g=2.0 tau=5 algo=Youn2026    seed=49 | CHR=0.257 AoI=0.743 | run=2861.7s tot=95480s eta=117849m
  [3009/5600] d=10 eps=0 g=2.0 tau=5 algo=Youn2026    seed=50 | CHR=0.223 AoI=0.777 | run=2852.1s tot=98332s eta=117953m
[HEARTBEAT] 2026-06-03 16:35:44 | 경과=27h 18m 51s | 진행=3009/5600 (53.7%) | 평균=2731.4s/run | ETA=1965h 52m | 최근완료: algo=Youn2026 d=10 eps=0 g=2.0 tau=5 seed=50
  [3010/5600] d=10 eps=0 g=2.0 tau=5 algo=Youn2026    seed=51 | CHR=0.261 AoI=0.739 | run=2841.4s tot=101173s eta=118036m
  [3011/5600] d=10 eps=0 g=2.0 tau=5 algo=V2I-Base    seed=42 | CHR=0.220 AoI=0.780 | run=5.8s tot=101179s eta=114892m
  [3012/5600] d=10 eps=0 g=2.0 tau=5 algo=V2I-Base    seed=43 | CHR=0.236 AoI=0.764 | run=1.1s tot=101180s eta=111904m
  [3013/5600] d=10 eps=0 g=2.0 tau=5 algo=V2I-Base    seed=44 | CHR=0.213 AoI=0.787 | run=2835.7s tot=104016s eta=112120m
[HEARTBEAT] 2026-06-03 18:10:28 | 경과=28h 53m 35s | 진행=3013/5600 (53.8%) | 평균=2600.4s/run | ETA=1868h 40m | 최근완료: algo=V2I-Base d=10 eps=0 g=2.0 tau=5 seed=44
  [3014/5600] d=10 eps=0 g=2.0 tau=5 algo=V2I-Base    seed=45 | CHR=0.261 AoI=0.739 | run=2779.7s tot=106796s eta=112266m
  [3015/5600] d=10 eps=0 g=2.0 tau=5 algo=V2I-Base    seed=46 | CHR=0.207 AoI=0.793 | run=2844.9s tot=109641s eta=112469m
[HEARTBEAT] 2026-06-03 19:44:13 | 경과=30h 27m 20s | 진행=3015/5600 (53.8%) | 평균=2610.5s/run | ETA=1874h 28m | 최근완료: algo=V2I-Base d=10 eps=0 g=2.0 tau=5 seed=46
  [3016/5600] d=10 eps=0 g=2.0 tau=5 algo=V2I-Base    seed=47 | CHR=0.226 AoI=0.774 | run=2878.8s tot=112519s eta=112694m
  [3017/5600] d=10 eps=0 g=2.0 tau=5 algo=V2I-Base    seed=48 | CHR=0.223 AoI=0.777 | run=2819.8s tot=115339s eta=112849m
[HEARTBEAT] 2026-06-03 21:19:11 | 경과=32h 02m 19s | 진행=3017/5600 (53.9%) | 평균=2621.3s/run | ETA=1880h 48m | 최근완료: algo=V2I-Base d=10 eps=0 g=2.0 tau=5 seed=48
  [3018/5600] d=10 eps=0 g=2.0 tau=5 algo=V2I-Base    seed=49 | CHR=0.257 AoI=0.743 | run=2826.9s tot=118166s eta=113002m
  [3019/5600] d=10 eps=0 g=2.0 tau=5 algo=V2I-Base    seed=50 | CHR=0.223 AoI=0.777 | run=2822.9s tot=120989s eta=113142m
[HEARTBEAT] 2026-06-03 22:53:21 | 경과=33h 36m 28s | 진행=3019/5600 (53.9%) | 평균=2630.2s/run | ETA=1885h 42m | 최근완료: algo=V2I-Base d=10 eps=0 g=2.0 tau=5 seed=50
  [3020/5600] d=10 eps=0 g=2.0 tau=5 algo=V2I-Base    seed=51 | CHR=0.261 AoI=0.739 | run=2818.1s tot=123807s eta=113270m
  [3021/5600] d=10 eps=0 g=2.0 tau=5 algo=V2V-Base    seed=42 | CHR=0.391 AoI=0.609 | run=6.1s tot=123813s eta=110873m
  [3022/5600] d=10 eps=0 g=2.0 tau=5 algo=V2V-Base    seed=43 | CHR=0.388 AoI=0.612 | run=1.3s tot=123814s eta=108569m
  [3023/5600] d=10 eps=0 g=2.0 tau=5 algo=V2V-Base    seed=44 | CHR=0.856 AoI=0.144 | run=3221.8s tot=127036s eta=109124m
[HEARTBEAT] 2026-06-04 00:34:08 | 경과=35h 17m 16s | 진행=3023/5600 (54.0%) | 평균=2540.7s/run | ETA=1818h 44m | 최근완료: algo=V2V-Base d=10 eps=0 g=2.0 tau=5 seed=44
  [3024/5600] d=10 eps=0 g=2.0 tau=5 algo=V2V-Base    seed=45 | CHR=0.866 AoI=0.134 | run=3148.2s tot=130184s eta=109593m
  [3025/5600] d=10 eps=0 g=2.0 tau=5 algo=V2V-Base    seed=46 | CHR=0.844 AoI=0.156 | run=3180.9s tot=133365s eta=110069m
[HEARTBEAT] 2026-06-04 02:19:38 | 경과=37h 02m 45s | 진행=3025/5600 (54.0%) | 평균=2564.7s/run | ETA=1834h 29m | 최근완료: algo=V2V-Base d=10 eps=0 g=2.0 tau=5 seed=46
  [3026/5600] d=10 eps=0 g=2.0 tau=5 algo=V2V-Base    seed=47 | CHR=0.856 AoI=0.144 | run=4833.9s tot=138199s eta=111863m
[HEARTBEAT] 2026-06-04 03:40:12 | 경과=38h 23m 19s | 진행=3026/5600 (54.0%) | 평균=2607.5s/run | ETA=1864h 23m | 최근완료: algo=V2V-Base d=10 eps=0 g=2.0 tau=5 seed=47
  [3027/5600] d=10 eps=0 g=2.0 tau=5 algo=V2V-Base    seed=48 | CHR=0.855 AoI=0.145 | run=4096.0s tot=142295s eta=113002m
[HEARTBEAT] 2026-06-04 04:48:28 | 경과=39h 31m 35s | 진행=3027/5600 (54.1%) | 평균=2635.1s/run | ETA=1883h 21m | 최근완료: algo=V2V-Base d=10 eps=0 g=2.0 tau=5 seed=48
  [3028/5600] d=10 eps=0 g=2.0 tau=5 algo=V2V-Base    seed=49 | CHR=0.858 AoI=0.142 | run=3211.9s tot=145507s eta=113407m
  [3029/5600] d=10 eps=0 g=2.0 tau=5 algo=V2V-Base    seed=50 | CHR=0.853 AoI=0.147 | run=3189.4s tot=148697s eta=113780m
[HEARTBEAT] 2026-06-04 06:35:09 | 경과=41h 18m 16s | 진행=3029/5600 (54.1%) | 평균=2655.3s/run | ETA=1896h 19m | 최근완료: algo=V2V-Base d=10 eps=0 g=2.0 tau=5 seed=50
  [3030/5600] d=10 eps=0 g=2.0 tau=5 algo=V2V-Base    seed=51 | CHR=0.848 AoI=0.152 | run=3159.2s tot=151856s eta=114114m
  [3031/5600] d=10 eps=0 g=2.0 tau=5 algo=Random-K    seed=42 | CHR=0.190 AoI=0.810 | run=6.1s tot=151862s eta=112107m
  [3032/5600] d=10 eps=0 g=2.0 tau=5 algo=Random-K    seed=43 | CHR=0.188 AoI=0.812 | run=1.2s tot=151863s eta=110165m
  [3033/5600] d=10 eps=0 g=2.0 tau=5 algo=Random-K    seed=44 | CHR=0.833 AoI=0.167 | run=3168.4s tot=155032s eta=110546m
[HEARTBEAT] 2026-06-04 08:20:44 | 경과=43h 03m 51s | 진행=3033/5600 (54.2%) | 평균=2583.9s/run | ETA=1842h 26m | 최근완료: algo=Random-K d=10 eps=0 g=2.0 tau=5 seed=44
  [3034/5600] d=10 eps=0 g=2.0 tau=5 algo=Random-K    seed=45 | CHR=0.839 AoI=0.161 | run=3121.7s tot=158153s eta=110880m
  [3035/5600] d=10 eps=0 g=2.0 tau=5 algo=Random-K    seed=46 | CHR=0.822 AoI=0.178 | run=3274.4s tot=161428s eta=111307m
[HEARTBEAT] 2026-06-04 10:07:20 | 경과=44h 50m 27s | 진행=3035/5600 (54.2%) | 평균=2603.7s/run | ETA=1855h 07m | 최근완료: algo=Random-K d=10 eps=0 g=2.0 tau=5 seed=46
  [3036/5600] d=10 eps=0 g=2.0 tau=5 algo=Random-K    seed=47 | CHR=0.828 AoI=0.172 | run=3413.1s tot=164841s eta=111813m
  [3037/5600] d=10 eps=0 g=2.0 tau=5 algo=Random-K    seed=48 | CHR=0.830 AoI=0.170 | run=3299.2s tot=168140s eta=112225m
[HEARTBEAT] 2026-06-04 11:59:12 | 경과=46h 42m 20s | 진행=3037/5600 (54.2%) | 평균=2627.2s/run | ETA=1870h 24m | 최근완료: algo=Random-K d=10 eps=0 g=2.0 tau=5 seed=48
  [3038/5600] d=10 eps=0 g=2.0 tau=5 algo=Random-K    seed=49 | CHR=0.833 AoI=0.167 | run=3531.9s tot=171672s eta=112775m
  [3039/5600] d=10 eps=0 g=2.0 tau=5 algo=Random-K    seed=50 | CHR=0.826 AoI=0.174 | run=3214.6s tot=174886s eta=113102m
[HEARTBEAT] 2026-06-04 13:51:39 | 경과=48h 34m 46s | 진행=3039/5600 (54.3%) | 평균=2649.8s/run | ETA=1885h 02m | 최근완료: algo=Random-K d=10 eps=0 g=2.0 tau=5 seed=50
  [3040/5600] d=10 eps=0 g=2.0 tau=5 algo=Random-K    seed=51 | CHR=0.819 AoI=0.181 | run=3166.0s tot=178052s eta=113387m
  [3041/5600] d=10 eps=0 g=3.0 tau=5 algo=RILP        seed=42 | CHR=0.220 AoI=0.780 | run=6.5s tot=178059s eta=111680m
  [3042/5600] d=10 eps=0 g=3.0 tau=5 algo=RILP        seed=43 | CHR=0.236 AoI=0.764 | run=1.8s tot=178061s eta=110019m
  [3043/5600] d=10 eps=0 g=3.0 tau=5 algo=RILP        seed=44 | CHR=0.213 AoI=0.787 | run=2936.7s tot=180997s eta=110193m
[HEARTBEAT] 2026-06-04 15:33:30 | 경과=50h 16m 37s | 진행=3043/5600 (54.3%) | 평균=2585.7s/run | ETA=1836h 32m | 최근완료: algo=RILP d=10 eps=0 g=3.0 tau=5 seed=44
  [3044/5600] d=10 eps=0 g=3.0 tau=5 algo=RILP        seed=45 | CHR=0.261 AoI=0.739 | run=2917.1s tot=183914s eta=110349m
  [3045/5600] d=10 eps=0 g=3.0 tau=5 algo=RILP        seed=46 | CHR=0.207 AoI=0.793 | run=2962.7s tot=186877s eta=110526m
[HEARTBEAT] 2026-06-04 17:11:29 | 경과=51h 54m 37s | 진행=3045/5600 (54.4%) | 평균=2595.5s/run | ETA=1842h 05m | 최근완료: algo=RILP d=10 eps=0 g=3.0 tau=5 seed=46
  [3046/5600] d=10 eps=0 g=3.0 tau=5 algo=RILP        seed=47 | CHR=0.226 AoI=0.774 | run=3020.0s tot=189897s eta=110730m
  [3047/5600] d=10 eps=0 g=3.0 tau=5 algo=RILP        seed=48 | CHR=0.223 AoI=0.777 | run=2946.9s tot=192844s eta=110885m
[HEARTBEAT] 2026-06-04 18:50:56 | 경과=53h 34m 04s | 진행=3047/5600 (54.4%) | 평균=2606.0s/run | ETA=1848h 05m | 최근완료: algo=RILP d=10 eps=0 g=3.0 tau=5 seed=48
  [3048/5600] d=10 eps=0 g=3.0 tau=5 algo=RILP        seed=49 | CHR=0.257 AoI=0.743 | run=2954.4s tot=195799s eta=111040m
  [3049/5600] d=10 eps=0 g=3.0 tau=5 algo=RILP        seed=50 | CHR=0.223 AoI=0.777 | run=2986.7s tot=198785s eta=111206m
[HEARTBEAT] 2026-06-04 20:29:57 | 경과=55h 13m 05s | 진행=3049/5600 (54.4%) | 평균=2615.6s/run | ETA=1853h 26m | 최근완료: algo=RILP d=10 eps=0 g=3.0 tau=5 seed=50
  [3050/5600] d=10 eps=0 g=3.0 tau=5 algo=RILP        seed=51 | CHR=0.261 AoI=0.739 | run=2949.9s tot=201735s eta=111347m
  [3051/5600] d=10 eps=0 g=3.0 tau=5 algo=RILP-Greedy seed=42 | CHR=0.220 AoI=0.780 | run=6.6s tot=201742s eta=109880m
  [3052/5600] d=10 eps=0 g=3.0 tau=5 algo=RILP-Greedy seed=43 | CHR=0.236 AoI=0.764 | run=1.8s tot=201744s eta=108448m
  [3053/5600] d=10 eps=0 g=3.0 tau=5 algo=RILP-Greedy seed=44 | CHR=0.213 AoI=0.787 | run=2963.9s tot=204708s eta=108623m
[HEARTBEAT] 2026-06-04 22:08:40 | 경과=56h 51m 47s | 진행=3053/5600 (54.5%) | 평균=2558.8s/run | ETA=1810h 22m | 최근완료: algo=RILP-Greedy d=10 eps=0 g=3.0 tau=5 seed=44
  [3054/5600] d=10 eps=0 g=3.0 tau=5 algo=RILP-Greedy seed=45 | CHR=0.261 AoI=0.739 | run=2915.5s tot=207623s eta=108767m
  [3055/5600] d=10 eps=0 g=3.0 tau=5 algo=RILP-Greedy seed=46 | CHR=0.207 AoI=0.793 | run=2985.9s tot=210609s eta=108943m
[HEARTBEAT] 2026-06-04 23:47:01 | 경과=58h 30m 08s | 진행=3055/5600 (54.6%) | 평균=2568.4s/run | ETA=1815h 43m | 최근완료: algo=RILP-Greedy d=10 eps=0 g=3.0 tau=5 seed=46
  [3056/5600] d=10 eps=0 g=3.0 tau=5 algo=RILP-Greedy seed=47 | CHR=0.226 AoI=0.774 | run=3023.3s tot=213632s eta=109133m
  [3057/5600] d=10 eps=0 g=3.0 tau=5 algo=RILP-Greedy seed=48 | CHR=0.223 AoI=0.777 | run=2978.1s tot=216610s eta=109294m
[HEARTBEAT] 2026-06-05 01:27:03 | 경과=60h 10m 10s | 진행=3057/5600 (54.6%) | 평균=2578.7s/run | ETA=1821h 33m | 최근완료: algo=RILP-Greedy d=10 eps=0 g=3.0 tau=5 seed=48
  [3058/5600] d=10 eps=0 g=3.0 tau=5 algo=RILP-Greedy seed=49 | CHR=0.257 AoI=0.743 | run=2940.2s tot=219551s eta=109431m
  [3059/5600] d=10 eps=0 g=3.0 tau=5 algo=RILP-Greedy seed=50 | CHR=0.223 AoI=0.777 | run=2970.9s tot=222521s eta=109579m
[HEARTBEAT] 2026-06-05 03:05:34 | 경과=61h 48m 41s | 진행=3059/5600 (54.6%) | 평균=2587.5s/run | ETA=1826h 18m | 최근완료: algo=RILP-Greedy d=10 eps=0 g=3.0 tau=5 seed=50
  [3060/5600] d=10 eps=0 g=3.0 tau=5 algo=RILP-Greedy seed=51 | CHR=0.261 AoI=0.739 | run=2940.3s tot=225462s eta=109707m
  [3061/5600] d=10 eps=0 g=3.0 tau=5 algo=Nam2023b    seed=42 | CHR=0.371 AoI=0.629 | run=6.0s tot=225468s eta=108421m
  [3062/5600] d=10 eps=0 g=3.0 tau=5 algo=Nam2023b    seed=43 | CHR=0.364 AoI=0.636 | run=1.3s tot=225469s eta=107161m
  [3063/5600] d=10 eps=0 g=3.0 tau=5 algo=Nam2023b    seed=44 | CHR=0.835 AoI=0.165 | run=3201.4s tot=228670s eta=107433m
[HEARTBEAT] 2026-06-05 04:48:03 | 경과=63h 31m 10s | 진행=3063/5600 (54.7%) | 평균=2540.8s/run | ETA=1790h 32m | 최근완료: algo=Nam2023b d=10 eps=0 g=3.0 tau=5 seed=44
  [3064/5600] d=10 eps=0 g=3.0 tau=5 algo=Nam2023b    seed=45 | CHR=0.845 AoI=0.155 | run=3156.3s tot=231827s eta=107676m
  [3065/5600] d=10 eps=0 g=3.0 tau=5 algo=Nam2023b    seed=46 | CHR=0.821 AoI=0.179 | run=3195.2s tot=235022s eta=107931m
[HEARTBEAT] 2026-06-05 06:33:54 | 경과=65h 17m 01s | 진행=3065/5600 (54.7%) | 평균=2554.6s/run | ETA=1798h 51m | 최근완료: algo=Nam2023b d=10 eps=0 g=3.0 tau=5 seed=46
  [3066/5600] d=10 eps=0 g=3.0 tau=5 algo=Nam2023b    seed=47 | CHR=0.834 AoI=0.166 | run=3232.1s tot=238254s eta=108196m
  [3067/5600] d=10 eps=0 g=3.0 tau=5 algo=Nam2023b    seed=48 | CHR=0.832 AoI=0.168 | run=3206.1s tot=241460s eta=108443m
[HEARTBEAT] 2026-06-05 08:21:12 | 경과=67h 04m 20s | 진행=3067/5600 (54.8%) | 평균=2568.7s/run | ETA=1807h 23m | 최근완료: algo=Nam2023b d=10 eps=0 g=3.0 tau=5 seed=48
  [3068/5600] d=10 eps=0 g=3.0 tau=5 algo=Nam2023b    seed=49 | CHR=0.837 AoI=0.163 | run=3184.4s tot=244645s eta=108674m
  [3069/5600] d=10 eps=0 g=3.0 tau=5 algo=Nam2023b    seed=50 | CHR=0.830 AoI=0.170 | run=3169.9s tot=247815s eta=108892m
[HEARTBEAT] 2026-06-05 10:07:07 | 경과=68h 50m 14s | 진행=3069/5600 (54.8%) | 평균=2581.4s/run | ETA=1814h 52m | 최근완료: algo=Nam2023b d=10 eps=0 g=3.0 tau=5 seed=50
  [3070/5600] d=10 eps=0 g=3.0 tau=5 algo=Nam2023b    seed=51 | CHR=0.824 AoI=0.176 | run=3141.3s tot=250956s eta=109093m
  [3071/5600] d=10 eps=0 g=3.0 tau=5 algo=Nam2025     seed=42 | CHR=0.220 AoI=0.780 | run=6.1s tot=250962s eta=107939m
  [3072/5600] d=10 eps=0 g=3.0 tau=5 algo=Nam2025     seed=43 | CHR=0.236 AoI=0.764 | run=1.4s tot=250963s eta=106807m
  [3073/5600] d=10 eps=0 g=3.0 tau=5 algo=Nam2025     seed=44 | CHR=0.199 AoI=0.801 | run=2758.5s tot=253722s eta=106859m
[HEARTBEAT] 2026-06-05 11:45:34 | 경과=70h 28m 41s | 진행=3073/5600 (54.9%) | 평균=2537.2s/run | ETA=1780h 59m | 최근완료: algo=Nam2025 d=10 eps=0 g=3.0 tau=5 seed=44
  [3074/5600] d=10 eps=0 g=3.0 tau=5 algo=Nam2025     seed=45 | CHR=0.225 AoI=0.775 | run=2721.2s tot=256443s eta=106894m
  [3075/5600] d=10 eps=0 g=3.0 tau=5 algo=Nam2025     seed=46 | CHR=0.195 AoI=0.805 | run=2754.9s tot=259198s eta=106940m
[HEARTBEAT] 2026-06-05 13:16:50 | 경과=71h 59m 57s | 진행=3075/5600 (54.9%) | 평균=2541.2s/run | ETA=1782h 20m | 최근완료: algo=Nam2025 d=10 eps=0 g=3.0 tau=5 seed=46
  [3076/5600] d=10 eps=0 g=3.0 tau=5 algo=Nam2025     seed=47 | CHR=0.226 AoI=0.774 | run=2832.0s tot=262030s eta=107017m
  [3077/5600] d=10 eps=0 g=3.0 tau=5 algo=Nam2025     seed=48 | CHR=0.216 AoI=0.784 | run=2723.3s tot=264753s eta=107047m
[HEARTBEAT] 2026-06-05 14:49:25 | 경과=73h 32m 33s | 진행=3077/5600 (54.9%) | 평균=2545.7s/run | ETA=1784h 06m | 최근완료: algo=Nam2025 d=10 eps=0 g=3.0 tau=5 seed=48
  [3078/5600] d=10 eps=0 g=3.0 tau=5 algo=Nam2025     seed=49 | CHR=0.257 AoI=0.743 | run=2722.0s tot=267475s eta=107075m
  [3079/5600] d=10 eps=0 g=3.0 tau=5 algo=Nam2025     seed=50 | CHR=0.241 AoI=0.759 | run=2742.3s tot=270217s eta=107110m
[HEARTBEAT] 2026-06-05 16:20:30 | 경과=75h 03m 37s | 진행=3079/5600 (55.0%) | 평균=2549.2s/run | ETA=1785h 09m | 최근완료: algo=Nam2025 d=10 eps=0 g=3.0 tau=5 seed=50
  [3080/5600] d=10 eps=0 g=3.0 tau=5 algo=Nam2025     seed=51 | CHR=0.261 AoI=0.739 | run=2718.9s tot=272936s eta=107134m
  [3081/5600] d=10 eps=0 g=3.0 tau=5 algo=Youn2026    seed=42 | CHR=0.220 AoI=0.780 | run=6.1s tot=272942s eta=106102m
  [3082/5600] d=10 eps=0 g=3.0 tau=5 algo=Youn2026    seed=43 | CHR=0.236 AoI=0.764 | run=1.2s tot=272944s eta=105087m
  [3083/5600] d=10 eps=0 g=3.0 tau=5 algo=Youn2026    seed=44 | CHR=0.213 AoI=0.787 | run=2711.2s tot=275655s eta=105125m
[HEARTBEAT] 2026-06-05 17:51:07 | 경과=76h 34m 14s | 진행=3083/5600 (55.1%) | 평균=2506.0s/run | ETA=1752h 04m | 최근완료: algo=Youn2026 d=10 eps=0 g=3.0 tau=5 seed=44
  [3084/5600] d=10 eps=0 g=3.0 tau=5 algo=Youn2026    seed=45 | CHR=0.261 AoI=0.739 | run=2664.9s tot=278320s eta=105143m
  [3085/5600] d=10 eps=0 g=3.0 tau=5 algo=Youn2026    seed=46 | CHR=0.207 AoI=0.793 | run=2734.5s tot=281054s eta=105186m
[HEARTBEAT] 2026-06-05 19:21:06 | 경과=78h 04m 14s | 진행=3085/5600 (55.1%) | 평균=2509.4s/run | ETA=1753h 06m | 최근완료: algo=Youn2026 d=10 eps=0 g=3.0 tau=5 seed=46
  [3086/5600] d=10 eps=0 g=3.0 tau=5 algo=Youn2026    seed=47 | CHR=0.226 AoI=0.774 | run=2744.3s tot=283798s eta=105231m
  [3087/5600] d=10 eps=0 g=3.0 tau=5 algo=Youn2026    seed=48 | CHR=0.223 AoI=0.777 | run=2723.8s tot=286522s eta=105268m
[HEARTBEAT] 2026-06-05 20:52:14 | 경과=79h 35m 22s | 진행=3087/5600 (55.1%) | 평균=2513.4s/run | ETA=1754h 27m | 최근완료: algo=Youn2026 d=10 eps=0 g=3.0 tau=5 seed=48
  [3088/5600] d=10 eps=0 g=3.0 tau=5 algo=Youn2026    seed=49 | CHR=0.257 AoI=0.743 | run=2709.5s tot=289232s eta=105297m
  [3089/5600] d=10 eps=0 g=3.0 tau=5 algo=Youn2026    seed=50 | CHR=0.223 AoI=0.777 | run=2707.6s tot=291939s eta=105325m
[HEARTBEAT] 2026-06-05 22:22:32 | 경과=81h 05m 39s | 진행=3089/5600 (55.2%) | 평균=2516.7s/run | ETA=1755h 24m | 최근완료: algo=Youn2026 d=10 eps=0 g=3.0 tau=5 seed=50
  [3090/5600] d=10 eps=0 g=3.0 tau=5 algo=Youn2026    seed=51 | CHR=0.261 AoI=0.739 | run=2684.3s tot=294624s eta=105343m
  [3091/5600] d=10 eps=0 g=3.0 tau=5 algo=V2I-Base    seed=42 | CHR=0.220 AoI=0.780 | run=5.8s tot=294629s eta=104410m
  [3092/5600] d=10 eps=0 g=3.0 tau=5 algo=V2I-Base    seed=43 | CHR=0.236 AoI=0.764 | run=1.1s tot=294631s eta=103492m
  [3093/5600] d=10 eps=0 g=3.0 tau=5 algo=V2I-Base    seed=44 | CHR=0.213 AoI=0.787 | run=2690.7s tot=297321s eta=103526m
[HEARTBEAT] 2026-06-05 23:52:13 | 경과=82h 35m 21s | 진행=3093/5600 (55.2%) | 평균=2477.7s/run | ETA=1725h 25m | 최근완료: algo=V2I-Base d=10 eps=0 g=3.0 tau=5 seed=44
  [3094/5600] d=10 eps=0 g=3.0 tau=5 algo=V2I-Base    seed=45 | CHR=0.261 AoI=0.739 | run=2653.3s tot=299975s eta=103545m
  [3095/5600] d=10 eps=0 g=3.0 tau=5 algo=V2I-Base    seed=46 | CHR=0.207 AoI=0.793 | run=2717.0s tot=302691s eta=103585m
[HEARTBEAT] 2026-06-06 01:21:44 | 경과=84h 04m 51s | 진행=3095/5600 (55.3%) | 평균=2481.1s/run | ETA=1726h 24m | 최근완료: algo=V2I-Base d=10 eps=0 g=3.0 tau=5 seed=46
  [3096/5600] d=10 eps=0 g=3.0 tau=5 algo=V2I-Base    seed=47 | CHR=0.226 AoI=0.774 | run=2745.6s tot=305437s eta=103633m
  [3097/5600] d=10 eps=0 g=3.0 tau=5 algo=V2I-Base    seed=48 | CHR=0.223 AoI=0.777 | run=2679.3s tot=308116s eta=103658m
[HEARTBEAT] 2026-06-06 02:52:09 | 경과=85h 35m 16s | 진행=3097/5600 (55.3%) | 평균=2484.8s/run | ETA=1727h 37m | 최근완료: algo=V2I-Base d=10 eps=0 g=3.0 tau=5 seed=48
  [3098/5600] d=10 eps=0 g=3.0 tau=5 algo=V2I-Base    seed=49 | CHR=0.257 AoI=0.743 | run=2704.6s tot=310821s eta=103690m
  [3099/5600] d=10 eps=0 g=3.0 tau=5 algo=V2I-Base    seed=50 | CHR=0.223 AoI=0.777 | run=2692.6s tot=313514s eta=103717m
[HEARTBEAT] 2026-06-06 04:22:06 | 경과=87h 05m 13s | 진행=3099/5600 (55.3%) | 평균=2488.2s/run | ETA=1728h 36m | 최근완료: algo=V2I-Base d=10 eps=0 g=3.0 tau=5 seed=50
  [3100/5600] d=10 eps=0 g=3.0 tau=5 algo=V2I-Base    seed=51 | CHR=0.261 AoI=0.739 | run=2687.1s tot=316201s eta=103740m
  [3101/5600] d=10 eps=0 g=3.0 tau=5 algo=V2V-Base    seed=42 | CHR=0.391 AoI=0.609 | run=6.1s tot=316207s eta=102891m
  [3102/5600] d=10 eps=0 g=3.0 tau=5 algo=V2V-Base    seed=43 | CHR=0.388 AoI=0.612 | run=1.3s tot=316208s eta=102053m
  [3103/5600] d=10 eps=0 g=3.0 tau=5 algo=V2V-Base    seed=44 | CHR=0.856 AoI=0.144 | run=3175.8s tot=319384s eta=102244m
[HEARTBEAT] 2026-06-06 05:59:56 | 경과=88h 43m 03s | 진행=3103/5600 (55.4%) | 평균=2456.8s/run | ETA=1704h 03m | 최근완료: algo=V2V-Base d=10 eps=0 g=3.0 tau=5 seed=44
  [3104/5600] d=10 eps=0 g=3.0 tau=5 algo=V2V-Base    seed=45 | CHR=0.866 AoI=0.134 | run=3141.4s tot=322525s eta=102420m
  [3105/5600] d=10 eps=0 g=3.0 tau=5 algo=V2V-Base    seed=46 | CHR=0.844 AoI=0.156 | run=3177.0s tot=325702s eta=102604m
[HEARTBEAT] 2026-06-06 07:45:14 | 경과=90h 28m 22s | 진행=3105/5600 (55.4%) | 평균=2467.4s/run | ETA=1710h 04m | 최근완료: algo=V2V-Base d=10 eps=0 g=3.0 tau=5 seed=46
  [3106/5600] d=10 eps=0 g=3.0 tau=5 algo=V2V-Base    seed=47 | CHR=0.856 AoI=0.144 | run=3253.4s tot=328956s eta=102809m
  [3107/5600] d=10 eps=0 g=3.0 tau=5 algo=V2V-Base    seed=48 | CHR=0.855 AoI=0.145 | run=3181.9s tot=332137s eta=102987m
[HEARTBEAT] 2026-06-06 09:32:30 | 경과=92h 15m 37s | 진행=3107/5600 (55.5%) | 평균=2478.6s/run | ETA=1716h 27m | 최근완료: algo=V2V-Base d=10 eps=0 g=3.0 tau=5 seed=48
  [3108/5600] d=10 eps=0 g=3.0 tau=5 algo=V2V-Base    seed=49 | CHR=0.858 AoI=0.142 | run=3199.2s tot=335337s eta=103168m
  [3109/5600] d=10 eps=0 g=3.0 tau=5 algo=V2V-Base    seed=50 | CHR=0.853 AoI=0.147 | run=3188.1s tot=338525s eta=103341m
[HEARTBEAT] 2026-06-06 11:18:57 | 경과=94h 02m 04s | 진행=3109/5600 (55.5%) | 평균=2489.2s/run | ETA=1722h 21m | 최근완료: algo=V2V-Base d=10 eps=0 g=3.0 tau=5 seed=50
  [3110/5600] d=10 eps=0 g=3.0 tau=5 algo=V2V-Base    seed=51 | CHR=0.848 AoI=0.152 | run=3148.3s tot=341673s eta=103499m
  [3111/5600] d=10 eps=0 g=3.0 tau=5 algo=Random-K    seed=42 | CHR=0.190 AoI=0.810 | run=6.0s tot=341679s eta=102710m
  [3112/5600] d=10 eps=0 g=3.0 tau=5 algo=Random-K    seed=43 | CHR=0.188 AoI=0.812 | run=1.2s tot=341680s eta=101931m
  [3113/5600] d=10 eps=0 g=3.0 tau=5 algo=Random-K    seed=44 | CHR=0.833 AoI=0.167 | run=3158.7s tot=344839s eta=102097m
[HEARTBEAT] 2026-06-06 13:04:11 | 경과=95h 47m 18s | 진행=3113/5600 (55.6%) | 평균=2463.1s/run | ETA=1701h 36m | 최근완료: algo=Random-K d=10 eps=0 g=3.0 tau=5 seed=44
  [3114/5600] d=10 eps=0 g=3.0 tau=5 algo=Random-K    seed=45 | CHR=0.839 AoI=0.161 | run=3127.1s tot=347966s eta=102251m
  [3115/5600] d=10 eps=0 g=3.0 tau=5 algo=Random-K    seed=46 | CHR=0.822 AoI=0.178 | run=3184.0s tot=351150s eta=102419m
[HEARTBEAT] 2026-06-06 14:49:22 | 경과=97h 32m 29s | 진행=3115/5600 (55.6%) | 평균=2472.9s/run | ETA=1706h 58m | 최근완료: algo=Random-K d=10 eps=0 g=3.0 tau=5 seed=46
  [3116/5600] d=10 eps=0 g=3.0 tau=5 algo=Random-K    seed=47 | CHR=0.828 AoI=0.172 | run=3241.4s tot=354391s eta=102600m
  [3117/5600] d=10 eps=0 g=3.0 tau=5 algo=Random-K    seed=48 | CHR=0.830 AoI=0.170 | run=3182.0s tot=357573s eta=102761m
[HEARTBEAT] 2026-06-06 16:36:25 | 경과=99h 19m 33s | 진행=3117/5600 (55.7%) | 평균=2483.1s/run | ETA=1712h 40m | 최근완료: algo=Random-K d=10 eps=0 g=3.0 tau=5 seed=48
  [3118/5600] d=10 eps=0 g=3.0 tau=5 algo=Random-K    seed=49 | CHR=0.833 AoI=0.167 | run=3201.6s tot=360775s eta=102925m
  [3119/5600] d=10 eps=0 g=3.0 tau=5 algo=Random-K    seed=50 | CHR=0.826 AoI=0.174 | run=3190.2s tot=363965s eta=103082m
[HEARTBEAT] 2026-06-06 18:22:57 | 경과=101h 06m 05s | 진행=3119/5600 (55.7%) | 평균=2492.9s/run | ETA=1718h 01m | 최근완료: algo=Random-K d=10 eps=0 g=3.0 tau=5 seed=50
  [3120/5600] d=10 eps=0 g=3.0 tau=5 algo=Random-K    seed=51 | CHR=0.819 AoI=0.181 | run=3167.7s tot=367133s eta=103230m
  [3121/5600] d=10 eps=0 g=4.0 tau=5 algo=RILP        seed=42 | CHR=0.220 AoI=0.780 | run=6.5s tot=367139s eta=102493m
  [3122/5600] d=10 eps=0 g=4.0 tau=5 algo=RILP        seed=43 | CHR=0.236 AoI=0.764 | run=1.7s tot=367141s eta=101765m
  [3123/5600] d=10 eps=0 g=4.0 tau=5 algo=RILP        seed=44 | CHR=0.213 AoI=0.787 | run=2939.6s tot=370081s eta=101854m
[HEARTBEAT] 2026-06-06 20:04:53 | 경과=102h 48m 00s | 진행=3123/5600 (55.8%) | 평균=2467.2s/run | ETA=1697h 34m | 최근완료: algo=RILP d=10 eps=0 g=4.0 tau=5 seed=44
  [3124/5600] d=10 eps=0 g=4.0 tau=5 algo=RILP        seed=45 | CHR=0.261 AoI=0.739 | run=2917.8s tot=372998s eta=101936m
  [3125/5600] d=10 eps=0 g=4.0 tau=5 algo=RILP        seed=46 | CHR=0.207 AoI=0.793 | run=2953.0s tot=375951s eta=102026m
[HEARTBEAT] 2026-06-06 21:42:44 | 경과=104h 25m 51s | 진행=3125/5600 (55.8%) | 평균=2473.4s/run | ETA=1700h 26m | 최근완료: algo=RILP d=10 eps=0 g=4.0 tau=5 seed=46
  [3126/5600] d=10 eps=0 g=4.0 tau=5 algo=RILP        seed=47 | CHR=0.226 AoI=0.774 | run=3024.6s tot=378976s eta=102134m
  [3127/5600] d=10 eps=0 g=4.0 tau=5 algo=RILP        seed=48 | CHR=0.223 AoI=0.777 | run=2957.7s tot=381934s eta=102221m
[HEARTBEAT] 2026-06-06 23:22:26 | 경과=106h 05m 33s | 진행=3127/5600 (55.8%) | 평균=2480.1s/run | ETA=1703h 41m | 최근완료: algo=RILP d=10 eps=0 g=4.0 tau=5 seed=48
  [3128/5600] d=10 eps=0 g=4.0 tau=5 algo=RILP        seed=49 | CHR=0.257 AoI=0.743 | run=2962.1s tot=384896s eta=102308m
  [3129/5600] d=10 eps=0 g=4.0 tau=5 algo=RILP        seed=50 | CHR=0.223 AoI=0.777 | run=2960.4s tot=387856s eta=102392m
[HEARTBEAT] 2026-06-07 01:01:08 | 경과=107h 44m 16s | 진행=3129/5600 (55.9%) | 평균=2486.3s/run | ETA=1706h 32m | 최근완료: algo=RILP d=10 eps=0 g=4.0 tau=5 seed=50
  [3130/5600] d=10 eps=0 g=4.0 tau=5 algo=RILP        seed=51 | CHR=0.261 AoI=0.739 | run=2923.6s tot=390780s eta=102466m
  [3131/5600] d=10 eps=0 g=4.0 tau=5 algo=RILP-Greedy seed=42 | CHR=0.220 AoI=0.780 | run=6.6s tot=390786s eta=101778m
  [3132/5600] d=10 eps=0 g=4.0 tau=5 algo=RILP-Greedy seed=43 | CHR=0.236 AoI=0.764 | run=1.8s tot=390788s eta=101097m
  [3133/5600] d=10 eps=0 g=4.0 tau=5 algo=RILP-Greedy seed=44 | CHR=0.213 AoI=0.787 | run=2953.7s tot=393742s eta=101183m
[HEARTBEAT] 2026-06-07 02:39:14 | 경과=109h 22m 21s | 진행=3133/5600 (55.9%) | 평균=2460.9s/run | ETA=1686h 23m | 최근완료: algo=RILP-Greedy d=10 eps=0 g=4.0 tau=5 seed=44
  [3134/5600] d=10 eps=0 g=4.0 tau=5 algo=RILP-Greedy seed=45 | CHR=0.261 AoI=0.739 | run=2896.3s tot=396638s eta=101254m
  [3135/5600] d=10 eps=0 g=4.0 tau=5 algo=RILP-Greedy seed=46 | CHR=0.207 AoI=0.793 | run=2976.7s tot=399615s eta=101343m
[HEARTBEAT] 2026-06-07 04:17:07 | 경과=111h 00m 14s | 진행=3135/5600 (56.0%) | 평균=2466.8s/run | ETA=1689h 02m | 최근완료: algo=RILP-Greedy d=10 eps=0 g=4.0 tau=5 seed=46
  [3136/5600] d=10 eps=0 g=4.0 tau=5 algo=RILP-Greedy seed=47 | CHR=0.226 AoI=0.774 | run=3027.3s tot=402642s eta=101443m
  [3137/5600] d=10 eps=0 g=4.0 tau=5 algo=RILP-Greedy seed=48 | CHR=0.223 AoI=0.777 | run=2960.6s tot=405603s eta=101524m
[HEARTBEAT] 2026-06-07 05:56:55 | 경과=112h 40m 02s | 진행=3137/5600 (56.0%) | 평균=2473.2s/run | ETA=1692h 04m | 최근완료: algo=RILP-Greedy d=10 eps=0 g=4.0 tau=5 seed=48
  [3138/5600] d=10 eps=0 g=4.0 tau=5 algo=RILP-Greedy seed=49 | CHR=0.257 AoI=0.743 | run=2946.7s tot=408549s eta=101601m
  [3139/5600] d=10 eps=0 g=4.0 tau=5 algo=RILP-Greedy seed=50 | CHR=0.223 AoI=0.777 | run=2963.6s tot=411513s eta=101680m
[HEARTBEAT] 2026-06-07 07:35:25 | 경과=114h 18m 33s | 진행=3139/5600 (56.1%) | 평균=2479.0s/run | ETA=1694h 40m | 최근완료: algo=RILP-Greedy d=10 eps=0 g=4.0 tau=5 seed=50
  [3140/5600] d=10 eps=0 g=4.0 tau=5 algo=RILP-Greedy seed=51 | CHR=0.261 AoI=0.739 | run=2932.5s tot=414446s eta=101750m
  [3141/5600] d=10 eps=0 g=4.0 tau=5 algo=Nam2023b    seed=42 | CHR=0.371 AoI=0.629 | run=6.1s tot=414452s eta=101105m
  [3142/5600] d=10 eps=0 g=4.0 tau=5 algo=Nam2023b    seed=43 | CHR=0.364 AoI=0.636 | run=1.3s tot=414453s eta=100466m
  [3143/5600] d=10 eps=0 g=4.0 tau=5 algo=Nam2023b    seed=44 | CHR=0.835 AoI=0.165 | run=3196.4s tot=417649s eta=100604m
[HEARTBEAT] 2026-06-07 09:17:42 | 경과=116h 00m 49s | 진행=3143/5600 (56.1%) | 평균=2456.8s/run | ETA=1676h 44m | 최근완료: algo=Nam2023b d=10 eps=0 g=4.0 tau=5 seed=44
  [3144/5600] d=10 eps=0 g=4.0 tau=5 algo=Nam2023b    seed=45 | CHR=0.845 AoI=0.155 | run=3166.4s tot=420816s eta=100733m
  [3145/5600] d=10 eps=0 g=4.0 tau=5 algo=Nam2023b    seed=46 | CHR=0.821 AoI=0.179 | run=3199.5s tot=424015s eta=100868m
[HEARTBEAT] 2026-06-07 11:03:48 | 경과=117h 46m 55s | 진행=3145/5600 (56.2%) | 평균=2465.2s/run | ETA=1681h 07m | 최근완료: algo=Nam2023b d=10 eps=0 g=4.0 tau=5 seed=46
  [3146/5600] d=10 eps=0 g=4.0 tau=5 algo=Nam2023b    seed=47 | CHR=0.834 AoI=0.166 | run=3249.3s tot=427265s eta=101012m
  [3147/5600] d=10 eps=0 g=4.0 tau=5 algo=Nam2023b    seed=48 | CHR=0.832 AoI=0.168 | run=3191.3s tot=430456s eta=101141m
[HEARTBEAT] 2026-06-07 12:51:08 | 경과=119h 34m 15s | 진행=3147/5600 (56.2%) | 평균=2473.9s/run | ETA=1685h 40m | 최근완료: algo=Nam2023b d=10 eps=0 g=4.0 tau=5 seed=48
  [3148/5600] d=10 eps=0 g=4.0 tau=5 algo=Nam2023b    seed=49 | CHR=0.837 AoI=0.163 | run=3192.3s tot=433648s eta=101267m
  [3149/5600] d=10 eps=0 g=4.0 tau=5 algo=Nam2023b    seed=50 | CHR=0.830 AoI=0.170 | run=3193.9s tot=436842s eta=101392m
[HEARTBEAT] 2026-06-07 14:37:34 | 경과=121h 20m 42s | 진행=3149/5600 (56.2%) | 평균=2482.1s/run | ETA=1689h 52m | 최근완료: algo=Nam2023b d=10 eps=0 g=4.0 tau=5 seed=50
  [3150/5600] d=10 eps=0 g=4.0 tau=5 algo=Nam2023b    seed=51 | CHR=0.824 AoI=0.176 | run=3151.4s tot=439993s eta=101505m
  [3151/5600] d=10 eps=0 g=4.0 tau=5 algo=Nam2025     seed=42 | CHR=0.220 AoI=0.780 | run=6.1s tot=440000s eta=100895m
  [3152/5600] d=10 eps=0 g=4.0 tau=5 algo=Nam2025     seed=43 | CHR=0.236 AoI=0.764 | run=1.3s tot=440001s eta=100291m
  [3153/5600] d=10 eps=0 g=4.0 tau=5 algo=Nam2025     seed=44 | CHR=0.199 AoI=0.801 | run=2771.9s tot=442773s eta=100321m
[HEARTBEAT] 2026-06-07 16:16:25 | 경과=122h 59m 32s | 진행=3153/5600 (56.3%) | 평균=2459.8s/run | ETA=1672h 00m | 최근완료: algo=Nam2025 d=10 eps=0 g=4.0 tau=5 seed=44
  [3154/5600] d=10 eps=0 g=4.0 tau=5 algo=Nam2025     seed=45 | CHR=0.225 AoI=0.775 | run=2729.2s tot=445502s eta=100341m
  [3155/5600] d=10 eps=0 g=4.0 tau=5 algo=Nam2025     seed=46 | CHR=0.195 AoI=0.805 | run=2768.5s tot=448270s eta=100368m
[HEARTBEAT] 2026-06-07 17:48:03 | 경과=124h 31m 10s | 진행=3155/5600 (56.3%) | 평균=2463.0s/run | ETA=1672h 48m | 최근완료: algo=Nam2025 d=10 eps=0 g=4.0 tau=5 seed=46
  [3156/5600] d=10 eps=0 g=4.0 tau=5 algo=Nam2025     seed=47 | CHR=0.226 AoI=0.774 | run=2815.6s tot=451086s eta=100406m
  [3157/5600] d=10 eps=0 g=4.0 tau=5 algo=Nam2025     seed=48 | CHR=0.216 AoI=0.784 | run=2720.4s tot=453806s eta=100421m
[HEARTBEAT] 2026-06-07 19:20:19 | 경과=126h 03m 26s | 진행=3157/5600 (56.4%) | 평균=2466.3s/run | ETA=1673h 41m | 최근완료: algo=Nam2025 d=10 eps=0 g=4.0 tau=5 seed=48
  [3158/5600] d=10 eps=0 g=4.0 tau=5 algo=Nam2025     seed=49 | CHR=0.257 AoI=0.743 | run=2706.9s tot=456513s eta=100433m
  [3159/5600] d=10 eps=0 g=4.0 tau=5 algo=Nam2025     seed=50 | CHR=0.241 AoI=0.759 | run=2750.0s tot=459263s eta=100454m
[HEARTBEAT] 2026-06-07 20:51:16 | 경과=127h 34m 23s | 진행=3159/5600 (56.4%) | 평균=2469.2s/run | ETA=1674h 13m | 최근완료: algo=Nam2025 d=10 eps=0 g=4.0 tau=5 seed=50
  [3160/5600] d=10 eps=0 g=4.0 tau=5 algo=Nam2025     seed=51 | CHR=0.261 AoI=0.739 | run=2706.1s tot=461969s eta=100464m
  [3161/5600] d=10 eps=0 g=4.0 tau=5 algo=Youn2026    seed=42 | CHR=0.220 AoI=0.780 | run=6.0s tot=461975s eta=99890m
  [3162/5600] d=10 eps=0 g=4.0 tau=5 algo=Youn2026    seed=43 | CHR=0.236 AoI=0.764 | run=1.2s tot=461977s eta=99321m
  [3163/5600] d=10 eps=0 g=4.0 tau=5 algo=Youn2026    seed=44 | CHR=0.213 AoI=0.787 | run=2717.4s tot=464694s eta=99339m
[HEARTBEAT] 2026-06-07 22:21:46 | 경과=129h 04m 54s | 진행=3163/5600 (56.5%) | 평균=2445.8s/run | ETA=1655h 38m | 최근완료: algo=Youn2026 d=10 eps=0 g=4.0 tau=5 seed=44
  [3164/5600] d=10 eps=0 g=4.0 tau=5 algo=Youn2026    seed=45 | CHR=0.261 AoI=0.739 | run=2674.6s tot=467369s eta=99346m
  [3165/5600] d=10 eps=0 g=4.0 tau=5 algo=Youn2026    seed=46 | CHR=0.207 AoI=0.793 | run=2725.1s tot=470094s eta=99364m
[HEARTBEAT] 2026-06-07 23:51:46 | 경과=130h 34m 53s | 진행=3165/5600 (56.5%) | 평균=2448.4s/run | ETA=1656h 04m | 최근완료: algo=Youn2026 d=10 eps=0 g=4.0 tau=5 seed=46
  [3166/5600] d=10 eps=0 g=4.0 tau=5 algo=Youn2026    seed=47 | CHR=0.226 AoI=0.774 | run=2752.5s tot=472846s eta=99388m
  [3167/5600] d=10 eps=0 g=4.0 tau=5 algo=Youn2026    seed=48 | CHR=0.223 AoI=0.777 | run=2709.1s tot=475555s eta=99401m
[HEARTBEAT] 2026-06-08 01:22:47 | 경과=132h 05m 55s | 진행=3167/5600 (56.6%) | 평균=2451.3s/run | ETA=1656h 40m | 최근완료: algo=Youn2026 d=10 eps=0 g=4.0 tau=5 seed=48
  [3168/5600] d=10 eps=0 g=4.0 tau=5 algo=Youn2026    seed=49 | CHR=0.257 AoI=0.743 | run=2713.9s tot=478269s eta=99415m
  [3169/5600] d=10 eps=0 g=4.0 tau=5 algo=Youn2026    seed=50 | CHR=0.223 AoI=0.777 | run=2712.3s tot=480981s eta=99427m
[HEARTBEAT] 2026-06-08 02:53:14 | 경과=133h 36m 21s | 진행=3169/5600 (56.6%) | 평균=2454.0s/run | ETA=1657h 07m | 최근완료: algo=Youn2026 d=10 eps=0 g=4.0 tau=5 seed=50
  [3170/5600] d=10 eps=0 g=4.0 tau=5 algo=Youn2026    seed=51 | CHR=0.261 AoI=0.739 | run=2690.2s tot=483672s eta=99435m
  [3171/5600] d=10 eps=0 g=4.0 tau=5 algo=V2I-Base    seed=42 | CHR=0.220 AoI=0.780 | run=5.8s tot=483677s eta=98893m
  [3172/5600] d=10 eps=0 g=4.0 tau=5 algo=V2I-Base    seed=43 | CHR=0.236 AoI=0.764 | run=1.1s tot=483679s eta=98356m
  [3173/5600] d=10 eps=0 g=4.0 tau=5 algo=V2I-Base    seed=44 | CHR=0.213 AoI=0.787 | run=2684.2s tot=486363s eta=98367m
[HEARTBEAT] 2026-06-08 04:22:55 | 경과=135h 06m 02s | 진행=3173/5600 (56.7%) | 평균=2431.8s/run | ETA=1639h 26m | 최근완료: algo=V2I-Base d=10 eps=0 g=4.0 tau=5 seed=44
  [3174/5600] d=10 eps=0 g=4.0 tau=5 algo=V2I-Base    seed=45 | CHR=0.261 AoI=0.739 | run=2648.5s tot=489011s eta=98370m
  [3175/5600] d=10 eps=0 g=4.0 tau=5 algo=V2I-Base    seed=46 | CHR=0.207 AoI=0.793 | run=2716.3s tot=491728s eta=98386m
[HEARTBEAT] 2026-06-08 05:52:20 | 경과=136h 35m 27s | 진행=3175/5600 (56.7%) | 평균=2434.3s/run | ETA=1639h 46m | 최근완료: algo=V2I-Base d=10 eps=0 g=4.0 tau=5 seed=46
  [3176/5600] d=10 eps=0 g=4.0 tau=5 algo=V2I-Base    seed=47 | CHR=0.226 AoI=0.774 | run=2733.2s tot=494461s eta=98405m
  [3177/5600] d=10 eps=0 g=4.0 tau=5 algo=V2I-Base    seed=48 | CHR=0.223 AoI=0.777 | run=2701.5s tot=497162s eta=98417m
[HEARTBEAT] 2026-06-08 07:22:55 | 경과=138h 06m 02s | 진행=3177/5600 (56.7%) | 평균=2437.1s/run | ETA=1640h 17m | 최근완료: algo=V2I-Base d=10 eps=0 g=4.0 tau=5 seed=48
  [3178/5600] d=10 eps=0 g=4.0 tau=5 algo=V2I-Base    seed=49 | CHR=0.257 AoI=0.743 | run=2696.1s tot=499858s eta=98427m
  [3179/5600] d=10 eps=0 g=4.0 tau=5 algo=V2I-Base    seed=50 | CHR=0.223 AoI=0.777 | run=2697.7s tot=502556s eta=98438m
[HEARTBEAT] 2026-06-08 08:52:48 | 경과=139h 35m 56s | 진행=3179/5600 (56.8%) | 평균=2439.6s/run | ETA=1640h 37m | 최근완료: algo=V2I-Base d=10 eps=0 g=4.0 tau=5 seed=50
  [3180/5600] d=10 eps=0 g=4.0 tau=5 algo=V2I-Base    seed=51 | CHR=0.261 AoI=0.739 | run=2681.2s tot=505237s eta=98444m
  [3181/5600] d=10 eps=0 g=4.0 tau=5 algo=V2V-Base    seed=42 | CHR=0.391 AoI=0.609 | run=6.2s tot=505244s eta=97931m
  [3182/5600] d=10 eps=0 g=4.0 tau=5 algo=V2V-Base    seed=43 | CHR=0.388 AoI=0.612 | run=1.3s tot=505245s eta=97423m
  [3183/5600] d=10 eps=0 g=4.0 tau=5 algo=V2V-Base    seed=44 | CHR=0.856 AoI=0.144 | run=3170.4s tot=508415s eta=97527m
[HEARTBEAT] 2026-06-08 10:30:27 | 경과=141h 13m 35s | 진행=3183/5600 (56.8%) | 평균=2421.0s/run | ETA=1625h 26m | 최근완료: algo=V2V-Base d=10 eps=0 g=4.0 tau=5 seed=44
  [3184/5600] d=10 eps=0 g=4.0 tau=5 algo=V2V-Base    seed=45 | CHR=0.866 AoI=0.134 | run=3135.3s tot=511551s eta=97623m
  [3185/5600] d=10 eps=0 g=4.0 tau=5 algo=V2V-Base    seed=46 | CHR=0.844 AoI=0.156 | run=3183.8s tot=514734s eta=97727m
[HEARTBEAT] 2026-06-08 12:15:46 | 경과=142h 58m 54s | 진행=3185/5600 (56.9%) | 평균=2428.0s/run | ETA=1628h 46m | 최근완료: algo=V2V-Base d=10 eps=0 g=4.0 tau=5 seed=46
  [3186/5600] d=10 eps=0 g=4.0 tau=5 algo=V2V-Base    seed=47 | CHR=0.856 AoI=0.144 | run=3257.6s tot=517992s eta=97843m
  [3187/5600] d=10 eps=0 g=4.0 tau=5 algo=V2V-Base    seed=48 | CHR=0.855 AoI=0.145 | run=3280.7s tot=521273s eta=97962m
[HEARTBEAT] 2026-06-08 14:04:45 | 경과=144h 47m 52s | 진행=3187/5600 (56.9%) | 평균=2435.9s/run | ETA=1632h 41m | 최근완료: algo=V2V-Base d=10 eps=0 g=4.0 tau=5 seed=48
  [3188/5600] d=10 eps=0 g=4.0 tau=5 algo=V2V-Base    seed=49 | CHR=0.858 AoI=0.142 | run=3531.6s tot=524804s eta=98126m
  [3189/5600] d=10 eps=0 g=4.0 tau=5 algo=V2V-Base    seed=50 | CHR=0.853 AoI=0.147 | run=3260.5s tot=528065s eta=98238m
[HEARTBEAT] 2026-06-08 15:57:57 | 경과=146h 41m 04s | 진행=3189/5600 (56.9%) | 평균=2444.7s/run | ETA=1637h 17m | 최근완료: algo=V2V-Base d=10 eps=0 g=4.0 tau=5 seed=50
  [3190/5600] d=10 eps=0 g=4.0 tau=5 algo=V2V-Base    seed=51 | CHR=0.848 AoI=0.152 | run=3165.2s tot=531230s eta=98331m
  [3191/5600] d=10 eps=0 g=4.0 tau=5 algo=Random-K    seed=42 | CHR=0.190 AoI=0.810 | run=6.1s tot=531236s eta=97840m
  [3192/5600] d=10 eps=0 g=4.0 tau=5 algo=Random-K    seed=43 | CHR=0.188 AoI=0.812 | run=1.2s tot=531237s eta=97353m
  [3193/5600] d=10 eps=0 g=4.0 tau=5 algo=Random-K    seed=44 | CHR=0.833 AoI=0.167 | run=3178.9s tot=534416s eta=97450m
[HEARTBEAT] 2026-06-08 17:43:48 | 경과=148h 26m 56s | 진행=3193/5600 (57.0%) | 평균=2429.2s/run | ETA=1624h 09m | 최근완료: algo=Random-K d=10 eps=0 g=4.0 tau=5 seed=44
  [3194/5600] d=10 eps=0 g=4.0 tau=5 algo=Random-K    seed=45 | CHR=0.839 AoI=0.161 | run=3130.4s tot=537547s eta=97537m
  [3195/5600] d=10 eps=0 g=4.0 tau=5 algo=Random-K    seed=46 | CHR=0.822 AoI=0.178 | run=3197.0s tot=540744s eta=97634m
[HEARTBEAT] 2026-06-08 19:29:16 | 경과=150h 12m 23s | 진행=3195/5600 (57.1%) | 평균=2435.8s/run | ETA=1627h 14m | 최근완료: algo=Random-K d=10 eps=0 g=4.0 tau=5 seed=46
  [3196/5600] d=10 eps=0 g=4.0 tau=5 algo=Random-K    seed=47 | CHR=0.828 AoI=0.172 | run=3610.1s tot=544354s eta=97805m
[HEARTBEAT] 2026-06-08 20:29:26 | 경과=151h 12m 33s | 진행=3196/5600 (57.1%) | 평균=2441.0s/run | ETA=1630h 04m | 최근완료: algo=Random-K d=10 eps=0 g=4.0 tau=5 seed=47
