Success.
Success.
Success.
Success.
Success.
Starting Episode 1/5...
 Retrying in 1 seconds
Episode 1 | Reward: -944.62 | Loss: 0.1321 | Epsilon: 0.887
Metrics -> AoI: 258.230, CBR: 0.007, PDR: 84.700
Starting Episode 2/5...
 Retrying in 1 seconds
Episode 2 | Reward: -2182.98 | Loss: 0.0415 | Epsilon: 0.594
Metrics -> AoI: 269.239, CBR: 0.013, PDR: 84.980
Starting Episode 3/5...
 Retrying in 1 seconds
Episode 3 | Reward: -1587.19 | Loss: 0.0487 | Epsilon: 0.325
Metrics -> AoI: 413.038, CBR: 0.008, PDR: 75.830
Starting Episode 4/5...
 Retrying in 1 seconds
Episode 4 | Reward: -2242.32 | Loss: 0.0350 | Epsilon: 0.135
Metrics -> AoI: 617.703, CBR: 0.007, PDR: 82.590
Starting Episode 5/5...
 Retrying in 1 seconds
Episode 5 | Reward: -857.51 | Loss: 0.0265 | Epsilon: 0.050
Metrics -> AoI: 655.651, CBR: 0.006, PDR: 92.110
Training finished, model saved to dueling_dqn.pth
