Success.
Success.
Success.
Success.
Success.
Starting Episode 1/5...
 Retrying in 1 seconds
Episode 1 | Reward: -943.33 | Loss: 0.1246 | Epsilon: 0.887
Metrics -> AoI: 305.012, CBR: 0.007, PDR: 83.590
Starting Episode 2/5...
 Retrying in 1 seconds
Episode 2 | Reward: -2182.86 | Loss: 0.0409 | Epsilon: 0.594
Metrics -> AoI: 220.047, CBR: 0.013, PDR: 87.840
Starting Episode 3/5...
 Retrying in 1 seconds
Episode 3 | Reward: -1570.41 | Loss: 0.0231 | Epsilon: 0.325
Metrics -> AoI: 250.754, CBR: 0.009, PDR: 82.640
Starting Episode 4/5...
 Retrying in 1 seconds
Episode 4 | Reward: -2114.24 | Loss: 0.0267 | Epsilon: 0.135
Metrics -> AoI: 103.203, CBR: 0.020, PDR: 94.630
Starting Episode 5/5...
 Retrying in 1 seconds
Episode 5 | Reward: -835.96 | Loss: 0.0250 | Epsilon: 0.050
Metrics -> AoI: 118.134, CBR: 0.011, PDR: 95.770
Training finished, model saved to moe_dqn.pth
