[I 2026-08-07 15:36:01,279] A new study created in memory with name: no-name-1bc86fbd-236a-4d36-bf8e-67317e7ea869
Success.
Success.
[I 2026-08-07 15:36:04,288] Trial 0 finished with value: -827.3012837664367 and parameters: {'alpha': 0.15375640243474403, 'gamma': 0.8721105386479421, 'epsilon_decay': 0.9595005227424103, 'bin_cbr_global': 4, 'bin_n_neighbors': 4, 'bin_v_norm': 9, 'bin_dt': 5, 'bin_cbr_smoothed': 8}. Best is trial 0 with value: -827.3012837664367.
Success.
Success.
[I 2026-08-07 15:36:07,250] Trial 1 finished with value: -826.6846653499863 and parameters: {'alpha': 0.03461954569801215, 'gamma': 0.9092522192558042, 'epsilon_decay': 0.959275479229133, 'bin_cbr_global': 5, 'bin_n_neighbors': 7, 'bin_v_norm': 7, 'bin_dt': 10, 'bin_cbr_smoothed': 7}. Best is trial 1 with value: -826.6846653499863.
Success.
Success.
[I 2026-08-07 15:36:10,269] Trial 2 finished with value: -828.3129836542387 and parameters: {'alpha': 0.022560176471978624, 'gamma': 0.8461497027466636, 'epsilon_decay': 0.9156785648851827, 'bin_cbr_global': 9, 'bin_n_neighbors': 7, 'bin_v_norm': 8, 'bin_dt': 9, 'bin_cbr_smoothed': 3}. Best is trial 1 with value: -826.6846653499863.
Success.
Success.
Success.
Success.
Success.
Success.
 Retrying in 1 seconds
 Retrying in 1 seconds
 Retrying in 1 seconds
 Retrying in 1 seconds
 Retrying in 1 seconds
 Retrying in 1 seconds
Best Params found: {'alpha': 0.03461954569801215, 'gamma': 0.9092522192558042, 'epsilon_decay': 0.959275479229133, 'bin_cbr_global': 5, 'bin_n_neighbors': 7, 'bin_v_norm': 7, 'bin_dt': 10, 'bin_cbr_smoothed': 7}
Training final model with best params: {'alpha': 0.03461954569801215, 'gamma': 0.9092522192558042, 'epsilon_decay': 0.959275479229133, 'bin_cbr_global': 5, 'bin_n_neighbors': 7, 'bin_v_norm': 7, 'bin_dt': 10, 'bin_cbr_smoothed': 7}
Starting Episode 1/5...
 Retrying in 1 seconds
Episode 1 | Reward: -942.40 | Epsilon: 0.959
Metrics -> AoI: 361.476, CBR: 0.008, PDR: 81.530
Starting Episode 2/5...
 Retrying in 1 seconds
Episode 2 | Reward: -2188.30 | Epsilon: 0.920
Metrics -> AoI: 242.326, CBR: 0.013, PDR: 84.180
Starting Episode 3/5...
 Retrying in 1 seconds
Episode 3 | Reward: -1568.63 | Epsilon: 0.883
Metrics -> AoI: 330.113, CBR: 0.010, PDR: 77.270
Starting Episode 4/5...
 Retrying in 1 seconds
Episode 4 | Reward: -2167.46 | Epsilon: 0.847
Metrics -> AoI: 293.246, CBR: 0.013, PDR: 78.210
Starting Episode 5/5...
 Retrying in 1 seconds
Episode 5 | Reward: -846.95 | Epsilon: 0.812
Metrics -> AoI: 767.053, CBR: 0.009, PDR: 82.260
Running final evaluation...
 Retrying in 1 seconds
Training finished, model saved to qlearning_model.pkl
Final Evaluation Metrics:
AoI: 898.2460
CBR: 0.0033
PDR: 93.0200
