Success.
Success.
Success.
Success.
Success.
Starting Episode 1/5...
 Retrying in 1 seconds
Episode 1 | Reward: -942.59 | Loss: 0.1742 | Epsilon: 0.887
Metrics -> AoI: 313.667, CBR: 0.008, PDR: 80.820
Starting Episode 2/5...
 Retrying in 1 seconds
Episode 2 | Reward: -2182.65 | Loss: 0.0432 | Epsilon: 0.594
Metrics -> AoI: 277.217, CBR: 0.013, PDR: 84.640
Starting Episode 3/5...
 Retrying in 1 seconds
Episode 3 | Reward: -1558.01 | Loss: 0.0563 | Epsilon: 0.325
Metrics -> AoI: 157.734, CBR: 0.011, PDR: 86.300
Starting Episode 4/5...
 Retrying in 1 seconds
Episode 4 | Reward: -2142.97 | Loss: 0.0268 | Epsilon: 0.135
Metrics -> AoI: 960.201, CBR: 0.015, PDR: 40.220
Starting Episode 5/5...
 Retrying in 1 seconds
Episode 5 | Reward: -857.15 | Loss: 0.0294 | Epsilon: 0.050
Metrics -> AoI: 1852.996, CBR: 0.007, PDR: 47.220
Training finished, model saved to resnet_moe_dqn.pth
